Archive member included because of file (symbol)

e:/disk/imt/0-material imtschool/material imtschool/00- tools/01- sdk/imt_sdk_win_64/imt_sdk_win_64/winavr/bin/../lib/gcc/avr/4.3.3/avr5\libgcc.a(_mulsi3.o)
                              ./FreeRTOS/FreeRTOS/Src/integer.o (__mulsi3)
e:/disk/imt/0-material imtschool/material imtschool/00- tools/01- sdk/imt_sdk_win_64/imt_sdk_win_64/winavr/bin/../lib/gcc/avr/4.3.3/avr5\libgcc.a(_udivmodsi4.o)
                              ./src/usart_driver.o (__udivmodsi4)
e:/disk/imt/0-material imtschool/material imtschool/00- tools/01- sdk/imt_sdk_win_64/imt_sdk_win_64/winavr/bin/../lib/gcc/avr/4.3.3/avr5\libgcc.a(_divmodsi4.o)
                              ./FreeRTOS/FreeRTOS/Src/integer.o (__divmodsi4)
e:/disk/imt/0-material imtschool/material imtschool/00- tools/01- sdk/imt_sdk_win_64/imt_sdk_win_64/winavr/bin/../lib/gcc/avr/4.3.3/avr5\libgcc.a(_exit.o)
                              e:/disk/imt/0-material imtschool/material imtschool/00- tools/01- sdk/imt_sdk_win_64/imt_sdk_win_64/winavr/bin/../lib/gcc/avr/4.3.3/../../../../avr/lib/avr5/crtm32.o (exit)
e:/disk/imt/0-material imtschool/material imtschool/00- tools/01- sdk/imt_sdk_win_64/imt_sdk_win_64/winavr/bin/../lib/gcc/avr/4.3.3/avr5\libgcc.a(_copy_data.o)
                              ./FreeRTOS/FreeRTOS/Src/PollQ.o (__do_copy_data)
e:/disk/imt/0-material imtschool/material imtschool/00- tools/01- sdk/imt_sdk_win_64/imt_sdk_win_64/winavr/bin/../lib/gcc/avr/4.3.3/avr5\libgcc.a(_clear_bss.o)
                              ./src/common.o (__do_clear_bss)
e:/disk/imt/0-material imtschool/material imtschool/00- tools/01- sdk/imt_sdk_win_64/imt_sdk_win_64/winavr/bin/../lib/gcc/avr/4.3.3/../../../../avr/lib/avr5\libc.a(atoi.o)
                              ./main.o (atoi)
e:/disk/imt/0-material imtschool/material imtschool/00- tools/01- sdk/imt_sdk_win_64/imt_sdk_win_64/winavr/bin/../lib/gcc/avr/4.3.3/../../../../avr/lib/avr5\libc.a(memcpy.o)
                              ./FreeRTOS/FreeRTOS/Src/queue.o (memcpy)
e:/disk/imt/0-material imtschool/material imtschool/00- tools/01- sdk/imt_sdk_win_64/imt_sdk_win_64/winavr/bin/../lib/gcc/avr/4.3.3/../../../../avr/lib/avr5\libc.a(memset.o)
                              ./main.o (memset)
e:/disk/imt/0-material imtschool/material imtschool/00- tools/01- sdk/imt_sdk_win_64/imt_sdk_win_64/winavr/bin/../lib/gcc/avr/4.3.3/../../../../avr/lib/avr5\libc.a(itoa.o)
                              ./main.o (itoa)
e:/disk/imt/0-material imtschool/material imtschool/00- tools/01- sdk/imt_sdk_win_64/imt_sdk_win_64/winavr/bin/../lib/gcc/avr/4.3.3/../../../../avr/lib/avr5\libc.a(mul10.o)
                              e:/disk/imt/0-material imtschool/material imtschool/00- tools/01- sdk/imt_sdk_win_64/imt_sdk_win_64/winavr/bin/../lib/gcc/avr/4.3.3/../../../../avr/lib/avr5\libc.a(atoi.o) (__mulhi_const_10)
e:/disk/imt/0-material imtschool/material imtschool/00- tools/01- sdk/imt_sdk_win_64/imt_sdk_win_64/winavr/bin/../lib/gcc/avr/4.3.3/../../../../avr/lib/avr5\libc.a(strrev.o)
                              e:/disk/imt/0-material imtschool/material imtschool/00- tools/01- sdk/imt_sdk_win_64/imt_sdk_win_64/winavr/bin/../lib/gcc/avr/4.3.3/../../../../avr/lib/avr5\libc.a(itoa.o) (strrev)
e:/disk/imt/0-material imtschool/material imtschool/00- tools/01- sdk/imt_sdk_win_64/imt_sdk_win_64/winavr/bin/../lib/gcc/avr/4.3.3/avr5\libgcc.a(_udivmodhi4.o)
                              e:/disk/imt/0-material imtschool/material imtschool/00- tools/01- sdk/imt_sdk_win_64/imt_sdk_win_64/winavr/bin/../lib/gcc/avr/4.3.3/../../../../avr/lib/avr5\libc.a(itoa.o) (__udivmodhi4)

Allocating common symbols
Common symbol       size              file

qStudentStruct      0x2               ./main.o

Memory Configuration

Name             Origin             Length             Attributes
text             0x00000000         0x00020000         xr
data             0x00800060         0x0000ffa0         rw !x
eeprom           0x00810000         0x00010000         rw !x
fuse             0x00820000         0x00000400         rw !x
lock             0x00830000         0x00000400         rw !x
signature        0x00840000         0x00000400         rw !x
*default*        0x00000000         0xffffffff

Linker script and memory map

LOAD e:/disk/imt/0-material imtschool/material imtschool/00- tools/01- sdk/imt_sdk_win_64/imt_sdk_win_64/winavr/bin/../lib/gcc/avr/4.3.3/../../../../avr/lib/avr5/crtm32.o
LOAD ./src/DIO_program.o
LOAD ./src/common.o
LOAD ./src/usart_driver.o
LOAD ./FreeRTOS/FreeRTOS/Src/PollQ.o
LOAD ./FreeRTOS/FreeRTOS/Src/croutine.o
LOAD ./FreeRTOS/FreeRTOS/Src/event_groups.o
LOAD ./FreeRTOS/FreeRTOS/Src/heap_1.o
LOAD ./FreeRTOS/FreeRTOS/Src/integer.o
LOAD ./FreeRTOS/FreeRTOS/Src/list.o
LOAD ./FreeRTOS/FreeRTOS/Src/port.o
LOAD ./FreeRTOS/FreeRTOS/Src/queue.o
LOAD ./FreeRTOS/FreeRTOS/Src/tasks.o
LOAD ./main.o
LOAD e:/disk/imt/0-material imtschool/material imtschool/00- tools/01- sdk/imt_sdk_win_64/imt_sdk_win_64/winavr/bin/../lib/gcc/avr/4.3.3/avr5\libgcc.a
LOAD e:/disk/imt/0-material imtschool/material imtschool/00- tools/01- sdk/imt_sdk_win_64/imt_sdk_win_64/winavr/bin/../lib/gcc/avr/4.3.3/../../../../avr/lib/avr5\libc.a
LOAD e:/disk/imt/0-material imtschool/material imtschool/00- tools/01- sdk/imt_sdk_win_64/imt_sdk_win_64/winavr/bin/../lib/gcc/avr/4.3.3/avr5\libgcc.a

.hash
 *(.hash)

.dynsym
 *(.dynsym)

.dynstr
 *(.dynstr)

.gnu.version
 *(.gnu.version)

.gnu.version_d
 *(.gnu.version_d)

.gnu.version_r
 *(.gnu.version_r)

.rel.init
 *(.rel.init)

.rela.init
 *(.rela.init)

.rel.text
 *(.rel.text)
 *(.rel.text.*)
 *(.rel.gnu.linkonce.t*)

.rela.text
 *(.rela.text)
 *(.rela.text.*)
 *(.rela.gnu.linkonce.t*)

.rel.fini
 *(.rel.fini)

.rela.fini
 *(.rela.fini)

.rel.rodata
 *(.rel.rodata)
 *(.rel.rodata.*)
 *(.rel.gnu.linkonce.r*)

.rela.rodata
 *(.rela.rodata)
 *(.rela.rodata.*)
 *(.rela.gnu.linkonce.r*)

.rel.data
 *(.rel.data)
 *(.rel.data.*)
 *(.rel.gnu.linkonce.d*)

.rela.data
 *(.rela.data)
 *(.rela.data.*)
 *(.rela.gnu.linkonce.d*)

.rel.ctors
 *(.rel.ctors)

.rela.ctors
 *(.rela.ctors)

.rel.dtors
 *(.rel.dtors)

.rela.dtors
 *(.rela.dtors)

.rel.got
 *(.rel.got)

.rela.got
 *(.rela.got)

.rel.bss
 *(.rel.bss)

.rela.bss
 *(.rela.bss)

.rel.plt
 *(.rel.plt)

.rela.plt
 *(.rela.plt)

.text           0x00000000     0x48ac
 *(.vectors)
 .vectors       0x00000000       0x54 e:/disk/imt/0-material imtschool/material imtschool/00- tools/01- sdk/imt_sdk_win_64/imt_sdk_win_64/winavr/bin/../lib/gcc/avr/4.3.3/../../../../avr/lib/avr5/crtm32.o
                0x00000000                __vectors
                0x00000000                __vector_default
 *(.vectors)
 *(.progmem.gcc*)
 *(.progmem*)
                0x00000054                . = ALIGN (0x2)
                0x00000054                __trampolines_start = .
 *(.trampolines)
 .trampolines   0x00000054        0x0 linker stubs
 *(.trampolines*)
                0x00000054                __trampolines_end = .
 *(.jumptables)
 *(.jumptables*)
 *(.lowtext)
 *(.lowtext*)
                0x00000054                __ctors_start = .
 *(.ctors)
                0x00000054                __ctors_end = .
                0x00000054                __dtors_start = .
 *(.dtors)
                0x00000054                __dtors_end = .
 SORT(*)(.ctors)
 SORT(*)(.dtors)
 *(.init0)
 .init0         0x00000054        0x0 e:/disk/imt/0-material imtschool/material imtschool/00- tools/01- sdk/imt_sdk_win_64/imt_sdk_win_64/winavr/bin/../lib/gcc/avr/4.3.3/../../../../avr/lib/avr5/crtm32.o
                0x00000054                __init
 *(.init0)
 *(.init1)
 *(.init1)
 *(.init2)
 .init2         0x00000054        0xc e:/disk/imt/0-material imtschool/material imtschool/00- tools/01- sdk/imt_sdk_win_64/imt_sdk_win_64/winavr/bin/../lib/gcc/avr/4.3.3/../../../../avr/lib/avr5/crtm32.o
 *(.init2)
 *(.init3)
 *(.init3)
 *(.init4)
 .init4         0x00000060       0x16 e:/disk/imt/0-material imtschool/material imtschool/00- tools/01- sdk/imt_sdk_win_64/imt_sdk_win_64/winavr/bin/../lib/gcc/avr/4.3.3/avr5\libgcc.a(_copy_data.o)
                0x00000060                __do_copy_data
 .init4         0x00000076       0x10 e:/disk/imt/0-material imtschool/material imtschool/00- tools/01- sdk/imt_sdk_win_64/imt_sdk_win_64/winavr/bin/../lib/gcc/avr/4.3.3/avr5\libgcc.a(_clear_bss.o)
                0x00000076                __do_clear_bss
 *(.init4)
 *(.init5)
 *(.init5)
 *(.init6)
 *(.init6)
 *(.init7)
 *(.init7)
 *(.init8)
 *(.init8)
 *(.init9)
 .init9         0x00000086        0x8 e:/disk/imt/0-material imtschool/material imtschool/00- tools/01- sdk/imt_sdk_win_64/imt_sdk_win_64/winavr/bin/../lib/gcc/avr/4.3.3/../../../../avr/lib/avr5/crtm32.o
 *(.init9)
 *(.text)
 .text          0x0000008e        0x4 e:/disk/imt/0-material imtschool/material imtschool/00- tools/01- sdk/imt_sdk_win_64/imt_sdk_win_64/winavr/bin/../lib/gcc/avr/4.3.3/../../../../avr/lib/avr5/crtm32.o
                0x0000008e                __vector_1
                0x0000008e                __vector_12
                0x0000008e                __bad_interrupt
                0x0000008e                __vector_6
                0x0000008e                __vector_3
                0x0000008e                __vector_11
                0x0000008e                __vector_13
                0x0000008e                __vector_17
                0x0000008e                __vector_19
                0x0000008e                __vector_5
                0x0000008e                __vector_4
                0x0000008e                __vector_9
                0x0000008e                __vector_2
                0x0000008e                __vector_15
                0x0000008e                __vector_8
                0x0000008e                __vector_14
                0x0000008e                __vector_10
                0x0000008e                __vector_16
                0x0000008e                __vector_18
                0x0000008e                __vector_20
 .text          0x00000092        0x0 ./src/DIO_program.o
 .text          0x00000092        0x0 ./src/common.o
 .text          0x00000092        0x0 ./src/usart_driver.o
 .text          0x00000092        0x0 ./FreeRTOS/FreeRTOS/Src/PollQ.o
 .text          0x00000092        0x0 ./FreeRTOS/FreeRTOS/Src/croutine.o
 .text          0x00000092        0x0 ./FreeRTOS/FreeRTOS/Src/event_groups.o
 .text          0x00000092        0x0 ./FreeRTOS/FreeRTOS/Src/heap_1.o
 .text          0x00000092        0x0 ./FreeRTOS/FreeRTOS/Src/integer.o
 .text          0x00000092        0x0 ./FreeRTOS/FreeRTOS/Src/list.o
 .text          0x00000092        0x0 ./FreeRTOS/FreeRTOS/Src/port.o
 .text          0x00000092        0x0 ./FreeRTOS/FreeRTOS/Src/queue.o
 .text          0x00000092        0x0 ./FreeRTOS/FreeRTOS/Src/tasks.o
 .text          0x00000092        0x0 ./main.o
 .text          0x00000092        0x0 e:/disk/imt/0-material imtschool/material imtschool/00- tools/01- sdk/imt_sdk_win_64/imt_sdk_win_64/winavr/bin/../lib/gcc/avr/4.3.3/avr5\libgcc.a(_mulsi3.o)
 .text          0x00000092        0x0 e:/disk/imt/0-material imtschool/material imtschool/00- tools/01- sdk/imt_sdk_win_64/imt_sdk_win_64/winavr/bin/../lib/gcc/avr/4.3.3/avr5\libgcc.a(_udivmodsi4.o)
 .text          0x00000092        0x0 e:/disk/imt/0-material imtschool/material imtschool/00- tools/01- sdk/imt_sdk_win_64/imt_sdk_win_64/winavr/bin/../lib/gcc/avr/4.3.3/avr5\libgcc.a(_divmodsi4.o)
 .text          0x00000092        0x0 e:/disk/imt/0-material imtschool/material imtschool/00- tools/01- sdk/imt_sdk_win_64/imt_sdk_win_64/winavr/bin/../lib/gcc/avr/4.3.3/avr5\libgcc.a(_exit.o)
 .text          0x00000092        0x0 e:/disk/imt/0-material imtschool/material imtschool/00- tools/01- sdk/imt_sdk_win_64/imt_sdk_win_64/winavr/bin/../lib/gcc/avr/4.3.3/avr5\libgcc.a(_copy_data.o)
 .text          0x00000092        0x0 e:/disk/imt/0-material imtschool/material imtschool/00- tools/01- sdk/imt_sdk_win_64/imt_sdk_win_64/winavr/bin/../lib/gcc/avr/4.3.3/avr5\libgcc.a(_clear_bss.o)
 .text          0x00000092        0x0 e:/disk/imt/0-material imtschool/material imtschool/00- tools/01- sdk/imt_sdk_win_64/imt_sdk_win_64/winavr/bin/../lib/gcc/avr/4.3.3/../../../../avr/lib/avr5\libc.a(atoi.o)
 .text          0x00000092        0x0 e:/disk/imt/0-material imtschool/material imtschool/00- tools/01- sdk/imt_sdk_win_64/imt_sdk_win_64/winavr/bin/../lib/gcc/avr/4.3.3/../../../../avr/lib/avr5\libc.a(memcpy.o)
 .text          0x00000092        0x0 e:/disk/imt/0-material imtschool/material imtschool/00- tools/01- sdk/imt_sdk_win_64/imt_sdk_win_64/winavr/bin/../lib/gcc/avr/4.3.3/../../../../avr/lib/avr5\libc.a(memset.o)
 .text          0x00000092        0x0 e:/disk/imt/0-material imtschool/material imtschool/00- tools/01- sdk/imt_sdk_win_64/imt_sdk_win_64/winavr/bin/../lib/gcc/avr/4.3.3/../../../../avr/lib/avr5\libc.a(itoa.o)
 .text          0x00000092        0x0 e:/disk/imt/0-material imtschool/material imtschool/00- tools/01- sdk/imt_sdk_win_64/imt_sdk_win_64/winavr/bin/../lib/gcc/avr/4.3.3/../../../../avr/lib/avr5\libc.a(mul10.o)
 .text          0x00000092        0x0 e:/disk/imt/0-material imtschool/material imtschool/00- tools/01- sdk/imt_sdk_win_64/imt_sdk_win_64/winavr/bin/../lib/gcc/avr/4.3.3/../../../../avr/lib/avr5\libc.a(strrev.o)
 .text          0x00000092        0x0 e:/disk/imt/0-material imtschool/material imtschool/00- tools/01- sdk/imt_sdk_win_64/imt_sdk_win_64/winavr/bin/../lib/gcc/avr/4.3.3/avr5\libgcc.a(_udivmodhi4.o)
                0x00000092                . = ALIGN (0x2)
 *(.text.*)
 .text.DIO_voidSetPinValue
                0x00000092      0x210 ./src/DIO_program.o
                0x00000092                DIO_voidSetPinValue
 .text.DIO_u8GetPinValue
                0x000002a2      0x108 ./src/DIO_program.o
                0x000002a2                DIO_u8GetPinValue
 .text.DIO_voidSetPinDirection
                0x000003aa      0x210 ./src/DIO_program.o
                0x000003aa                DIO_voidSetPinDirection
 .text.DIO_voidSetPortDirection
                0x000005ba       0x82 ./src/DIO_program.o
                0x000005ba                DIO_voidSetPortDirection
 .text.DIO_voidSetPortValue
                0x0000063c       0x82 ./src/DIO_program.o
                0x0000063c                DIO_voidSetPortValue
 .text.delay_eNonBlocking_ms
                0x000006be       0x94 ./src/common.o
                0x000006be                delay_eNonBlocking_ms
 .text.usart_init
                0x00000752       0x8c ./src/usart_driver.o
                0x00000752                usart_init
 .text.usart_getc
                0x000007de       0x1e ./src/usart_driver.o
                0x000007de                usart_getc
 .text.usart_getc_NonBlocking
                0x000007fc       0x3c ./src/usart_driver.o
                0x000007fc                usart_getc_NonBlocking
 .text.usart_putc
                0x00000838       0x2e ./src/usart_driver.o
                0x00000838                usart_putc
 .text.usart_puts
                0x00000866       0x56 ./src/usart_driver.o
                0x00000866                usart_puts
 .text.vStartPolledQueueTasks
                0x000008bc       0x8e ./FreeRTOS/FreeRTOS/Src/PollQ.o
                0x000008bc                vStartPolledQueueTasks
 .text.vPolledQueueProducer
                0x0000094a       0x7a ./FreeRTOS/FreeRTOS/Src/PollQ.o
 .text.vPolledQueueConsumer
                0x000009c4       0x98 ./FreeRTOS/FreeRTOS/Src/PollQ.o
 .text.xArePollingQueuesStillRunning
                0x00000a5c       0x34 ./FreeRTOS/FreeRTOS/Src/PollQ.o
                0x00000a5c                xArePollingQueuesStillRunning
 .text.xCoRoutineCreate
                0x00000a90      0x128 ./FreeRTOS/FreeRTOS/Src/croutine.o
                0x00000a90                xCoRoutineCreate
 .text.vCoRoutineAddToDelayedList
                0x00000bb8       0xc2 ./FreeRTOS/FreeRTOS/Src/croutine.o
                0x00000bb8                vCoRoutineAddToDelayedList
 .text.prvCheckPendingReadyList
                0x00000c7a       0x94 ./FreeRTOS/FreeRTOS/Src/croutine.o
 .text.prvCheckDelayedList
                0x00000d0e      0x15c ./FreeRTOS/FreeRTOS/Src/croutine.o
 .text.vCoRoutineSchedule
                0x00000e6a       0xf4 ./FreeRTOS/FreeRTOS/Src/croutine.o
                0x00000e6a                vCoRoutineSchedule
 .text.prvInitialiseCoRoutineLists
                0x00000f5e       0x72 ./FreeRTOS/FreeRTOS/Src/croutine.o
 .text.xCoRoutineRemoveFromEventList
                0x00000fd0       0x70 ./FreeRTOS/FreeRTOS/Src/croutine.o
                0x00000fd0                xCoRoutineRemoveFromEventList
 .text.xEventGroupCreate
                0x00001040       0x3e ./FreeRTOS/FreeRTOS/Src/event_groups.o
                0x00001040                xEventGroupCreate
 .text.xEventGroupSync
                0x0000107e      0x16e ./FreeRTOS/FreeRTOS/Src/event_groups.o
                0x0000107e                xEventGroupSync
 .text.xEventGroupWaitBits
                0x000011ec      0x186 ./FreeRTOS/FreeRTOS/Src/event_groups.o
                0x000011ec                xEventGroupWaitBits
 .text.xEventGroupClearBits
                0x00001372       0x6c ./FreeRTOS/FreeRTOS/Src/event_groups.o
                0x00001372                xEventGroupClearBits
 .text.xEventGroupGetBitsFromISR
                0x000013de       0x44 ./FreeRTOS/FreeRTOS/Src/event_groups.o
                0x000013de                xEventGroupGetBitsFromISR
 .text.xEventGroupSetBits
                0x00001422      0x164 ./FreeRTOS/FreeRTOS/Src/event_groups.o
                0x00001422                xEventGroupSetBits
 .text.vEventGroupDelete
                0x00001586       0x62 ./FreeRTOS/FreeRTOS/Src/event_groups.o
                0x00001586                vEventGroupDelete
 .text.vEventGroupSetBitsCallback
                0x000015e8       0x3a ./FreeRTOS/FreeRTOS/Src/event_groups.o
                0x000015e8                vEventGroupSetBitsCallback
 .text.vEventGroupClearBitsCallback
                0x00001622       0x3a ./FreeRTOS/FreeRTOS/Src/event_groups.o
                0x00001622                vEventGroupClearBitsCallback
 .text.prvTestWaitCondition
                0x0000165c       0x64 ./FreeRTOS/FreeRTOS/Src/event_groups.o
 .text.pvPortMalloc
                0x000016c0       0xac ./FreeRTOS/FreeRTOS/Src/heap_1.o
                0x000016c0                pvPortMalloc
 .text.vPortFree
                0x0000176c       0x18 ./FreeRTOS/FreeRTOS/Src/heap_1.o
                0x0000176c                vPortFree
 .text.vPortInitialiseBlocks
                0x00001784       0x16 ./FreeRTOS/FreeRTOS/Src/heap_1.o
                0x00001784                vPortInitialiseBlocks
 .text.xPortGetFreeHeapSize
                0x0000179a       0x1e ./FreeRTOS/FreeRTOS/Src/heap_1.o
                0x0000179a                xPortGetFreeHeapSize
 .text.vStartIntegerMathTasks
                0x000017b8       0x7c ./FreeRTOS/FreeRTOS/Src/integer.o
                0x000017b8                vStartIntegerMathTasks
 .text.vCompeteingIntMathTask
                0x00001834       0xd2 ./FreeRTOS/FreeRTOS/Src/integer.o
 .text.xAreIntegerMathsTaskStillRunning
                0x00001906       0x56 ./FreeRTOS/FreeRTOS/Src/integer.o
                0x00001906                xAreIntegerMathsTaskStillRunning
 .text.vListInitialise
                0x0000195c       0x54 ./FreeRTOS/FreeRTOS/Src/list.o
                0x0000195c                vListInitialise
 .text.vListInitialiseItem
                0x000019b0       0x20 ./FreeRTOS/FreeRTOS/Src/list.o
                0x000019b0                vListInitialiseItem
 .text.vListInsertEnd
                0x000019d0       0x88 ./FreeRTOS/FreeRTOS/Src/list.o
                0x000019d0                vListInsertEnd
 .text.vListInsert
                0x00001a58       0xd8 ./FreeRTOS/FreeRTOS/Src/list.o
                0x00001a58                vListInsert
 .text.uxListRemove
                0x00001b30       0x98 ./FreeRTOS/FreeRTOS/Src/list.o
                0x00001b30                uxListRemove
 .text.pxPortInitialiseStack
                0x00001bc8      0x306 ./FreeRTOS/FreeRTOS/Src/port.o
                0x00001bc8                pxPortInitialiseStack
 .text.xPortStartScheduler
                0x00001ece       0x6a ./FreeRTOS/FreeRTOS/Src/port.o
                0x00001ece                xPortStartScheduler
 .text.vPortEndScheduler
                0x00001f38        0xe ./FreeRTOS/FreeRTOS/Src/port.o
                0x00001f38                vPortEndScheduler
 .text.vPortYield
                0x00001f46       0xb2 ./FreeRTOS/FreeRTOS/Src/port.o
                0x00001f46                vPortYield
 .text.vPortYieldFromTick
                0x00001ff8       0xba ./FreeRTOS/FreeRTOS/Src/port.o
                0x00001ff8                vPortYieldFromTick
 .text.prvSetupTimerInterrupt
                0x000020b2       0xb8 ./FreeRTOS/FreeRTOS/Src/port.o
 .text.__vector_7
                0x0000216a        0x6 ./FreeRTOS/FreeRTOS/Src/port.o
                0x0000216a                __vector_7
 .text.xQueueGenericReset
                0x00002170      0x10c ./FreeRTOS/FreeRTOS/Src/queue.o
                0x00002170                xQueueGenericReset
 .text.xQueueGenericCreate
                0x0000227c       0xba ./FreeRTOS/FreeRTOS/Src/queue.o
                0x0000227c                xQueueGenericCreate
 .text.xQueueCreateMutex
                0x00002336       0x9c ./FreeRTOS/FreeRTOS/Src/queue.o
                0x00002336                xQueueCreateMutex
 .text.xQueueCreateCountingSemaphore
                0x000023d2       0x40 ./FreeRTOS/FreeRTOS/Src/queue.o
                0x000023d2                xQueueCreateCountingSemaphore
 .text.xQueueGenericSend
                0x00002412      0x158 ./FreeRTOS/FreeRTOS/Src/queue.o
                0x00002412                xQueueGenericSend
 .text.xQueueGenericSendFromISR
                0x0000256a       0xc4 ./FreeRTOS/FreeRTOS/Src/queue.o
                0x0000256a                xQueueGenericSendFromISR
 .text.xQueueGenericReceive
                0x0000262e      0x1c2 ./FreeRTOS/FreeRTOS/Src/queue.o
                0x0000262e                xQueueGenericReceive
 .text.xQueueReceiveFromISR
                0x000027f0       0xae ./FreeRTOS/FreeRTOS/Src/queue.o
                0x000027f0                xQueueReceiveFromISR
 .text.xQueuePeekFromISR
                0x0000289e       0x72 ./FreeRTOS/FreeRTOS/Src/queue.o
                0x0000289e                xQueuePeekFromISR
 .text.uxQueueMessagesWaiting
                0x00002910       0x30 ./FreeRTOS/FreeRTOS/Src/queue.o
                0x00002910                uxQueueMessagesWaiting
 .text.uxQueueSpacesAvailable
                0x00002940       0x4a ./FreeRTOS/FreeRTOS/Src/queue.o
                0x00002940                uxQueueSpacesAvailable
 .text.uxQueueMessagesWaitingFromISR
                0x0000298a       0x26 ./FreeRTOS/FreeRTOS/Src/queue.o
                0x0000298a                uxQueueMessagesWaitingFromISR
 .text.vQueueDelete
                0x000029b0       0x46 ./FreeRTOS/FreeRTOS/Src/queue.o
                0x000029b0                vQueueDelete
 .text.prvCopyDataToQueue
                0x000029f6      0x172 ./FreeRTOS/FreeRTOS/Src/queue.o
 .text.prvCopyDataFromQueue
                0x00002b68       0x8e ./FreeRTOS/FreeRTOS/Src/queue.o
 .text.prvUnlockQueue
                0x00002bf6       0xa8 ./FreeRTOS/FreeRTOS/Src/queue.o
 .text.prvIsQueueEmpty
                0x00002c9e       0x3a ./FreeRTOS/FreeRTOS/Src/queue.o
 .text.xQueueIsQueueEmptyFromISR
                0x00002cd8       0x30 ./FreeRTOS/FreeRTOS/Src/queue.o
                0x00002cd8                xQueueIsQueueEmptyFromISR
 .text.prvIsQueueFull
                0x00002d08       0x40 ./FreeRTOS/FreeRTOS/Src/queue.o
 .text.xQueueIsQueueFullFromISR
                0x00002d48       0x36 ./FreeRTOS/FreeRTOS/Src/queue.o
                0x00002d48                xQueueIsQueueFullFromISR
 .text.xQueueCRSend
                0x00002d7e       0xc2 ./FreeRTOS/FreeRTOS/Src/queue.o
                0x00002d7e                xQueueCRSend
 .text.xQueueCRReceive
                0x00002e40      0x11c ./FreeRTOS/FreeRTOS/Src/queue.o
                0x00002e40                xQueueCRReceive
 .text.xQueueCRSendFromISR
                0x00002f5c       0x82 ./FreeRTOS/FreeRTOS/Src/queue.o
                0x00002f5c                xQueueCRSendFromISR
 .text.xQueueCRReceiveFromISR
                0x00002fde       0xea ./FreeRTOS/FreeRTOS/Src/queue.o
                0x00002fde                xQueueCRReceiveFromISR
 .text.xTaskGenericCreate
                0x000030c8      0x1c2 ./FreeRTOS/FreeRTOS/Src/tasks.o
                0x000030c8                xTaskGenericCreate
 .text.vTaskDelete
                0x0000328a       0xca ./FreeRTOS/FreeRTOS/Src/tasks.o
                0x0000328a                vTaskDelete
 .text.vTaskDelayUntil
                0x00003354       0xe8 ./FreeRTOS/FreeRTOS/Src/tasks.o
                0x00003354                vTaskDelayUntil
 .text.vTaskDelay
                0x0000343c       0x6a ./FreeRTOS/FreeRTOS/Src/tasks.o
                0x0000343c                vTaskDelay
 .text.uxTaskPriorityGet
                0x000034a6       0x64 ./FreeRTOS/FreeRTOS/Src/tasks.o
                0x000034a6                uxTaskPriorityGet
 .text.vTaskStartScheduler
                0x0000350a       0x6e ./FreeRTOS/FreeRTOS/Src/tasks.o
                0x0000350a                vTaskStartScheduler
 .text.vTaskEndScheduler
                0x00003578       0x18 ./FreeRTOS/FreeRTOS/Src/tasks.o
                0x00003578                vTaskEndScheduler
 .text.vTaskSuspendAll
                0x00003590       0x18 ./FreeRTOS/FreeRTOS/Src/tasks.o
                0x00003590                vTaskSuspendAll
 .text.xTaskResumeAll
                0x000035a8      0x114 ./FreeRTOS/FreeRTOS/Src/tasks.o
                0x000035a8                xTaskResumeAll
 .text.xTaskGetTickCount
                0x000036bc       0x2e ./FreeRTOS/FreeRTOS/Src/tasks.o
                0x000036bc                xTaskGetTickCount
 .text.xTaskGetTickCountFromISR
                0x000036ea       0x2a ./FreeRTOS/FreeRTOS/Src/tasks.o
                0x000036ea                xTaskGetTickCountFromISR
 .text.uxTaskGetNumberOfTasks
                0x00003714       0x12 ./FreeRTOS/FreeRTOS/Src/tasks.o
                0x00003714                uxTaskGetNumberOfTasks
 .text.xTaskIncrementTick
                0x00003726      0x1ce ./FreeRTOS/FreeRTOS/Src/tasks.o
                0x00003726                xTaskIncrementTick
 .text.vTaskSwitchContext
                0x000038f4       0xd2 ./FreeRTOS/FreeRTOS/Src/tasks.o
                0x000038f4                vTaskSwitchContext
 .text.vTaskPlaceOnEventList
                0x000039c6       0x6a ./FreeRTOS/FreeRTOS/Src/tasks.o
                0x000039c6                vTaskPlaceOnEventList
 .text.vTaskPlaceOnUnorderedEventList
                0x00003a30       0x86 ./FreeRTOS/FreeRTOS/Src/tasks.o
                0x00003a30                vTaskPlaceOnUnorderedEventList
 .text.xTaskRemoveFromEventList
                0x00003ab6       0xd6 ./FreeRTOS/FreeRTOS/Src/tasks.o
                0x00003ab6                xTaskRemoveFromEventList
 .text.xTaskRemoveFromUnorderedEventList
                0x00003b8c       0xca ./FreeRTOS/FreeRTOS/Src/tasks.o
                0x00003b8c                xTaskRemoveFromUnorderedEventList
 .text.vTaskSetTimeOutState
                0x00003c56       0x32 ./FreeRTOS/FreeRTOS/Src/tasks.o
                0x00003c56                vTaskSetTimeOutState
 .text.xTaskCheckForTimeOut
                0x00003c88       0xc6 ./FreeRTOS/FreeRTOS/Src/tasks.o
                0x00003c88                xTaskCheckForTimeOut
 .text.vTaskMissedYield
                0x00003d4e       0x14 ./FreeRTOS/FreeRTOS/Src/tasks.o
                0x00003d4e                vTaskMissedYield
 .text.prvIdleTask
                0x00003d62       0x20 ./FreeRTOS/FreeRTOS/Src/tasks.o
 .text.prvInitialiseTCBVariables
                0x00003d82       0xf4 ./FreeRTOS/FreeRTOS/Src/tasks.o
 .text.prvInitialiseTaskLists
                0x00003e76       0x7a ./FreeRTOS/FreeRTOS/Src/tasks.o
 .text.prvCheckTasksWaitingTermination
                0x00003ef0       0x7e ./FreeRTOS/FreeRTOS/Src/tasks.o
 .text.prvAddCurrentTaskToDelayedList
                0x00003f6e       0x92 ./FreeRTOS/FreeRTOS/Src/tasks.o
 .text.prvAllocateTCBAndStack
                0x00004000       0x88 ./FreeRTOS/FreeRTOS/Src/tasks.o
 .text.prvDeleteTCB
                0x00004088       0x2c ./FreeRTOS/FreeRTOS/Src/tasks.o
 .text.prvResetNextTaskUnblockTime
                0x000040b4       0x56 ./FreeRTOS/FreeRTOS/Src/tasks.o
 .text.xTaskGetCurrentTaskHandle
                0x0000410a       0x24 ./FreeRTOS/FreeRTOS/Src/tasks.o
                0x0000410a                xTaskGetCurrentTaskHandle
 .text.vTaskPriorityInherit
                0x0000412e      0x116 ./FreeRTOS/FreeRTOS/Src/tasks.o
                0x0000412e                vTaskPriorityInherit
 .text.xTaskPriorityDisinherit
                0x00004244       0xe4 ./FreeRTOS/FreeRTOS/Src/tasks.o
                0x00004244                xTaskPriorityDisinherit
 .text.uxTaskResetEventItemValue
                0x00004328       0x4e ./FreeRTOS/FreeRTOS/Src/tasks.o
                0x00004328                uxTaskResetEventItemValue
 .text.pvTaskIncrementMutexHeldCount
                0x00004376       0x30 ./FreeRTOS/FreeRTOS/Src/tasks.o
                0x00004376                pvTaskIncrementMutexHeldCount
 .text.main     0x000043a6       0xae ./main.o
                0x000043a6                main
 .text.T_UserInput
                0x00004454      0x10e ./main.o
                0x00004454                T_UserInput
 .text.T_UserOutput
                0x00004562      0x144 ./main.o
                0x00004562                T_UserOutput
 .text.T_SystemIndication
                0x000046a6       0x26 ./main.o
                0x000046a6                T_SystemIndication
 .text.system_init
                0x000046cc       0x2e ./main.o
                0x000046cc                system_init
 .text.libgcc   0x000046fa       0x3e e:/disk/imt/0-material imtschool/material imtschool/00- tools/01- sdk/imt_sdk_win_64/imt_sdk_win_64/winavr/bin/../lib/gcc/avr/4.3.3/avr5\libgcc.a(_mulsi3.o)
                0x000046fa                __mulsi3
 .text.libgcc   0x00004738       0x44 e:/disk/imt/0-material imtschool/material imtschool/00- tools/01- sdk/imt_sdk_win_64/imt_sdk_win_64/winavr/bin/../lib/gcc/avr/4.3.3/avr5\libgcc.a(_udivmodsi4.o)
                0x00004738                __udivmodsi4
 .text.libgcc   0x0000477c       0x36 e:/disk/imt/0-material imtschool/material imtschool/00- tools/01- sdk/imt_sdk_win_64/imt_sdk_win_64/winavr/bin/../lib/gcc/avr/4.3.3/avr5\libgcc.a(_divmodsi4.o)
                0x0000477c                __divmodsi4
 .text.libgcc   0x000047b2        0x0 e:/disk/imt/0-material imtschool/material imtschool/00- tools/01- sdk/imt_sdk_win_64/imt_sdk_win_64/winavr/bin/../lib/gcc/avr/4.3.3/avr5\libgcc.a(_exit.o)
 .text.libgcc   0x000047b2        0x0 e:/disk/imt/0-material imtschool/material imtschool/00- tools/01- sdk/imt_sdk_win_64/imt_sdk_win_64/winavr/bin/../lib/gcc/avr/4.3.3/avr5\libgcc.a(_copy_data.o)
 .text.libgcc   0x000047b2        0x0 e:/disk/imt/0-material imtschool/material imtschool/00- tools/01- sdk/imt_sdk_win_64/imt_sdk_win_64/winavr/bin/../lib/gcc/avr/4.3.3/avr5\libgcc.a(_clear_bss.o)
 .text.avr-libc
                0x000047b2       0x3c e:/disk/imt/0-material imtschool/material imtschool/00- tools/01- sdk/imt_sdk_win_64/imt_sdk_win_64/winavr/bin/../lib/gcc/avr/4.3.3/../../../../avr/lib/avr5\libc.a(atoi.o)
                0x000047b2                atoi
 .text.avr-libc
                0x000047ee       0x12 e:/disk/imt/0-material imtschool/material imtschool/00- tools/01- sdk/imt_sdk_win_64/imt_sdk_win_64/winavr/bin/../lib/gcc/avr/4.3.3/../../../../avr/lib/avr5\libc.a(memcpy.o)
                0x000047ee                memcpy
 .text.avr-libc
                0x00004800        0xe e:/disk/imt/0-material imtschool/material imtschool/00- tools/01- sdk/imt_sdk_win_64/imt_sdk_win_64/winavr/bin/../lib/gcc/avr/4.3.3/../../../../avr/lib/avr5\libc.a(memset.o)
                0x00004800                memset
 .text.avr-libc
                0x0000480e       0x42 e:/disk/imt/0-material imtschool/material imtschool/00- tools/01- sdk/imt_sdk_win_64/imt_sdk_win_64/winavr/bin/../lib/gcc/avr/4.3.3/../../../../avr/lib/avr5\libc.a(itoa.o)
                0x0000480e                itoa
 .text.avr-libc
                0x00004850       0x10 e:/disk/imt/0-material imtschool/material imtschool/00- tools/01- sdk/imt_sdk_win_64/imt_sdk_win_64/winavr/bin/../lib/gcc/avr/4.3.3/../../../../avr/lib/avr5\libc.a(mul10.o)
                0x00004850                __mulhi_const_10
 .text.avr-libc
                0x00004860       0x20 e:/disk/imt/0-material imtschool/material imtschool/00- tools/01- sdk/imt_sdk_win_64/imt_sdk_win_64/winavr/bin/../lib/gcc/avr/4.3.3/../../../../avr/lib/avr5\libc.a(strrev.o)
                0x00004860                strrev
 .text.libgcc   0x00004880       0x28 e:/disk/imt/0-material imtschool/material imtschool/00- tools/01- sdk/imt_sdk_win_64/imt_sdk_win_64/winavr/bin/../lib/gcc/avr/4.3.3/avr5\libgcc.a(_udivmodhi4.o)
                0x00004880                __udivmodhi4
                0x000048a8                . = ALIGN (0x2)
 *(.fini9)
 .fini9         0x000048a8        0x0 e:/disk/imt/0-material imtschool/material imtschool/00- tools/01- sdk/imt_sdk_win_64/imt_sdk_win_64/winavr/bin/../lib/gcc/avr/4.3.3/avr5\libgcc.a(_exit.o)
                0x000048a8                exit
                0x000048a8                _exit
 *(.fini9)
 *(.fini8)
 *(.fini8)
 *(.fini7)
 *(.fini7)
 *(.fini6)
 *(.fini6)
 *(.fini5)
 *(.fini5)
 *(.fini4)
 *(.fini4)
 *(.fini3)
 *(.fini3)
 *(.fini2)
 *(.fini2)
 *(.fini1)
 *(.fini1)
 *(.fini0)
 .fini0         0x000048a8        0x4 e:/disk/imt/0-material imtschool/material imtschool/00- tools/01- sdk/imt_sdk_win_64/imt_sdk_win_64/winavr/bin/../lib/gcc/avr/4.3.3/avr5\libgcc.a(_exit.o)
 *(.fini0)
                0x000048ac                _etext = .

.data           0x00800060       0x58 load address 0x000048ac
                0x00800060                PROVIDE (__data_start, .)
 *(.data)
 .data          0x00800060        0x0 e:/disk/imt/0-material imtschool/material imtschool/00- tools/01- sdk/imt_sdk_win_64/imt_sdk_win_64/winavr/bin/../lib/gcc/avr/4.3.3/../../../../avr/lib/avr5/crtm32.o
 .data          0x00800060        0x0 ./src/DIO_program.o
 .data          0x00800060        0x0 ./src/common.o
 .data          0x00800060        0x0 ./src/usart_driver.o
 .data          0x00800060       0x10 ./FreeRTOS/FreeRTOS/Src/PollQ.o
 .data          0x00800070        0x0 ./FreeRTOS/FreeRTOS/Src/croutine.o
 .data          0x00800070        0x0 ./FreeRTOS/FreeRTOS/Src/event_groups.o
 .data          0x00800070        0x0 ./FreeRTOS/FreeRTOS/Src/heap_1.o
 .data          0x00800070        0x8 ./FreeRTOS/FreeRTOS/Src/integer.o
 .data          0x00800078        0x0 ./FreeRTOS/FreeRTOS/Src/list.o
 .data          0x00800078        0x0 ./FreeRTOS/FreeRTOS/Src/port.o
 .data          0x00800078        0x0 ./FreeRTOS/FreeRTOS/Src/queue.o
 .data          0x00800078        0x5 ./FreeRTOS/FreeRTOS/Src/tasks.o
 .data          0x0080007d       0x38 ./main.o
 .data          0x008000b5        0x0 e:/disk/imt/0-material imtschool/material imtschool/00- tools/01- sdk/imt_sdk_win_64/imt_sdk_win_64/winavr/bin/../lib/gcc/avr/4.3.3/avr5\libgcc.a(_mulsi3.o)
 .data          0x008000b5        0x0 e:/disk/imt/0-material imtschool/material imtschool/00- tools/01- sdk/imt_sdk_win_64/imt_sdk_win_64/winavr/bin/../lib/gcc/avr/4.3.3/avr5\libgcc.a(_udivmodsi4.o)
 .data          0x008000b5        0x0 e:/disk/imt/0-material imtschool/material imtschool/00- tools/01- sdk/imt_sdk_win_64/imt_sdk_win_64/winavr/bin/../lib/gcc/avr/4.3.3/avr5\libgcc.a(_divmodsi4.o)
 .data          0x008000b5        0x0 e:/disk/imt/0-material imtschool/material imtschool/00- tools/01- sdk/imt_sdk_win_64/imt_sdk_win_64/winavr/bin/../lib/gcc/avr/4.3.3/avr5\libgcc.a(_exit.o)
 .data          0x008000b5        0x0 e:/disk/imt/0-material imtschool/material imtschool/00- tools/01- sdk/imt_sdk_win_64/imt_sdk_win_64/winavr/bin/../lib/gcc/avr/4.3.3/avr5\libgcc.a(_copy_data.o)
 .data          0x008000b5        0x0 e:/disk/imt/0-material imtschool/material imtschool/00- tools/01- sdk/imt_sdk_win_64/imt_sdk_win_64/winavr/bin/../lib/gcc/avr/4.3.3/avr5\libgcc.a(_clear_bss.o)
 .data          0x008000b5        0x0 e:/disk/imt/0-material imtschool/material imtschool/00- tools/01- sdk/imt_sdk_win_64/imt_sdk_win_64/winavr/bin/../lib/gcc/avr/4.3.3/../../../../avr/lib/avr5\libc.a(atoi.o)
 .data          0x008000b5        0x0 e:/disk/imt/0-material imtschool/material imtschool/00- tools/01- sdk/imt_sdk_win_64/imt_sdk_win_64/winavr/bin/../lib/gcc/avr/4.3.3/../../../../avr/lib/avr5\libc.a(memcpy.o)
 .data          0x008000b5        0x0 e:/disk/imt/0-material imtschool/material imtschool/00- tools/01- sdk/imt_sdk_win_64/imt_sdk_win_64/winavr/bin/../lib/gcc/avr/4.3.3/../../../../avr/lib/avr5\libc.a(memset.o)
 .data          0x008000b5        0x0 e:/disk/imt/0-material imtschool/material imtschool/00- tools/01- sdk/imt_sdk_win_64/imt_sdk_win_64/winavr/bin/../lib/gcc/avr/4.3.3/../../../../avr/lib/avr5\libc.a(itoa.o)
 .data          0x008000b5        0x0 e:/disk/imt/0-material imtschool/material imtschool/00- tools/01- sdk/imt_sdk_win_64/imt_sdk_win_64/winavr/bin/../lib/gcc/avr/4.3.3/../../../../avr/lib/avr5\libc.a(mul10.o)
 .data          0x008000b5        0x0 e:/disk/imt/0-material imtschool/material imtschool/00- tools/01- sdk/imt_sdk_win_64/imt_sdk_win_64/winavr/bin/../lib/gcc/avr/4.3.3/../../../../avr/lib/avr5\libc.a(strrev.o)
 .data          0x008000b5        0x0 e:/disk/imt/0-material imtschool/material imtschool/00- tools/01- sdk/imt_sdk_win_64/imt_sdk_win_64/winavr/bin/../lib/gcc/avr/4.3.3/avr5\libgcc.a(_udivmodhi4.o)
 *(.data*)
 .data.xNextTaskUnblockTime
                0x008000b5        0x2 ./FreeRTOS/FreeRTOS/Src/tasks.o
 *(.rodata)
 *(.rodata*)
 *(.gnu.linkonce.d*)
                0x008000b8                . = ALIGN (0x2)
 *fill*         0x008000b7        0x1 00
                0x008000b8                _edata = .
                0x008000b8                PROVIDE (__data_end, .)

.bss            0x008000b8      0x680
                0x008000b8                PROVIDE (__bss_start, .)
 *(.bss)
 .bss           0x008000b8        0x0 e:/disk/imt/0-material imtschool/material imtschool/00- tools/01- sdk/imt_sdk_win_64/imt_sdk_win_64/winavr/bin/../lib/gcc/avr/4.3.3/../../../../avr/lib/avr5/crtm32.o
 .bss           0x008000b8        0x0 ./src/DIO_program.o
 .bss           0x008000b8        0x0 ./src/common.o
 .bss           0x008000b8        0x0 ./src/usart_driver.o
 .bss           0x008000b8        0x0 ./FreeRTOS/FreeRTOS/Src/PollQ.o
 .bss           0x008000b8        0x0 ./FreeRTOS/FreeRTOS/Src/croutine.o
 .bss           0x008000b8        0x0 ./FreeRTOS/FreeRTOS/Src/event_groups.o
 .bss           0x008000b8        0x0 ./FreeRTOS/FreeRTOS/Src/heap_1.o
 .bss           0x008000b8        0x0 ./FreeRTOS/FreeRTOS/Src/integer.o
 .bss           0x008000b8        0x0 ./FreeRTOS/FreeRTOS/Src/list.o
 .bss           0x008000b8        0x0 ./FreeRTOS/FreeRTOS/Src/port.o
 .bss           0x008000b8        0x0 ./FreeRTOS/FreeRTOS/Src/queue.o
 .bss           0x008000b8        0x0 ./FreeRTOS/FreeRTOS/Src/tasks.o
 .bss           0x008000b8        0x0 ./main.o
 .bss           0x008000b8        0x0 e:/disk/imt/0-material imtschool/material imtschool/00- tools/01- sdk/imt_sdk_win_64/imt_sdk_win_64/winavr/bin/../lib/gcc/avr/4.3.3/avr5\libgcc.a(_mulsi3.o)
 .bss           0x008000b8        0x0 e:/disk/imt/0-material imtschool/material imtschool/00- tools/01- sdk/imt_sdk_win_64/imt_sdk_win_64/winavr/bin/../lib/gcc/avr/4.3.3/avr5\libgcc.a(_udivmodsi4.o)
 .bss           0x008000b8        0x0 e:/disk/imt/0-material imtschool/material imtschool/00- tools/01- sdk/imt_sdk_win_64/imt_sdk_win_64/winavr/bin/../lib/gcc/avr/4.3.3/avr5\libgcc.a(_divmodsi4.o)
 .bss           0x008000b8        0x0 e:/disk/imt/0-material imtschool/material imtschool/00- tools/01- sdk/imt_sdk_win_64/imt_sdk_win_64/winavr/bin/../lib/gcc/avr/4.3.3/avr5\libgcc.a(_exit.o)
 .bss           0x008000b8        0x0 e:/disk/imt/0-material imtschool/material imtschool/00- tools/01- sdk/imt_sdk_win_64/imt_sdk_win_64/winavr/bin/../lib/gcc/avr/4.3.3/avr5\libgcc.a(_copy_data.o)
 .bss           0x008000b8        0x0 e:/disk/imt/0-material imtschool/material imtschool/00- tools/01- sdk/imt_sdk_win_64/imt_sdk_win_64/winavr/bin/../lib/gcc/avr/4.3.3/avr5\libgcc.a(_clear_bss.o)
 .bss           0x008000b8        0x0 e:/disk/imt/0-material imtschool/material imtschool/00- tools/01- sdk/imt_sdk_win_64/imt_sdk_win_64/winavr/bin/../lib/gcc/avr/4.3.3/../../../../avr/lib/avr5\libc.a(atoi.o)
 .bss           0x008000b8        0x0 e:/disk/imt/0-material imtschool/material imtschool/00- tools/01- sdk/imt_sdk_win_64/imt_sdk_win_64/winavr/bin/../lib/gcc/avr/4.3.3/../../../../avr/lib/avr5\libc.a(memcpy.o)
 .bss           0x008000b8        0x0 e:/disk/imt/0-material imtschool/material imtschool/00- tools/01- sdk/imt_sdk_win_64/imt_sdk_win_64/winavr/bin/../lib/gcc/avr/4.3.3/../../../../avr/lib/avr5\libc.a(memset.o)
 .bss           0x008000b8        0x0 e:/disk/imt/0-material imtschool/material imtschool/00- tools/01- sdk/imt_sdk_win_64/imt_sdk_win_64/winavr/bin/../lib/gcc/avr/4.3.3/../../../../avr/lib/avr5\libc.a(itoa.o)
 .bss           0x008000b8        0x0 e:/disk/imt/0-material imtschool/material imtschool/00- tools/01- sdk/imt_sdk_win_64/imt_sdk_win_64/winavr/bin/../lib/gcc/avr/4.3.3/../../../../avr/lib/avr5\libc.a(mul10.o)
 .bss           0x008000b8        0x0 e:/disk/imt/0-material imtschool/material imtschool/00- tools/01- sdk/imt_sdk_win_64/imt_sdk_win_64/winavr/bin/../lib/gcc/avr/4.3.3/../../../../avr/lib/avr5\libc.a(strrev.o)
 .bss           0x008000b8        0x0 e:/disk/imt/0-material imtschool/material imtschool/00- tools/01- sdk/imt_sdk_win_64/imt_sdk_win_64/winavr/bin/../lib/gcc/avr/4.3.3/avr5\libgcc.a(_udivmodhi4.o)
 *(.bss*)
 .bss.locTime_mS.1201
                0x008000b8        0x2 ./src/common.o
 .bss.locTime_uS.1200
                0x008000ba        0x2 ./src/common.o
 .bss.xPollingConsumerCount
                0x008000bc        0x1 ./FreeRTOS/FreeRTOS/Src/PollQ.o
 .bss.xPollingProducerCount
                0x008000bd        0x1 ./FreeRTOS/FreeRTOS/Src/PollQ.o
 .bss.xPolledQueue.1653
                0x008000be        0x2 ./FreeRTOS/FreeRTOS/Src/PollQ.o
 .bss.pxCurrentCoRoutine
                0x008000c0        0x2 ./FreeRTOS/FreeRTOS/Src/croutine.o
                0x008000c0                pxCurrentCoRoutine
 .bss.uxTopCoRoutineReadyPriority
                0x008000c2        0x1 ./FreeRTOS/FreeRTOS/Src/croutine.o
 .bss.xCoRoutineTickCount
                0x008000c3        0x2 ./FreeRTOS/FreeRTOS/Src/croutine.o
 .bss.xLastTickCount
                0x008000c5        0x2 ./FreeRTOS/FreeRTOS/Src/croutine.o
 .bss.xPassedTicks
                0x008000c7        0x2 ./FreeRTOS/FreeRTOS/Src/croutine.o
 .bss.pxReadyCoRoutineLists
                0x008000c9       0x12 ./FreeRTOS/FreeRTOS/Src/croutine.o
 .bss.xDelayedCoRoutineList1
                0x008000db        0x9 ./FreeRTOS/FreeRTOS/Src/croutine.o
 .bss.xDelayedCoRoutineList2
                0x008000e4        0x9 ./FreeRTOS/FreeRTOS/Src/croutine.o
 .bss.pxDelayedCoRoutineList
                0x008000ed        0x2 ./FreeRTOS/FreeRTOS/Src/croutine.o
 .bss.pxOverflowDelayedCoRoutineList
                0x008000ef        0x2 ./FreeRTOS/FreeRTOS/Src/croutine.o
 .bss.xPendingReadyCoRoutineList
                0x008000f1        0x9 ./FreeRTOS/FreeRTOS/Src/croutine.o
 .bss.xNextFreeByte
                0x008000fa        0x2 ./FreeRTOS/FreeRTOS/Src/heap_1.o
 .bss.pucAlignedHeap.1541
                0x008000fc        0x2 ./FreeRTOS/FreeRTOS/Src/heap_1.o
 .bss.ucHeap    0x008000fe      0x5dc ./FreeRTOS/FreeRTOS/Src/heap_1.o
 .bss.xTaskCheck
                0x008006da        0x1 ./FreeRTOS/FreeRTOS/Src/integer.o
 .bss.pxCurrentTCB
                0x008006db        0x2 ./FreeRTOS/FreeRTOS/Src/tasks.o
                0x008006db                pxCurrentTCB
 .bss.uxTasksDeleted
                0x008006dd        0x1 ./FreeRTOS/FreeRTOS/Src/tasks.o
 .bss.uxCurrentNumberOfTasks
                0x008006de        0x1 ./FreeRTOS/FreeRTOS/Src/tasks.o
 .bss.xTickCount
                0x008006df        0x2 ./FreeRTOS/FreeRTOS/Src/tasks.o
 .bss.uxTopReadyPriority
                0x008006e1        0x1 ./FreeRTOS/FreeRTOS/Src/tasks.o
 .bss.xSchedulerRunning
                0x008006e2        0x1 ./FreeRTOS/FreeRTOS/Src/tasks.o
 .bss.uxPendedTicks
                0x008006e3        0x1 ./FreeRTOS/FreeRTOS/Src/tasks.o
 .bss.xYieldPending
                0x008006e4        0x1 ./FreeRTOS/FreeRTOS/Src/tasks.o
 .bss.xNumOfOverflows
                0x008006e5        0x1 ./FreeRTOS/FreeRTOS/Src/tasks.o
 .bss.uxTaskNumber
                0x008006e6        0x1 ./FreeRTOS/FreeRTOS/Src/tasks.o
 .bss.uxSchedulerSuspended
                0x008006e7        0x1 ./FreeRTOS/FreeRTOS/Src/tasks.o
 .bss.pxReadyTasksLists
                0x008006e8       0x24 ./FreeRTOS/FreeRTOS/Src/tasks.o
 .bss.xDelayedTaskList1
                0x0080070c        0x9 ./FreeRTOS/FreeRTOS/Src/tasks.o
 .bss.xDelayedTaskList2
                0x00800715        0x9 ./FreeRTOS/FreeRTOS/Src/tasks.o
 .bss.pxDelayedTaskList
                0x0080071e        0x2 ./FreeRTOS/FreeRTOS/Src/tasks.o
 .bss.pxOverflowDelayedTaskList
                0x00800720        0x2 ./FreeRTOS/FreeRTOS/Src/tasks.o
 .bss.xPendingReadyList
                0x00800722        0x9 ./FreeRTOS/FreeRTOS/Src/tasks.o
 .bss.xTasksWaitingTermination
                0x0080072b        0x9 ./FreeRTOS/FreeRTOS/Src/tasks.o
 .bss.bsUartRes
                0x00800734        0x2 ./main.o
                0x00800734                bsUartRes
 *(COMMON)
 COMMON         0x00800736        0x2 ./main.o
                0x00800736                qStudentStruct
                0x00800738                PROVIDE (__bss_end, .)
                0x000048ac                __data_load_start = LOADADDR (.data)
                0x00004904                __data_load_end = (__data_load_start + SIZEOF (.data))

.noinit         0x00800738        0x0
                0x00800738                PROVIDE (__noinit_start, .)
 *(.noinit*)
                0x00800738                PROVIDE (__noinit_end, .)
                0x00800738                _end = .
                0x00800738                PROVIDE (__heap_start, .)

.eeprom         0x00810000        0x0
 *(.eeprom*)
                0x00810000                __eeprom_end = .

.fuse
 *(.fuse)
 *(.lfuse)
 *(.hfuse)
 *(.efuse)

.lock
 *(.lock*)

.signature
 *(.signature*)

.stab           0x00000000     0x7584
 *(.stab)
 .stab          0x00000000      0x504 ./src/DIO_program.o
 .stab          0x00000504      0x210 ./src/common.o
                                0x2b8 (size before relaxing)
 .stab          0x00000714      0x4e0 ./src/usart_driver.o
                                0x588 (size before relaxing)
 .stab          0x00000bf4      0x6e4 ./FreeRTOS/FreeRTOS/Src/PollQ.o
                                0x8a0 (size before relaxing)
 .stab          0x000012d8      0x894 ./FreeRTOS/FreeRTOS/Src/croutine.o
                                0xbc4 (size before relaxing)
 .stab          0x00001b6c      0xc54 ./FreeRTOS/FreeRTOS/Src/event_groups.o
                               0x1014 (size before relaxing)
 .stab          0x000027c0      0x30c ./FreeRTOS/FreeRTOS/Src/heap_1.o
                                0x6cc (size before relaxing)
 .stab          0x00002acc      0x3a8 ./FreeRTOS/FreeRTOS/Src/integer.o
                                0x768 (size before relaxing)
 .stab          0x00002e74      0x474 ./FreeRTOS/FreeRTOS/Src/list.o
                                0x780 (size before relaxing)
 .stab          0x000032e8      0x840 ./FreeRTOS/FreeRTOS/Src/port.o
                                0xbf4 (size before relaxing)
 .stab          0x00003b28     0x19b0 ./FreeRTOS/FreeRTOS/Src/queue.o
                               0x1ddc (size before relaxing)
 .stab          0x000054d8     0x1ab8 ./FreeRTOS/FreeRTOS/Src/tasks.o
                               0x1ea8 (size before relaxing)
 .stab          0x00006f90      0x5f4 ./main.o
                                0xac8 (size before relaxing)

.stabstr        0x00000000     0x3cee
 *(.stabstr)
 .stabstr       0x00000000     0x3cee ./src/DIO_program.o

.stab.excl
 *(.stab.excl)

.stab.exclstr
 *(.stab.exclstr)

.stab.index
 *(.stab.index)

.stab.indexstr
 *(.stab.indexstr)

.comment
 *(.comment)

.debug
 *(.debug)

.line
 *(.line)

.debug_srcinfo
 *(.debug_srcinfo)

.debug_sfnames
 *(.debug_sfnames)

.debug_aranges
 *(.debug_aranges)

.debug_pubnames
 *(.debug_pubnames)

.debug_info
 *(.debug_info)
 *(.gnu.linkonce.wi.*)

.debug_abbrev
 *(.debug_abbrev)

.debug_line
 *(.debug_line)

.debug_frame
 *(.debug_frame)

.debug_str
 *(.debug_str)

.debug_loc
 *(.debug_loc)

.debug_macinfo
 *(.debug_macinfo)
OUTPUT(RTOS_APP2.elf elf32-avr)
LOAD linker stubs
