Archive member included because of file (symbol)

e:/disk/imt/0-material imtschool/material imtschool/00- tools/01- sdk/imt_sdk_win_64/imt_sdk_win_64/winavr/bin/../lib/gcc/avr/4.3.3/avr5\libgcc.a(_mulsi3.o)
                              ./FreeRTOS/Src/integer.o (__mulsi3)
e:/disk/imt/0-material imtschool/material imtschool/00- tools/01- sdk/imt_sdk_win_64/imt_sdk_win_64/winavr/bin/../lib/gcc/avr/4.3.3/avr5\libgcc.a(_udivmodhi4.o)
                              ./Src/ECU/LCD_prg.o (__udivmodhi4)
e:/disk/imt/0-material imtschool/material imtschool/00- tools/01- sdk/imt_sdk_win_64/imt_sdk_win_64/winavr/bin/../lib/gcc/avr/4.3.3/avr5\libgcc.a(_udivmodsi4.o)
                              ./Src/MCAL/usart_driver.o (__udivmodsi4)
e:/disk/imt/0-material imtschool/material imtschool/00- tools/01- sdk/imt_sdk_win_64/imt_sdk_win_64/winavr/bin/../lib/gcc/avr/4.3.3/avr5\libgcc.a(_divmodsi4.o)
                              ./FreeRTOS/Src/integer.o (__divmodsi4)
e:/disk/imt/0-material imtschool/material imtschool/00- tools/01- sdk/imt_sdk_win_64/imt_sdk_win_64/winavr/bin/../lib/gcc/avr/4.3.3/avr5\libgcc.a(_exit.o)
                              e:/disk/imt/0-material imtschool/material imtschool/00- tools/01- sdk/imt_sdk_win_64/imt_sdk_win_64/winavr/bin/../lib/gcc/avr/4.3.3/../../../../avr/lib/avr5/crtm32.o (exit)
e:/disk/imt/0-material imtschool/material imtschool/00- tools/01- sdk/imt_sdk_win_64/imt_sdk_win_64/winavr/bin/../lib/gcc/avr/4.3.3/avr5\libgcc.a(_copy_data.o)
                              ./Src/ECU/LCD_prg.o (__do_copy_data)
e:/disk/imt/0-material imtschool/material imtschool/00- tools/01- sdk/imt_sdk_win_64/imt_sdk_win_64/winavr/bin/../lib/gcc/avr/4.3.3/avr5\libgcc.a(_clear_bss.o)
                              ./Src/main.o (__do_clear_bss)
e:/disk/imt/0-material imtschool/material imtschool/00- tools/01- sdk/imt_sdk_win_64/imt_sdk_win_64/winavr/bin/../lib/gcc/avr/4.3.3/avr5\libgcc.a(_fixunssfsi.o)
                              ./Src/ECU/LCD_prg.o (__fixunssfsi)
e:/disk/imt/0-material imtschool/material imtschool/00- tools/01- sdk/imt_sdk_win_64/imt_sdk_win_64/winavr/bin/../lib/gcc/avr/4.3.3/avr5\libgcc.a(_addsub_sf.o)
                              e:/disk/imt/0-material imtschool/material imtschool/00- tools/01- sdk/imt_sdk_win_64/imt_sdk_win_64/winavr/bin/../lib/gcc/avr/4.3.3/avr5\libgcc.a(_fixunssfsi.o) (__subsf3)
e:/disk/imt/0-material imtschool/material imtschool/00- tools/01- sdk/imt_sdk_win_64/imt_sdk_win_64/winavr/bin/../lib/gcc/avr/4.3.3/avr5\libgcc.a(_mul_sf.o)
                              ./Src/ECU/LCD_prg.o (__mulsf3)
e:/disk/imt/0-material imtschool/material imtschool/00- tools/01- sdk/imt_sdk_win_64/imt_sdk_win_64/winavr/bin/../lib/gcc/avr/4.3.3/avr5\libgcc.a(_gt_sf.o)
                              ./Src/ECU/LCD_prg.o (__gtsf2)
e:/disk/imt/0-material imtschool/material imtschool/00- tools/01- sdk/imt_sdk_win_64/imt_sdk_win_64/winavr/bin/../lib/gcc/avr/4.3.3/avr5\libgcc.a(_ge_sf.o)
                              e:/disk/imt/0-material imtschool/material imtschool/00- tools/01- sdk/imt_sdk_win_64/imt_sdk_win_64/winavr/bin/../lib/gcc/avr/4.3.3/avr5\libgcc.a(_fixunssfsi.o) (__gesf2)
e:/disk/imt/0-material imtschool/material imtschool/00- tools/01- sdk/imt_sdk_win_64/imt_sdk_win_64/winavr/bin/../lib/gcc/avr/4.3.3/avr5\libgcc.a(_lt_sf.o)
                              ./Src/ECU/LCD_prg.o (__ltsf2)
e:/disk/imt/0-material imtschool/material imtschool/00- tools/01- sdk/imt_sdk_win_64/imt_sdk_win_64/winavr/bin/../lib/gcc/avr/4.3.3/avr5\libgcc.a(_sf_to_si.o)
                              e:/disk/imt/0-material imtschool/material imtschool/00- tools/01- sdk/imt_sdk_win_64/imt_sdk_win_64/winavr/bin/../lib/gcc/avr/4.3.3/avr5\libgcc.a(_fixunssfsi.o) (__fixsfsi)
e:/disk/imt/0-material imtschool/material imtschool/00- tools/01- sdk/imt_sdk_win_64/imt_sdk_win_64/winavr/bin/../lib/gcc/avr/4.3.3/avr5\libgcc.a(_thenan_sf.o)
                              e:/disk/imt/0-material imtschool/material imtschool/00- tools/01- sdk/imt_sdk_win_64/imt_sdk_win_64/winavr/bin/../lib/gcc/avr/4.3.3/avr5\libgcc.a(_addsub_sf.o) (__thenan_sf)
e:/disk/imt/0-material imtschool/material imtschool/00- tools/01- sdk/imt_sdk_win_64/imt_sdk_win_64/winavr/bin/../lib/gcc/avr/4.3.3/avr5\libgcc.a(_prologue.o)
                              e:/disk/imt/0-material imtschool/material imtschool/00- tools/01- sdk/imt_sdk_win_64/imt_sdk_win_64/winavr/bin/../lib/gcc/avr/4.3.3/avr5\libgcc.a(_addsub_sf.o) (__prologue_saves__)
e:/disk/imt/0-material imtschool/material imtschool/00- tools/01- sdk/imt_sdk_win_64/imt_sdk_win_64/winavr/bin/../lib/gcc/avr/4.3.3/avr5\libgcc.a(_epilogue.o)
                              e:/disk/imt/0-material imtschool/material imtschool/00- tools/01- sdk/imt_sdk_win_64/imt_sdk_win_64/winavr/bin/../lib/gcc/avr/4.3.3/avr5\libgcc.a(_addsub_sf.o) (__epilogue_restores__)
e:/disk/imt/0-material imtschool/material imtschool/00- tools/01- sdk/imt_sdk_win_64/imt_sdk_win_64/winavr/bin/../lib/gcc/avr/4.3.3/avr5\libgcc.a(_pack_sf.o)
                              e:/disk/imt/0-material imtschool/material imtschool/00- tools/01- sdk/imt_sdk_win_64/imt_sdk_win_64/winavr/bin/../lib/gcc/avr/4.3.3/avr5\libgcc.a(_addsub_sf.o) (__pack_f)
e:/disk/imt/0-material imtschool/material imtschool/00- tools/01- sdk/imt_sdk_win_64/imt_sdk_win_64/winavr/bin/../lib/gcc/avr/4.3.3/avr5\libgcc.a(_unpack_sf.o)
                              e:/disk/imt/0-material imtschool/material imtschool/00- tools/01- sdk/imt_sdk_win_64/imt_sdk_win_64/winavr/bin/../lib/gcc/avr/4.3.3/avr5\libgcc.a(_addsub_sf.o) (__unpack_f)
e:/disk/imt/0-material imtschool/material imtschool/00- tools/01- sdk/imt_sdk_win_64/imt_sdk_win_64/winavr/bin/../lib/gcc/avr/4.3.3/avr5\libgcc.a(_fpcmp_parts_sf.o)
                              e:/disk/imt/0-material imtschool/material imtschool/00- tools/01- sdk/imt_sdk_win_64/imt_sdk_win_64/winavr/bin/../lib/gcc/avr/4.3.3/avr5\libgcc.a(_gt_sf.o) (__fpcmp_parts_f)
e:/disk/imt/0-material imtschool/material imtschool/00- tools/01- sdk/imt_sdk_win_64/imt_sdk_win_64/winavr/bin/../lib/gcc/avr/4.3.3/../../../../avr/lib/avr5\libc.a(atoi.o)
                              ./Src/main.o (atoi)
e:/disk/imt/0-material imtschool/material imtschool/00- tools/01- sdk/imt_sdk_win_64/imt_sdk_win_64/winavr/bin/../lib/gcc/avr/4.3.3/../../../../avr/lib/avr5\libc.a(memcpy.o)
                              ./FreeRTOS/Src/queue.o (memcpy)
e:/disk/imt/0-material imtschool/material imtschool/00- tools/01- sdk/imt_sdk_win_64/imt_sdk_win_64/winavr/bin/../lib/gcc/avr/4.3.3/../../../../avr/lib/avr5\libc.a(memset.o)
                              ./Src/main.o (memset)
e:/disk/imt/0-material imtschool/material imtschool/00- tools/01- sdk/imt_sdk_win_64/imt_sdk_win_64/winavr/bin/../lib/gcc/avr/4.3.3/../../../../avr/lib/avr5\libc.a(mul10.o)
                              e:/disk/imt/0-material imtschool/material imtschool/00- tools/01- sdk/imt_sdk_win_64/imt_sdk_win_64/winavr/bin/../lib/gcc/avr/4.3.3/../../../../avr/lib/avr5\libc.a(atoi.o) (__mulhi_const_10)

Allocating common symbols
Common symbol       size              file

ebBits              0x2               ./Src/main.o
bsCheck             0x2               ./Src/main.o
g_temp_TTemp        0x5               ./Src/main.o
TAS                 0x4               ./Src/main.o

Memory Configuration

Name             Origin             Length             Attributes
text             0x00000000         0x00020000         xr
data             0x00800060         0x0000ffa0         rw !x
eeprom           0x00810000         0x00010000         rw !x
fuse             0x00820000         0x00000400         rw !x
lock             0x00830000         0x00000400         rw !x
signature        0x00840000         0x00000400         rw !x
*default*        0x00000000         0xffffffff

Linker script and memory map

LOAD e:/disk/imt/0-material imtschool/material imtschool/00- tools/01- sdk/imt_sdk_win_64/imt_sdk_win_64/winavr/bin/../lib/gcc/avr/4.3.3/../../../../avr/lib/avr5/crtm32.o
LOAD ./Src/MCAL/ADC_program.o
LOAD ./Src/MCAL/DIO_program.o
LOAD ./Src/MCAL/usart_driver.o
LOAD ./Src/ECU/LCD_prg.o
LOAD ./Src/main.o
LOAD ./FreeRTOS/Src/PollQ.o
LOAD ./FreeRTOS/Src/croutine.o
LOAD ./FreeRTOS/Src/event_groups.o
LOAD ./FreeRTOS/Src/heap_1.o
LOAD ./FreeRTOS/Src/integer.o
LOAD ./FreeRTOS/Src/list.o
LOAD ./FreeRTOS/Src/port.o
LOAD ./FreeRTOS/Src/queue.o
LOAD ./FreeRTOS/Src/tasks.o
LOAD e:/disk/imt/0-material imtschool/material imtschool/00- tools/01- sdk/imt_sdk_win_64/imt_sdk_win_64/winavr/bin/../lib/gcc/avr/4.3.3/avr5\libgcc.a
LOAD e:/disk/imt/0-material imtschool/material imtschool/00- tools/01- sdk/imt_sdk_win_64/imt_sdk_win_64/winavr/bin/../lib/gcc/avr/4.3.3/../../../../avr/lib/avr5\libc.a
LOAD e:/disk/imt/0-material imtschool/material imtschool/00- tools/01- sdk/imt_sdk_win_64/imt_sdk_win_64/winavr/bin/../lib/gcc/avr/4.3.3/avr5\libgcc.a

.hash
 *(.hash)

.dynsym
 *(.dynsym)

.dynstr
 *(.dynstr)

.gnu.version
 *(.gnu.version)

.gnu.version_d
 *(.gnu.version_d)

.gnu.version_r
 *(.gnu.version_r)

.rel.init
 *(.rel.init)

.rela.init
 *(.rela.init)

.rel.text
 *(.rel.text)
 *(.rel.text.*)
 *(.rel.gnu.linkonce.t*)

.rela.text
 *(.rela.text)
 *(.rela.text.*)
 *(.rela.gnu.linkonce.t*)

.rel.fini
 *(.rel.fini)

.rela.fini
 *(.rela.fini)

.rel.rodata
 *(.rel.rodata)
 *(.rel.rodata.*)
 *(.rel.gnu.linkonce.r*)

.rela.rodata
 *(.rela.rodata)
 *(.rela.rodata.*)
 *(.rela.gnu.linkonce.r*)

.rel.data
 *(.rel.data)
 *(.rel.data.*)
 *(.rel.gnu.linkonce.d*)

.rela.data
 *(.rela.data)
 *(.rela.data.*)
 *(.rela.gnu.linkonce.d*)

.rel.ctors
 *(.rel.ctors)

.rela.ctors
 *(.rela.ctors)

.rel.dtors
 *(.rel.dtors)

.rela.dtors
 *(.rela.dtors)

.rel.got
 *(.rel.got)

.rela.got
 *(.rela.got)

.rel.bss
 *(.rel.bss)

.rela.bss
 *(.rela.bss)

.rel.plt
 *(.rel.plt)

.rela.plt
 *(.rela.plt)

.text           0x00000000     0x6678
 *(.vectors)
 .vectors       0x00000000       0x54 e:/disk/imt/0-material imtschool/material imtschool/00- tools/01- sdk/imt_sdk_win_64/imt_sdk_win_64/winavr/bin/../lib/gcc/avr/4.3.3/../../../../avr/lib/avr5/crtm32.o
                0x00000000                __vectors
                0x00000000                __vector_default
 *(.vectors)
 *(.progmem.gcc*)
 *(.progmem*)
                0x00000054                . = ALIGN (0x2)
                0x00000054                __trampolines_start = .
 *(.trampolines)
 .trampolines   0x00000054        0x0 linker stubs
 *(.trampolines*)
                0x00000054                __trampolines_end = .
 *(.jumptables)
 *(.jumptables*)
 *(.lowtext)
 *(.lowtext*)
                0x00000054                __ctors_start = .
 *(.ctors)
                0x00000054                __ctors_end = .
                0x00000054                __dtors_start = .
 *(.dtors)
                0x00000054                __dtors_end = .
 SORT(*)(.ctors)
 SORT(*)(.dtors)
 *(.init0)
 .init0         0x00000054        0x0 e:/disk/imt/0-material imtschool/material imtschool/00- tools/01- sdk/imt_sdk_win_64/imt_sdk_win_64/winavr/bin/../lib/gcc/avr/4.3.3/../../../../avr/lib/avr5/crtm32.o
                0x00000054                __init
 *(.init0)
 *(.init1)
 *(.init1)
 *(.init2)
 .init2         0x00000054        0xc e:/disk/imt/0-material imtschool/material imtschool/00- tools/01- sdk/imt_sdk_win_64/imt_sdk_win_64/winavr/bin/../lib/gcc/avr/4.3.3/../../../../avr/lib/avr5/crtm32.o
 *(.init2)
 *(.init3)
 *(.init3)
 *(.init4)
 .init4         0x00000060       0x16 e:/disk/imt/0-material imtschool/material imtschool/00- tools/01- sdk/imt_sdk_win_64/imt_sdk_win_64/winavr/bin/../lib/gcc/avr/4.3.3/avr5\libgcc.a(_copy_data.o)
                0x00000060                __do_copy_data
 .init4         0x00000076       0x10 e:/disk/imt/0-material imtschool/material imtschool/00- tools/01- sdk/imt_sdk_win_64/imt_sdk_win_64/winavr/bin/../lib/gcc/avr/4.3.3/avr5\libgcc.a(_clear_bss.o)
                0x00000076                __do_clear_bss
 *(.init4)
 *(.init5)
 *(.init5)
 *(.init6)
 *(.init6)
 *(.init7)
 *(.init7)
 *(.init8)
 *(.init8)
 *(.init9)
 .init9         0x00000086        0x8 e:/disk/imt/0-material imtschool/material imtschool/00- tools/01- sdk/imt_sdk_win_64/imt_sdk_win_64/winavr/bin/../lib/gcc/avr/4.3.3/../../../../avr/lib/avr5/crtm32.o
 *(.init9)
 *(.text)
 .text          0x0000008e        0x4 e:/disk/imt/0-material imtschool/material imtschool/00- tools/01- sdk/imt_sdk_win_64/imt_sdk_win_64/winavr/bin/../lib/gcc/avr/4.3.3/../../../../avr/lib/avr5/crtm32.o
                0x0000008e                __vector_1
                0x0000008e                __vector_12
                0x0000008e                __bad_interrupt
                0x0000008e                __vector_6
                0x0000008e                __vector_3
                0x0000008e                __vector_11
                0x0000008e                __vector_13
                0x0000008e                __vector_17
                0x0000008e                __vector_19
                0x0000008e                __vector_5
                0x0000008e                __vector_4
                0x0000008e                __vector_9
                0x0000008e                __vector_2
                0x0000008e                __vector_15
                0x0000008e                __vector_8
                0x0000008e                __vector_14
                0x0000008e                __vector_10
                0x0000008e                __vector_16
                0x0000008e                __vector_18
                0x0000008e                __vector_20
 .text          0x00000092        0x0 ./Src/MCAL/ADC_program.o
 .text          0x00000092        0x0 ./Src/MCAL/DIO_program.o
 .text          0x00000092        0x0 ./Src/MCAL/usart_driver.o
 .text          0x00000092        0x0 ./Src/ECU/LCD_prg.o
 .text          0x00000092        0x0 ./Src/main.o
 .text          0x00000092        0x0 ./FreeRTOS/Src/PollQ.o
 .text          0x00000092        0x0 ./FreeRTOS/Src/croutine.o
 .text          0x00000092        0x0 ./FreeRTOS/Src/event_groups.o
 .text          0x00000092        0x0 ./FreeRTOS/Src/heap_1.o
 .text          0x00000092        0x0 ./FreeRTOS/Src/integer.o
 .text          0x00000092        0x0 ./FreeRTOS/Src/list.o
 .text          0x00000092        0x0 ./FreeRTOS/Src/port.o
 .text          0x00000092        0x0 ./FreeRTOS/Src/queue.o
 .text          0x00000092        0x0 ./FreeRTOS/Src/tasks.o
 .text          0x00000092        0x0 e:/disk/imt/0-material imtschool/material imtschool/00- tools/01- sdk/imt_sdk_win_64/imt_sdk_win_64/winavr/bin/../lib/gcc/avr/4.3.3/avr5\libgcc.a(_mulsi3.o)
 .text          0x00000092        0x0 e:/disk/imt/0-material imtschool/material imtschool/00- tools/01- sdk/imt_sdk_win_64/imt_sdk_win_64/winavr/bin/../lib/gcc/avr/4.3.3/avr5\libgcc.a(_udivmodhi4.o)
 .text          0x00000092        0x0 e:/disk/imt/0-material imtschool/material imtschool/00- tools/01- sdk/imt_sdk_win_64/imt_sdk_win_64/winavr/bin/../lib/gcc/avr/4.3.3/avr5\libgcc.a(_udivmodsi4.o)
 .text          0x00000092        0x0 e:/disk/imt/0-material imtschool/material imtschool/00- tools/01- sdk/imt_sdk_win_64/imt_sdk_win_64/winavr/bin/../lib/gcc/avr/4.3.3/avr5\libgcc.a(_divmodsi4.o)
 .text          0x00000092        0x0 e:/disk/imt/0-material imtschool/material imtschool/00- tools/01- sdk/imt_sdk_win_64/imt_sdk_win_64/winavr/bin/../lib/gcc/avr/4.3.3/avr5\libgcc.a(_exit.o)
 .text          0x00000092        0x0 e:/disk/imt/0-material imtschool/material imtschool/00- tools/01- sdk/imt_sdk_win_64/imt_sdk_win_64/winavr/bin/../lib/gcc/avr/4.3.3/avr5\libgcc.a(_copy_data.o)
 .text          0x00000092        0x0 e:/disk/imt/0-material imtschool/material imtschool/00- tools/01- sdk/imt_sdk_win_64/imt_sdk_win_64/winavr/bin/../lib/gcc/avr/4.3.3/avr5\libgcc.a(_clear_bss.o)
 .text          0x00000092       0x58 e:/disk/imt/0-material imtschool/material imtschool/00- tools/01- sdk/imt_sdk_win_64/imt_sdk_win_64/winavr/bin/../lib/gcc/avr/4.3.3/avr5\libgcc.a(_fixunssfsi.o)
                0x00000092                __fixunssfsi
 .text          0x000000ea      0x354 e:/disk/imt/0-material imtschool/material imtschool/00- tools/01- sdk/imt_sdk_win_64/imt_sdk_win_64/winavr/bin/../lib/gcc/avr/4.3.3/avr5\libgcc.a(_addsub_sf.o)
                0x00000382                __subsf3
                0x000003e4                __addsf3
 .text          0x0000043e      0x1f4 e:/disk/imt/0-material imtschool/material imtschool/00- tools/01- sdk/imt_sdk_win_64/imt_sdk_win_64/winavr/bin/../lib/gcc/avr/4.3.3/avr5\libgcc.a(_mul_sf.o)
                0x0000043e                __mulsf3
 .text          0x00000632       0x60 e:/disk/imt/0-material imtschool/material imtschool/00- tools/01- sdk/imt_sdk_win_64/imt_sdk_win_64/winavr/bin/../lib/gcc/avr/4.3.3/avr5\libgcc.a(_gt_sf.o)
                0x00000632                __gtsf2
 .text          0x00000692       0x60 e:/disk/imt/0-material imtschool/material imtschool/00- tools/01- sdk/imt_sdk_win_64/imt_sdk_win_64/winavr/bin/../lib/gcc/avr/4.3.3/avr5\libgcc.a(_ge_sf.o)
                0x00000692                __gesf2
 .text          0x000006f2       0x60 e:/disk/imt/0-material imtschool/material imtschool/00- tools/01- sdk/imt_sdk_win_64/imt_sdk_win_64/winavr/bin/../lib/gcc/avr/4.3.3/avr5\libgcc.a(_lt_sf.o)
                0x000006f2                __ltsf2
 .text          0x00000752       0xa8 e:/disk/imt/0-material imtschool/material imtschool/00- tools/01- sdk/imt_sdk_win_64/imt_sdk_win_64/winavr/bin/../lib/gcc/avr/4.3.3/avr5\libgcc.a(_sf_to_si.o)
                0x00000752                __fixsfsi
 .text          0x000007fa        0x0 e:/disk/imt/0-material imtschool/material imtschool/00- tools/01- sdk/imt_sdk_win_64/imt_sdk_win_64/winavr/bin/../lib/gcc/avr/4.3.3/avr5\libgcc.a(_thenan_sf.o)
 .text          0x000007fa        0x0 e:/disk/imt/0-material imtschool/material imtschool/00- tools/01- sdk/imt_sdk_win_64/imt_sdk_win_64/winavr/bin/../lib/gcc/avr/4.3.3/avr5\libgcc.a(_prologue.o)
 .text          0x000007fa        0x0 e:/disk/imt/0-material imtschool/material imtschool/00- tools/01- sdk/imt_sdk_win_64/imt_sdk_win_64/winavr/bin/../lib/gcc/avr/4.3.3/avr5\libgcc.a(_epilogue.o)
 .text          0x000007fa      0x1aa e:/disk/imt/0-material imtschool/material imtschool/00- tools/01- sdk/imt_sdk_win_64/imt_sdk_win_64/winavr/bin/../lib/gcc/avr/4.3.3/avr5\libgcc.a(_pack_sf.o)
                0x000007fa                __pack_f
 .text          0x000009a4       0xf0 e:/disk/imt/0-material imtschool/material imtschool/00- tools/01- sdk/imt_sdk_win_64/imt_sdk_win_64/winavr/bin/../lib/gcc/avr/4.3.3/avr5\libgcc.a(_unpack_sf.o)
                0x000009a4                __unpack_f
 .text          0x00000a94       0xb2 e:/disk/imt/0-material imtschool/material imtschool/00- tools/01- sdk/imt_sdk_win_64/imt_sdk_win_64/winavr/bin/../lib/gcc/avr/4.3.3/avr5\libgcc.a(_fpcmp_parts_sf.o)
                0x00000a94                __fpcmp_parts_f
 .text          0x00000b46        0x0 e:/disk/imt/0-material imtschool/material imtschool/00- tools/01- sdk/imt_sdk_win_64/imt_sdk_win_64/winavr/bin/../lib/gcc/avr/4.3.3/../../../../avr/lib/avr5\libc.a(atoi.o)
 .text          0x00000b46        0x0 e:/disk/imt/0-material imtschool/material imtschool/00- tools/01- sdk/imt_sdk_win_64/imt_sdk_win_64/winavr/bin/../lib/gcc/avr/4.3.3/../../../../avr/lib/avr5\libc.a(memcpy.o)
 .text          0x00000b46        0x0 e:/disk/imt/0-material imtschool/material imtschool/00- tools/01- sdk/imt_sdk_win_64/imt_sdk_win_64/winavr/bin/../lib/gcc/avr/4.3.3/../../../../avr/lib/avr5\libc.a(memset.o)
 .text          0x00000b46        0x0 e:/disk/imt/0-material imtschool/material imtschool/00- tools/01- sdk/imt_sdk_win_64/imt_sdk_win_64/winavr/bin/../lib/gcc/avr/4.3.3/../../../../avr/lib/avr5\libc.a(mul10.o)
                0x00000b46                . = ALIGN (0x2)
 *(.text.*)
 .text.ADC_voidInit
                0x00000b46       0x70 ./Src/MCAL/ADC_program.o
                0x00000b46                ADC_voidInit
 .text.ADC_u16GetDigitalValue
                0x00000bb6       0x76 ./Src/MCAL/ADC_program.o
                0x00000bb6                ADC_u16GetDigitalValue
 .text.ADC_u16GetDigitalValue_NonBlocking
                0x00000c2c       0xa8 ./Src/MCAL/ADC_program.o
                0x00000c2c                ADC_u16GetDigitalValue_NonBlocking
 .text.DIO_voidSetPinValue
                0x00000cd4      0x210 ./Src/MCAL/DIO_program.o
                0x00000cd4                DIO_voidSetPinValue
 .text.DIO_u8GetPinValue
                0x00000ee4      0x108 ./Src/MCAL/DIO_program.o
                0x00000ee4                DIO_u8GetPinValue
 .text.DIO_voidSetPinDirection
                0x00000fec      0x210 ./Src/MCAL/DIO_program.o
                0x00000fec                DIO_voidSetPinDirection
 .text.DIO_voidSetPortDirection
                0x000011fc       0x82 ./Src/MCAL/DIO_program.o
                0x000011fc                DIO_voidSetPortDirection
 .text.DIO_voidSetPortValue
                0x0000127e       0x82 ./Src/MCAL/DIO_program.o
                0x0000127e                DIO_voidSetPortValue
 .text.usart_init
                0x00001300       0x8c ./Src/MCAL/usart_driver.o
                0x00001300                usart_init
 .text.usart_getc
                0x0000138c       0x1e ./Src/MCAL/usart_driver.o
                0x0000138c                usart_getc
 .text.usart_getc_NonBlocking
                0x000013aa       0x3c ./Src/MCAL/usart_driver.o
                0x000013aa                usart_getc_NonBlocking
 .text.usart_putc
                0x000013e6       0x2e ./Src/MCAL/usart_driver.o
                0x000013e6                usart_putc
 .text.usart_puts
                0x00001414       0x56 ./Src/MCAL/usart_driver.o
                0x00001414                usart_puts
 .text.LCD_vidInit
                0x0000146a      0x676 ./Src/ECU/LCD_prg.o
                0x0000146a                LCD_vidInit
 .text.LCD_vidSendCommand
                0x00001ae0      0x22a ./Src/ECU/LCD_prg.o
                0x00001ae0                LCD_vidSendCommand
 .text.LCD_vidWriteCharctr
                0x00001d0a      0x22a ./Src/ECU/LCD_prg.o
                0x00001d0a                LCD_vidWriteCharctr
 .text.LCD_vidWriteString
                0x00001f34      0x148 ./Src/ECU/LCD_prg.o
                0x00001f34                LCD_vidWriteString
 .text.LCD_vidGotoxy
                0x0000207c       0x5c ./Src/ECU/LCD_prg.o
                0x0000207c                LCD_vidGotoxy
 .text.LCD_vidWriteExtraChar
                0x000020d8      0x15c ./Src/ECU/LCD_prg.o
                0x000020d8                LCD_vidWriteExtraChar
 .text.LCD_vidWriteNumber
                0x00002234       0xc8 ./Src/ECU/LCD_prg.o
                0x00002234                LCD_vidWriteNumber
 .text.Private_GetPower
                0x000022fc       0x60 ./Src/ECU/LCD_prg.o
 .text.main     0x0000235c      0x106 ./Src/main.o
                0x0000235c                main
 .text.T_Alarm  0x00002462       0x70 ./Src/main.o
                0x00002462                T_Alarm
 .text.T_SysCheck
                0x000024d2       0xe8 ./Src/main.o
                0x000024d2                T_SysCheck
 .text.T_Terminal
                0x000025ba      0x1de ./Src/main.o
                0x000025ba                T_Terminal
 .text.T_CTemp  0x00002798       0xb2 ./Src/main.o
                0x00002798                T_CTemp
 .text.T_Display
                0x0000284a       0xc0 ./Src/main.o
                0x0000284a                T_Display
 .text.System_Init
                0x0000290a       0x44 ./Src/main.o
                0x0000290a                System_Init
 .text.Private_DisplayMainScreen
                0x0000294e       0x7a ./Src/main.o
 .text.Private_DisplayConfigScreen
                0x000029c8       0x2c ./Src/main.o
 .text.Private_DisplayAlarmScreen
                0x000029f4       0x2c ./Src/main.o
 .text.Private_UpdateCTemp
                0x00002a20       0x4e ./Src/main.o
 .text.Private_UpdateTTemp
                0x00002a6e       0x4e ./Src/main.o
 .text.Private_UpdateAS
                0x00002abc       0x2c ./Src/main.o
 .text.Private_UpdateTTempConfig
                0x00002ae8       0x34 ./Src/main.o
 .text.vStartPolledQueueTasks
                0x00002b1c       0x8e ./FreeRTOS/Src/PollQ.o
                0x00002b1c                vStartPolledQueueTasks
 .text.vPolledQueueProducer
                0x00002baa       0x7a ./FreeRTOS/Src/PollQ.o
 .text.vPolledQueueConsumer
                0x00002c24       0x98 ./FreeRTOS/Src/PollQ.o
 .text.xArePollingQueuesStillRunning
                0x00002cbc       0x34 ./FreeRTOS/Src/PollQ.o
                0x00002cbc                xArePollingQueuesStillRunning
 .text.xCoRoutineCreate
                0x00002cf0      0x128 ./FreeRTOS/Src/croutine.o
                0x00002cf0                xCoRoutineCreate
 .text.vCoRoutineAddToDelayedList
                0x00002e18       0xc2 ./FreeRTOS/Src/croutine.o
                0x00002e18                vCoRoutineAddToDelayedList
 .text.prvCheckPendingReadyList
                0x00002eda       0x94 ./FreeRTOS/Src/croutine.o
 .text.prvCheckDelayedList
                0x00002f6e      0x15c ./FreeRTOS/Src/croutine.o
 .text.vCoRoutineSchedule
                0x000030ca       0xf4 ./FreeRTOS/Src/croutine.o
                0x000030ca                vCoRoutineSchedule
 .text.prvInitialiseCoRoutineLists
                0x000031be       0x72 ./FreeRTOS/Src/croutine.o
 .text.xCoRoutineRemoveFromEventList
                0x00003230       0x70 ./FreeRTOS/Src/croutine.o
                0x00003230                xCoRoutineRemoveFromEventList
 .text.xEventGroupCreate
                0x000032a0       0x3e ./FreeRTOS/Src/event_groups.o
                0x000032a0                xEventGroupCreate
 .text.xEventGroupSync
                0x000032de      0x16e ./FreeRTOS/Src/event_groups.o
                0x000032de                xEventGroupSync
 .text.xEventGroupWaitBits
                0x0000344c      0x186 ./FreeRTOS/Src/event_groups.o
                0x0000344c                xEventGroupWaitBits
 .text.xEventGroupClearBits
                0x000035d2       0x6c ./FreeRTOS/Src/event_groups.o
                0x000035d2                xEventGroupClearBits
 .text.xEventGroupGetBitsFromISR
                0x0000363e       0x44 ./FreeRTOS/Src/event_groups.o
                0x0000363e                xEventGroupGetBitsFromISR
 .text.xEventGroupSetBits
                0x00003682      0x164 ./FreeRTOS/Src/event_groups.o
                0x00003682                xEventGroupSetBits
 .text.vEventGroupDelete
                0x000037e6       0x62 ./FreeRTOS/Src/event_groups.o
                0x000037e6                vEventGroupDelete
 .text.vEventGroupSetBitsCallback
                0x00003848       0x3a ./FreeRTOS/Src/event_groups.o
                0x00003848                vEventGroupSetBitsCallback
 .text.vEventGroupClearBitsCallback
                0x00003882       0x3a ./FreeRTOS/Src/event_groups.o
                0x00003882                vEventGroupClearBitsCallback
 .text.prvTestWaitCondition
                0x000038bc       0x64 ./FreeRTOS/Src/event_groups.o
 .text.pvPortMalloc
                0x00003920       0xac ./FreeRTOS/Src/heap_1.o
                0x00003920                pvPortMalloc
 .text.vPortFree
                0x000039cc       0x18 ./FreeRTOS/Src/heap_1.o
                0x000039cc                vPortFree
 .text.vPortInitialiseBlocks
                0x000039e4       0x16 ./FreeRTOS/Src/heap_1.o
                0x000039e4                vPortInitialiseBlocks
 .text.xPortGetFreeHeapSize
                0x000039fa       0x1e ./FreeRTOS/Src/heap_1.o
                0x000039fa                xPortGetFreeHeapSize
 .text.vStartIntegerMathTasks
                0x00003a18       0x7c ./FreeRTOS/Src/integer.o
                0x00003a18                vStartIntegerMathTasks
 .text.vCompeteingIntMathTask
                0x00003a94       0xd2 ./FreeRTOS/Src/integer.o
 .text.xAreIntegerMathsTaskStillRunning
                0x00003b66       0x56 ./FreeRTOS/Src/integer.o
                0x00003b66                xAreIntegerMathsTaskStillRunning
 .text.vListInitialise
                0x00003bbc       0x54 ./FreeRTOS/Src/list.o
                0x00003bbc                vListInitialise
 .text.vListInitialiseItem
                0x00003c10       0x20 ./FreeRTOS/Src/list.o
                0x00003c10                vListInitialiseItem
 .text.vListInsertEnd
                0x00003c30       0x88 ./FreeRTOS/Src/list.o
                0x00003c30                vListInsertEnd
 .text.vListInsert
                0x00003cb8       0xd8 ./FreeRTOS/Src/list.o
                0x00003cb8                vListInsert
 .text.uxListRemove
                0x00003d90       0x98 ./FreeRTOS/Src/list.o
                0x00003d90                uxListRemove
 .text.pxPortInitialiseStack
                0x00003e28      0x306 ./FreeRTOS/Src/port.o
                0x00003e28                pxPortInitialiseStack
 .text.xPortStartScheduler
                0x0000412e       0x6a ./FreeRTOS/Src/port.o
                0x0000412e                xPortStartScheduler
 .text.vPortEndScheduler
                0x00004198        0xe ./FreeRTOS/Src/port.o
                0x00004198                vPortEndScheduler
 .text.vPortYield
                0x000041a6       0xb2 ./FreeRTOS/Src/port.o
                0x000041a6                vPortYield
 .text.vPortYieldFromTick
                0x00004258       0xba ./FreeRTOS/Src/port.o
                0x00004258                vPortYieldFromTick
 .text.prvSetupTimerInterrupt
                0x00004312       0xb8 ./FreeRTOS/Src/port.o
 .text.__vector_7
                0x000043ca        0x6 ./FreeRTOS/Src/port.o
                0x000043ca                __vector_7
 .text.xQueueGenericReset
                0x000043d0      0x10c ./FreeRTOS/Src/queue.o
                0x000043d0                xQueueGenericReset
 .text.xQueueGenericCreate
                0x000044dc       0xba ./FreeRTOS/Src/queue.o
                0x000044dc                xQueueGenericCreate
 .text.xQueueCreateMutex
                0x00004596       0x9c ./FreeRTOS/Src/queue.o
                0x00004596                xQueueCreateMutex
 .text.xQueueCreateCountingSemaphore
                0x00004632       0x40 ./FreeRTOS/Src/queue.o
                0x00004632                xQueueCreateCountingSemaphore
 .text.xQueueGenericSend
                0x00004672      0x158 ./FreeRTOS/Src/queue.o
                0x00004672                xQueueGenericSend
 .text.xQueueGenericSendFromISR
                0x000047ca       0xc4 ./FreeRTOS/Src/queue.o
                0x000047ca                xQueueGenericSendFromISR
 .text.xQueueGenericReceive
                0x0000488e      0x1c2 ./FreeRTOS/Src/queue.o
                0x0000488e                xQueueGenericReceive
 .text.xQueueReceiveFromISR
                0x00004a50       0xae ./FreeRTOS/Src/queue.o
                0x00004a50                xQueueReceiveFromISR
 .text.xQueuePeekFromISR
                0x00004afe       0x72 ./FreeRTOS/Src/queue.o
                0x00004afe                xQueuePeekFromISR
 .text.uxQueueMessagesWaiting
                0x00004b70       0x30 ./FreeRTOS/Src/queue.o
                0x00004b70                uxQueueMessagesWaiting
 .text.uxQueueSpacesAvailable
                0x00004ba0       0x4a ./FreeRTOS/Src/queue.o
                0x00004ba0                uxQueueSpacesAvailable
 .text.uxQueueMessagesWaitingFromISR
                0x00004bea       0x26 ./FreeRTOS/Src/queue.o
                0x00004bea                uxQueueMessagesWaitingFromISR
 .text.vQueueDelete
                0x00004c10       0x46 ./FreeRTOS/Src/queue.o
                0x00004c10                vQueueDelete
 .text.prvCopyDataToQueue
                0x00004c56      0x172 ./FreeRTOS/Src/queue.o
 .text.prvCopyDataFromQueue
                0x00004dc8       0x8e ./FreeRTOS/Src/queue.o
 .text.prvUnlockQueue
                0x00004e56       0xa8 ./FreeRTOS/Src/queue.o
 .text.prvIsQueueEmpty
                0x00004efe       0x3a ./FreeRTOS/Src/queue.o
 .text.xQueueIsQueueEmptyFromISR
                0x00004f38       0x30 ./FreeRTOS/Src/queue.o
                0x00004f38                xQueueIsQueueEmptyFromISR
 .text.prvIsQueueFull
                0x00004f68       0x40 ./FreeRTOS/Src/queue.o
 .text.xQueueIsQueueFullFromISR
                0x00004fa8       0x36 ./FreeRTOS/Src/queue.o
                0x00004fa8                xQueueIsQueueFullFromISR
 .text.xQueueCRSend
                0x00004fde       0xc2 ./FreeRTOS/Src/queue.o
                0x00004fde                xQueueCRSend
 .text.xQueueCRReceive
                0x000050a0      0x11c ./FreeRTOS/Src/queue.o
                0x000050a0                xQueueCRReceive
 .text.xQueueCRSendFromISR
                0x000051bc       0x82 ./FreeRTOS/Src/queue.o
                0x000051bc                xQueueCRSendFromISR
 .text.xQueueCRReceiveFromISR
                0x0000523e       0xea ./FreeRTOS/Src/queue.o
                0x0000523e                xQueueCRReceiveFromISR
 .text.xTaskGenericCreate
                0x00005328      0x1c2 ./FreeRTOS/Src/tasks.o
                0x00005328                xTaskGenericCreate
 .text.vTaskDelete
                0x000054ea       0xca ./FreeRTOS/Src/tasks.o
                0x000054ea                vTaskDelete
 .text.vTaskDelay
                0x000055b4       0x6a ./FreeRTOS/Src/tasks.o
                0x000055b4                vTaskDelay
 .text.vTaskStartScheduler
                0x0000561e       0x6e ./FreeRTOS/Src/tasks.o
                0x0000561e                vTaskStartScheduler
 .text.vTaskEndScheduler
                0x0000568c       0x18 ./FreeRTOS/Src/tasks.o
                0x0000568c                vTaskEndScheduler
 .text.vTaskSuspendAll
                0x000056a4       0x18 ./FreeRTOS/Src/tasks.o
                0x000056a4                vTaskSuspendAll
 .text.xTaskResumeAll
                0x000056bc      0x114 ./FreeRTOS/Src/tasks.o
                0x000056bc                xTaskResumeAll
 .text.xTaskGetTickCount
                0x000057d0       0x2e ./FreeRTOS/Src/tasks.o
                0x000057d0                xTaskGetTickCount
 .text.xTaskGetTickCountFromISR
                0x000057fe       0x2a ./FreeRTOS/Src/tasks.o
                0x000057fe                xTaskGetTickCountFromISR
 .text.uxTaskGetNumberOfTasks
                0x00005828       0x12 ./FreeRTOS/Src/tasks.o
                0x00005828                uxTaskGetNumberOfTasks
 .text.xTaskIncrementTick
                0x0000583a      0x1ce ./FreeRTOS/Src/tasks.o
                0x0000583a                xTaskIncrementTick
 .text.vTaskSwitchContext
                0x00005a08       0xd2 ./FreeRTOS/Src/tasks.o
                0x00005a08                vTaskSwitchContext
 .text.vTaskPlaceOnEventList
                0x00005ada       0x6a ./FreeRTOS/Src/tasks.o
                0x00005ada                vTaskPlaceOnEventList
 .text.vTaskPlaceOnUnorderedEventList
                0x00005b44       0x86 ./FreeRTOS/Src/tasks.o
                0x00005b44                vTaskPlaceOnUnorderedEventList
 .text.xTaskRemoveFromEventList
                0x00005bca       0xd6 ./FreeRTOS/Src/tasks.o
                0x00005bca                xTaskRemoveFromEventList
 .text.xTaskRemoveFromUnorderedEventList
                0x00005ca0       0xca ./FreeRTOS/Src/tasks.o
                0x00005ca0                xTaskRemoveFromUnorderedEventList
 .text.vTaskSetTimeOutState
                0x00005d6a       0x32 ./FreeRTOS/Src/tasks.o
                0x00005d6a                vTaskSetTimeOutState
 .text.xTaskCheckForTimeOut
                0x00005d9c       0xc6 ./FreeRTOS/Src/tasks.o
                0x00005d9c                xTaskCheckForTimeOut
 .text.vTaskMissedYield
                0x00005e62       0x14 ./FreeRTOS/Src/tasks.o
                0x00005e62                vTaskMissedYield
 .text.prvIdleTask
                0x00005e76       0x20 ./FreeRTOS/Src/tasks.o
 .text.prvInitialiseTCBVariables
                0x00005e96       0xf4 ./FreeRTOS/Src/tasks.o
 .text.prvInitialiseTaskLists
                0x00005f8a       0x7a ./FreeRTOS/Src/tasks.o
 .text.prvCheckTasksWaitingTermination
                0x00006004       0x7e ./FreeRTOS/Src/tasks.o
 .text.prvAddCurrentTaskToDelayedList
                0x00006082       0x92 ./FreeRTOS/Src/tasks.o
 .text.prvAllocateTCBAndStack
                0x00006114       0x88 ./FreeRTOS/Src/tasks.o
 .text.prvDeleteTCB
                0x0000619c       0x2c ./FreeRTOS/Src/tasks.o
 .text.prvResetNextTaskUnblockTime
                0x000061c8       0x56 ./FreeRTOS/Src/tasks.o
 .text.xTaskGetCurrentTaskHandle
                0x0000621e       0x24 ./FreeRTOS/Src/tasks.o
                0x0000621e                xTaskGetCurrentTaskHandle
 .text.vTaskPriorityInherit
                0x00006242      0x116 ./FreeRTOS/Src/tasks.o
                0x00006242                vTaskPriorityInherit
 .text.xTaskPriorityDisinherit
                0x00006358       0xe4 ./FreeRTOS/Src/tasks.o
                0x00006358                xTaskPriorityDisinherit
 .text.uxTaskResetEventItemValue
                0x0000643c       0x4e ./FreeRTOS/Src/tasks.o
                0x0000643c                uxTaskResetEventItemValue
 .text.pvTaskIncrementMutexHeldCount
                0x0000648a       0x30 ./FreeRTOS/Src/tasks.o
                0x0000648a                pvTaskIncrementMutexHeldCount
 .text.libgcc   0x000064ba       0x3e e:/disk/imt/0-material imtschool/material imtschool/00- tools/01- sdk/imt_sdk_win_64/imt_sdk_win_64/winavr/bin/../lib/gcc/avr/4.3.3/avr5\libgcc.a(_mulsi3.o)
                0x000064ba                __mulsi3
 .text.libgcc   0x000064f8       0x28 e:/disk/imt/0-material imtschool/material imtschool/00- tools/01- sdk/imt_sdk_win_64/imt_sdk_win_64/winavr/bin/../lib/gcc/avr/4.3.3/avr5\libgcc.a(_udivmodhi4.o)
                0x000064f8                __udivmodhi4
 .text.libgcc   0x00006520       0x44 e:/disk/imt/0-material imtschool/material imtschool/00- tools/01- sdk/imt_sdk_win_64/imt_sdk_win_64/winavr/bin/../lib/gcc/avr/4.3.3/avr5\libgcc.a(_udivmodsi4.o)
                0x00006520                __udivmodsi4
 .text.libgcc   0x00006564       0x36 e:/disk/imt/0-material imtschool/material imtschool/00- tools/01- sdk/imt_sdk_win_64/imt_sdk_win_64/winavr/bin/../lib/gcc/avr/4.3.3/avr5\libgcc.a(_divmodsi4.o)
                0x00006564                __divmodsi4
 .text.libgcc   0x0000659a        0x0 e:/disk/imt/0-material imtschool/material imtschool/00- tools/01- sdk/imt_sdk_win_64/imt_sdk_win_64/winavr/bin/../lib/gcc/avr/4.3.3/avr5\libgcc.a(_exit.o)
 .text.libgcc   0x0000659a        0x0 e:/disk/imt/0-material imtschool/material imtschool/00- tools/01- sdk/imt_sdk_win_64/imt_sdk_win_64/winavr/bin/../lib/gcc/avr/4.3.3/avr5\libgcc.a(_copy_data.o)
 .text.libgcc   0x0000659a        0x0 e:/disk/imt/0-material imtschool/material imtschool/00- tools/01- sdk/imt_sdk_win_64/imt_sdk_win_64/winavr/bin/../lib/gcc/avr/4.3.3/avr5\libgcc.a(_clear_bss.o)
 .text.libgcc   0x0000659a       0x38 e:/disk/imt/0-material imtschool/material imtschool/00- tools/01- sdk/imt_sdk_win_64/imt_sdk_win_64/winavr/bin/../lib/gcc/avr/4.3.3/avr5\libgcc.a(_prologue.o)
                0x0000659a                __prologue_saves__
 .text.libgcc   0x000065d2       0x36 e:/disk/imt/0-material imtschool/material imtschool/00- tools/01- sdk/imt_sdk_win_64/imt_sdk_win_64/winavr/bin/../lib/gcc/avr/4.3.3/avr5\libgcc.a(_epilogue.o)
                0x000065d2                __epilogue_restores__
 .text.avr-libc
                0x00006608       0x3c e:/disk/imt/0-material imtschool/material imtschool/00- tools/01- sdk/imt_sdk_win_64/imt_sdk_win_64/winavr/bin/../lib/gcc/avr/4.3.3/../../../../avr/lib/avr5\libc.a(atoi.o)
                0x00006608                atoi
 .text.avr-libc
                0x00006644       0x12 e:/disk/imt/0-material imtschool/material imtschool/00- tools/01- sdk/imt_sdk_win_64/imt_sdk_win_64/winavr/bin/../lib/gcc/avr/4.3.3/../../../../avr/lib/avr5\libc.a(memcpy.o)
                0x00006644                memcpy
 .text.avr-libc
                0x00006656        0xe e:/disk/imt/0-material imtschool/material imtschool/00- tools/01- sdk/imt_sdk_win_64/imt_sdk_win_64/winavr/bin/../lib/gcc/avr/4.3.3/../../../../avr/lib/avr5\libc.a(memset.o)
                0x00006656                memset
 .text.avr-libc
                0x00006664       0x10 e:/disk/imt/0-material imtschool/material imtschool/00- tools/01- sdk/imt_sdk_win_64/imt_sdk_win_64/winavr/bin/../lib/gcc/avr/4.3.3/../../../../avr/lib/avr5\libc.a(mul10.o)
                0x00006664                __mulhi_const_10
                0x00006674                . = ALIGN (0x2)
 *(.fini9)
 .fini9         0x00006674        0x0 e:/disk/imt/0-material imtschool/material imtschool/00- tools/01- sdk/imt_sdk_win_64/imt_sdk_win_64/winavr/bin/../lib/gcc/avr/4.3.3/avr5\libgcc.a(_exit.o)
                0x00006674                exit
                0x00006674                _exit
 *(.fini9)
 *(.fini8)
 *(.fini8)
 *(.fini7)
 *(.fini7)
 *(.fini6)
 *(.fini6)
 *(.fini5)
 *(.fini5)
 *(.fini4)
 *(.fini4)
 *(.fini3)
 *(.fini3)
 *(.fini2)
 *(.fini2)
 *(.fini1)
 *(.fini1)
 *(.fini0)
 .fini0         0x00006674        0x4 e:/disk/imt/0-material imtschool/material imtschool/00- tools/01- sdk/imt_sdk_win_64/imt_sdk_win_64/winavr/bin/../lib/gcc/avr/4.3.3/avr5\libgcc.a(_exit.o)
 *(.fini0)
                0x00006678                _etext = .

.data           0x00800060      0x142 load address 0x00006678
                0x00800060                PROVIDE (__data_start, .)
 *(.data)
 .data          0x00800060        0x0 e:/disk/imt/0-material imtschool/material imtschool/00- tools/01- sdk/imt_sdk_win_64/imt_sdk_win_64/winavr/bin/../lib/gcc/avr/4.3.3/../../../../avr/lib/avr5/crtm32.o
 .data          0x00800060        0x0 ./Src/MCAL/ADC_program.o
 .data          0x00800060        0x0 ./Src/MCAL/DIO_program.o
 .data          0x00800060        0x0 ./Src/MCAL/usart_driver.o
 .data          0x00800060        0x0 ./Src/ECU/LCD_prg.o
 .data          0x00800060       0xda ./Src/main.o
 .data          0x0080013a       0x10 ./FreeRTOS/Src/PollQ.o
 .data          0x0080014a        0x0 ./FreeRTOS/Src/croutine.o
 .data          0x0080014a        0x0 ./FreeRTOS/Src/event_groups.o
 .data          0x0080014a        0x0 ./FreeRTOS/Src/heap_1.o
 .data          0x0080014a        0x8 ./FreeRTOS/Src/integer.o
 .data          0x00800152        0x0 ./FreeRTOS/Src/list.o
 .data          0x00800152        0x0 ./FreeRTOS/Src/port.o
 .data          0x00800152        0x0 ./FreeRTOS/Src/queue.o
 .data          0x00800152        0x5 ./FreeRTOS/Src/tasks.o
 .data          0x00800157        0x0 e:/disk/imt/0-material imtschool/material imtschool/00- tools/01- sdk/imt_sdk_win_64/imt_sdk_win_64/winavr/bin/../lib/gcc/avr/4.3.3/avr5\libgcc.a(_mulsi3.o)
 .data          0x00800157        0x0 e:/disk/imt/0-material imtschool/material imtschool/00- tools/01- sdk/imt_sdk_win_64/imt_sdk_win_64/winavr/bin/../lib/gcc/avr/4.3.3/avr5\libgcc.a(_udivmodhi4.o)
 .data          0x00800157        0x0 e:/disk/imt/0-material imtschool/material imtschool/00- tools/01- sdk/imt_sdk_win_64/imt_sdk_win_64/winavr/bin/../lib/gcc/avr/4.3.3/avr5\libgcc.a(_udivmodsi4.o)
 .data          0x00800157        0x0 e:/disk/imt/0-material imtschool/material imtschool/00- tools/01- sdk/imt_sdk_win_64/imt_sdk_win_64/winavr/bin/../lib/gcc/avr/4.3.3/avr5\libgcc.a(_divmodsi4.o)
 .data          0x00800157        0x0 e:/disk/imt/0-material imtschool/material imtschool/00- tools/01- sdk/imt_sdk_win_64/imt_sdk_win_64/winavr/bin/../lib/gcc/avr/4.3.3/avr5\libgcc.a(_exit.o)
 .data          0x00800157        0x0 e:/disk/imt/0-material imtschool/material imtschool/00- tools/01- sdk/imt_sdk_win_64/imt_sdk_win_64/winavr/bin/../lib/gcc/avr/4.3.3/avr5\libgcc.a(_copy_data.o)
 .data          0x00800157        0x0 e:/disk/imt/0-material imtschool/material imtschool/00- tools/01- sdk/imt_sdk_win_64/imt_sdk_win_64/winavr/bin/../lib/gcc/avr/4.3.3/avr5\libgcc.a(_clear_bss.o)
 .data          0x00800157        0x0 e:/disk/imt/0-material imtschool/material imtschool/00- tools/01- sdk/imt_sdk_win_64/imt_sdk_win_64/winavr/bin/../lib/gcc/avr/4.3.3/avr5\libgcc.a(_fixunssfsi.o)
 .data          0x00800157        0x0 e:/disk/imt/0-material imtschool/material imtschool/00- tools/01- sdk/imt_sdk_win_64/imt_sdk_win_64/winavr/bin/../lib/gcc/avr/4.3.3/avr5\libgcc.a(_addsub_sf.o)
 .data          0x00800157        0x0 e:/disk/imt/0-material imtschool/material imtschool/00- tools/01- sdk/imt_sdk_win_64/imt_sdk_win_64/winavr/bin/../lib/gcc/avr/4.3.3/avr5\libgcc.a(_mul_sf.o)
 .data          0x00800157        0x0 e:/disk/imt/0-material imtschool/material imtschool/00- tools/01- sdk/imt_sdk_win_64/imt_sdk_win_64/winavr/bin/../lib/gcc/avr/4.3.3/avr5\libgcc.a(_gt_sf.o)
 .data          0x00800157        0x0 e:/disk/imt/0-material imtschool/material imtschool/00- tools/01- sdk/imt_sdk_win_64/imt_sdk_win_64/winavr/bin/../lib/gcc/avr/4.3.3/avr5\libgcc.a(_ge_sf.o)
 .data          0x00800157        0x0 e:/disk/imt/0-material imtschool/material imtschool/00- tools/01- sdk/imt_sdk_win_64/imt_sdk_win_64/winavr/bin/../lib/gcc/avr/4.3.3/avr5\libgcc.a(_lt_sf.o)
 .data          0x00800157        0x0 e:/disk/imt/0-material imtschool/material imtschool/00- tools/01- sdk/imt_sdk_win_64/imt_sdk_win_64/winavr/bin/../lib/gcc/avr/4.3.3/avr5\libgcc.a(_sf_to_si.o)
 .data          0x00800157        0x8 e:/disk/imt/0-material imtschool/material imtschool/00- tools/01- sdk/imt_sdk_win_64/imt_sdk_win_64/winavr/bin/../lib/gcc/avr/4.3.3/avr5\libgcc.a(_thenan_sf.o)
                0x00800157                __thenan_sf
 .data          0x0080015f        0x0 e:/disk/imt/0-material imtschool/material imtschool/00- tools/01- sdk/imt_sdk_win_64/imt_sdk_win_64/winavr/bin/../lib/gcc/avr/4.3.3/avr5\libgcc.a(_prologue.o)
 .data          0x0080015f        0x0 e:/disk/imt/0-material imtschool/material imtschool/00- tools/01- sdk/imt_sdk_win_64/imt_sdk_win_64/winavr/bin/../lib/gcc/avr/4.3.3/avr5\libgcc.a(_epilogue.o)
 .data          0x0080015f        0x0 e:/disk/imt/0-material imtschool/material imtschool/00- tools/01- sdk/imt_sdk_win_64/imt_sdk_win_64/winavr/bin/../lib/gcc/avr/4.3.3/avr5\libgcc.a(_pack_sf.o)
 .data          0x0080015f        0x0 e:/disk/imt/0-material imtschool/material imtschool/00- tools/01- sdk/imt_sdk_win_64/imt_sdk_win_64/winavr/bin/../lib/gcc/avr/4.3.3/avr5\libgcc.a(_unpack_sf.o)
 .data          0x0080015f        0x0 e:/disk/imt/0-material imtschool/material imtschool/00- tools/01- sdk/imt_sdk_win_64/imt_sdk_win_64/winavr/bin/../lib/gcc/avr/4.3.3/avr5\libgcc.a(_fpcmp_parts_sf.o)
 .data          0x0080015f        0x0 e:/disk/imt/0-material imtschool/material imtschool/00- tools/01- sdk/imt_sdk_win_64/imt_sdk_win_64/winavr/bin/../lib/gcc/avr/4.3.3/../../../../avr/lib/avr5\libc.a(atoi.o)
 .data          0x0080015f        0x0 e:/disk/imt/0-material imtschool/material imtschool/00- tools/01- sdk/imt_sdk_win_64/imt_sdk_win_64/winavr/bin/../lib/gcc/avr/4.3.3/../../../../avr/lib/avr5\libc.a(memcpy.o)
 .data          0x0080015f        0x0 e:/disk/imt/0-material imtschool/material imtschool/00- tools/01- sdk/imt_sdk_win_64/imt_sdk_win_64/winavr/bin/../lib/gcc/avr/4.3.3/../../../../avr/lib/avr5\libc.a(memset.o)
 .data          0x0080015f        0x0 e:/disk/imt/0-material imtschool/material imtschool/00- tools/01- sdk/imt_sdk_win_64/imt_sdk_win_64/winavr/bin/../lib/gcc/avr/4.3.3/../../../../avr/lib/avr5\libc.a(mul10.o)
 *(.data*)
 .data.xNextTaskUnblockTime
                0x0080015f        0x2 ./FreeRTOS/Src/tasks.o
 *(.rodata)
 *(.rodata*)
 .rodata.ExtraChar
                0x00800161       0x40 ./Src/ECU/LCD_prg.o
                0x00800161                ExtraChar
 *(.gnu.linkonce.d*)
                0x008001a2                . = ALIGN (0x2)
 *fill*         0x008001a1        0x1 00
                0x008001a2                _edata = .
                0x008001a2                PROVIDE (__data_end, .)

.bss            0x008001a2      0x56d
                0x008001a2                PROVIDE (__bss_start, .)
 *(.bss)
 .bss           0x008001a2        0x0 e:/disk/imt/0-material imtschool/material imtschool/00- tools/01- sdk/imt_sdk_win_64/imt_sdk_win_64/winavr/bin/../lib/gcc/avr/4.3.3/../../../../avr/lib/avr5/crtm32.o
 .bss           0x008001a2        0x0 ./Src/MCAL/ADC_program.o
 .bss           0x008001a2        0x0 ./Src/MCAL/DIO_program.o
 .bss           0x008001a2        0x0 ./Src/MCAL/usart_driver.o
 .bss           0x008001a2        0x0 ./Src/ECU/LCD_prg.o
 .bss           0x008001a2        0x0 ./Src/main.o
 .bss           0x008001a2        0x0 ./FreeRTOS/Src/PollQ.o
 .bss           0x008001a2        0x0 ./FreeRTOS/Src/croutine.o
 .bss           0x008001a2        0x0 ./FreeRTOS/Src/event_groups.o
 .bss           0x008001a2        0x0 ./FreeRTOS/Src/heap_1.o
 .bss           0x008001a2        0x0 ./FreeRTOS/Src/integer.o
 .bss           0x008001a2        0x0 ./FreeRTOS/Src/list.o
 .bss           0x008001a2        0x0 ./FreeRTOS/Src/port.o
 .bss           0x008001a2        0x0 ./FreeRTOS/Src/queue.o
 .bss           0x008001a2        0x0 ./FreeRTOS/Src/tasks.o
 .bss           0x008001a2        0x0 e:/disk/imt/0-material imtschool/material imtschool/00- tools/01- sdk/imt_sdk_win_64/imt_sdk_win_64/winavr/bin/../lib/gcc/avr/4.3.3/avr5\libgcc.a(_mulsi3.o)
 .bss           0x008001a2        0x0 e:/disk/imt/0-material imtschool/material imtschool/00- tools/01- sdk/imt_sdk_win_64/imt_sdk_win_64/winavr/bin/../lib/gcc/avr/4.3.3/avr5\libgcc.a(_udivmodhi4.o)
 .bss           0x008001a2        0x0 e:/disk/imt/0-material imtschool/material imtschool/00- tools/01- sdk/imt_sdk_win_64/imt_sdk_win_64/winavr/bin/../lib/gcc/avr/4.3.3/avr5\libgcc.a(_udivmodsi4.o)
 .bss           0x008001a2        0x0 e:/disk/imt/0-material imtschool/material imtschool/00- tools/01- sdk/imt_sdk_win_64/imt_sdk_win_64/winavr/bin/../lib/gcc/avr/4.3.3/avr5\libgcc.a(_divmodsi4.o)
 .bss           0x008001a2        0x0 e:/disk/imt/0-material imtschool/material imtschool/00- tools/01- sdk/imt_sdk_win_64/imt_sdk_win_64/winavr/bin/../lib/gcc/avr/4.3.3/avr5\libgcc.a(_exit.o)
 .bss           0x008001a2        0x0 e:/disk/imt/0-material imtschool/material imtschool/00- tools/01- sdk/imt_sdk_win_64/imt_sdk_win_64/winavr/bin/../lib/gcc/avr/4.3.3/avr5\libgcc.a(_copy_data.o)
 .bss           0x008001a2        0x0 e:/disk/imt/0-material imtschool/material imtschool/00- tools/01- sdk/imt_sdk_win_64/imt_sdk_win_64/winavr/bin/../lib/gcc/avr/4.3.3/avr5\libgcc.a(_clear_bss.o)
 .bss           0x008001a2        0x0 e:/disk/imt/0-material imtschool/material imtschool/00- tools/01- sdk/imt_sdk_win_64/imt_sdk_win_64/winavr/bin/../lib/gcc/avr/4.3.3/avr5\libgcc.a(_fixunssfsi.o)
 .bss           0x008001a2        0x0 e:/disk/imt/0-material imtschool/material imtschool/00- tools/01- sdk/imt_sdk_win_64/imt_sdk_win_64/winavr/bin/../lib/gcc/avr/4.3.3/avr5\libgcc.a(_addsub_sf.o)
 .bss           0x008001a2        0x0 e:/disk/imt/0-material imtschool/material imtschool/00- tools/01- sdk/imt_sdk_win_64/imt_sdk_win_64/winavr/bin/../lib/gcc/avr/4.3.3/avr5\libgcc.a(_mul_sf.o)
 .bss           0x008001a2        0x0 e:/disk/imt/0-material imtschool/material imtschool/00- tools/01- sdk/imt_sdk_win_64/imt_sdk_win_64/winavr/bin/../lib/gcc/avr/4.3.3/avr5\libgcc.a(_gt_sf.o)
 .bss           0x008001a2        0x0 e:/disk/imt/0-material imtschool/material imtschool/00- tools/01- sdk/imt_sdk_win_64/imt_sdk_win_64/winavr/bin/../lib/gcc/avr/4.3.3/avr5\libgcc.a(_ge_sf.o)
 .bss           0x008001a2        0x0 e:/disk/imt/0-material imtschool/material imtschool/00- tools/01- sdk/imt_sdk_win_64/imt_sdk_win_64/winavr/bin/../lib/gcc/avr/4.3.3/avr5\libgcc.a(_lt_sf.o)
 .bss           0x008001a2        0x0 e:/disk/imt/0-material imtschool/material imtschool/00- tools/01- sdk/imt_sdk_win_64/imt_sdk_win_64/winavr/bin/../lib/gcc/avr/4.3.3/avr5\libgcc.a(_sf_to_si.o)
 .bss           0x008001a2        0x0 e:/disk/imt/0-material imtschool/material imtschool/00- tools/01- sdk/imt_sdk_win_64/imt_sdk_win_64/winavr/bin/../lib/gcc/avr/4.3.3/avr5\libgcc.a(_thenan_sf.o)
 .bss           0x008001a2        0x0 e:/disk/imt/0-material imtschool/material imtschool/00- tools/01- sdk/imt_sdk_win_64/imt_sdk_win_64/winavr/bin/../lib/gcc/avr/4.3.3/avr5\libgcc.a(_prologue.o)
 .bss           0x008001a2        0x0 e:/disk/imt/0-material imtschool/material imtschool/00- tools/01- sdk/imt_sdk_win_64/imt_sdk_win_64/winavr/bin/../lib/gcc/avr/4.3.3/avr5\libgcc.a(_epilogue.o)
 .bss           0x008001a2        0x0 e:/disk/imt/0-material imtschool/material imtschool/00- tools/01- sdk/imt_sdk_win_64/imt_sdk_win_64/winavr/bin/../lib/gcc/avr/4.3.3/avr5\libgcc.a(_pack_sf.o)
 .bss           0x008001a2        0x0 e:/disk/imt/0-material imtschool/material imtschool/00- tools/01- sdk/imt_sdk_win_64/imt_sdk_win_64/winavr/bin/../lib/gcc/avr/4.3.3/avr5\libgcc.a(_unpack_sf.o)
 .bss           0x008001a2        0x0 e:/disk/imt/0-material imtschool/material imtschool/00- tools/01- sdk/imt_sdk_win_64/imt_sdk_win_64/winavr/bin/../lib/gcc/avr/4.3.3/avr5\libgcc.a(_fpcmp_parts_sf.o)
 .bss           0x008001a2        0x0 e:/disk/imt/0-material imtschool/material imtschool/00- tools/01- sdk/imt_sdk_win_64/imt_sdk_win_64/winavr/bin/../lib/gcc/avr/4.3.3/../../../../avr/lib/avr5\libc.a(atoi.o)
 .bss           0x008001a2        0x0 e:/disk/imt/0-material imtschool/material imtschool/00- tools/01- sdk/imt_sdk_win_64/imt_sdk_win_64/winavr/bin/../lib/gcc/avr/4.3.3/../../../../avr/lib/avr5\libc.a(memcpy.o)
 .bss           0x008001a2        0x0 e:/disk/imt/0-material imtschool/material imtschool/00- tools/01- sdk/imt_sdk_win_64/imt_sdk_win_64/winavr/bin/../lib/gcc/avr/4.3.3/../../../../avr/lib/avr5\libc.a(memset.o)
 .bss           0x008001a2        0x0 e:/disk/imt/0-material imtschool/material imtschool/00- tools/01- sdk/imt_sdk_win_64/imt_sdk_win_64/winavr/bin/../lib/gcc/avr/4.3.3/../../../../avr/lib/avr5\libc.a(mul10.o)
 *(.bss*)
 .bss.egEvents  0x008001a2        0x2 ./Src/main.o
                0x008001a2                egEvents
 .bss.xPollingConsumerCount
                0x008001a4        0x1 ./FreeRTOS/Src/PollQ.o
 .bss.xPollingProducerCount
                0x008001a5        0x1 ./FreeRTOS/Src/PollQ.o
 .bss.xPolledQueue.1653
                0x008001a6        0x2 ./FreeRTOS/Src/PollQ.o
 .bss.pxCurrentCoRoutine
                0x008001a8        0x2 ./FreeRTOS/Src/croutine.o
                0x008001a8                pxCurrentCoRoutine
 .bss.uxTopCoRoutineReadyPriority
                0x008001aa        0x1 ./FreeRTOS/Src/croutine.o
 .bss.xCoRoutineTickCount
                0x008001ab        0x2 ./FreeRTOS/Src/croutine.o
 .bss.xLastTickCount
                0x008001ad        0x2 ./FreeRTOS/Src/croutine.o
 .bss.xPassedTicks
                0x008001af        0x2 ./FreeRTOS/Src/croutine.o
 .bss.pxReadyCoRoutineLists
                0x008001b1       0x12 ./FreeRTOS/Src/croutine.o
 .bss.xDelayedCoRoutineList1
                0x008001c3        0x9 ./FreeRTOS/Src/croutine.o
 .bss.xDelayedCoRoutineList2
                0x008001cc        0x9 ./FreeRTOS/Src/croutine.o
 .bss.pxDelayedCoRoutineList
                0x008001d5        0x2 ./FreeRTOS/Src/croutine.o
 .bss.pxOverflowDelayedCoRoutineList
                0x008001d7        0x2 ./FreeRTOS/Src/croutine.o
 .bss.xPendingReadyCoRoutineList
                0x008001d9        0x9 ./FreeRTOS/Src/croutine.o
 .bss.xNextFreeByte
                0x008001e2        0x2 ./FreeRTOS/Src/heap_1.o
 .bss.pucAlignedHeap.1541
                0x008001e4        0x2 ./FreeRTOS/Src/heap_1.o
 .bss.ucHeap    0x008001e6      0x4b0 ./FreeRTOS/Src/heap_1.o
 .bss.xTaskCheck
                0x00800696        0x1 ./FreeRTOS/Src/integer.o
 .bss.pxCurrentTCB
                0x00800697        0x2 ./FreeRTOS/Src/tasks.o
                0x00800697                pxCurrentTCB
 .bss.uxTasksDeleted
                0x00800699        0x1 ./FreeRTOS/Src/tasks.o
 .bss.uxCurrentNumberOfTasks
                0x0080069a        0x1 ./FreeRTOS/Src/tasks.o
 .bss.xTickCount
                0x0080069b        0x2 ./FreeRTOS/Src/tasks.o
 .bss.uxTopReadyPriority
                0x0080069d        0x1 ./FreeRTOS/Src/tasks.o
 .bss.xSchedulerRunning
                0x0080069e        0x1 ./FreeRTOS/Src/tasks.o
 .bss.uxPendedTicks
                0x0080069f        0x1 ./FreeRTOS/Src/tasks.o
 .bss.xYieldPending
                0x008006a0        0x1 ./FreeRTOS/Src/tasks.o
 .bss.xNumOfOverflows
                0x008006a1        0x1 ./FreeRTOS/Src/tasks.o
 .bss.uxTaskNumber
                0x008006a2        0x1 ./FreeRTOS/Src/tasks.o
 .bss.uxSchedulerSuspended
                0x008006a3        0x1 ./FreeRTOS/Src/tasks.o
 .bss.pxReadyTasksLists
                0x008006a4       0x36 ./FreeRTOS/Src/tasks.o
 .bss.xDelayedTaskList1
                0x008006da        0x9 ./FreeRTOS/Src/tasks.o
 .bss.xDelayedTaskList2
                0x008006e3        0x9 ./FreeRTOS/Src/tasks.o
 .bss.pxDelayedTaskList
                0x008006ec        0x2 ./FreeRTOS/Src/tasks.o
 .bss.pxOverflowDelayedTaskList
                0x008006ee        0x2 ./FreeRTOS/Src/tasks.o
 .bss.xPendingReadyList
                0x008006f0        0x9 ./FreeRTOS/Src/tasks.o
 .bss.xTasksWaitingTermination
                0x008006f9        0x9 ./FreeRTOS/Src/tasks.o
 *(COMMON)
 COMMON         0x00800702        0xd ./Src/main.o
                0x00800702                ebBits
                0x00800704                bsCheck
                0x00800706                g_temp_TTemp
                0x0080070b                TAS
                0x0080070f                PROVIDE (__bss_end, .)
                0x00006678                __data_load_start = LOADADDR (.data)
                0x000067ba                __data_load_end = (__data_load_start + SIZEOF (.data))

.noinit         0x0080070f        0x0
                0x0080070f                PROVIDE (__noinit_start, .)
 *(.noinit*)
                0x0080070f                PROVIDE (__noinit_end, .)
                0x0080070f                _end = .
                0x0080070f                PROVIDE (__heap_start, .)

.eeprom         0x00810000        0x0
 *(.eeprom*)
                0x00810000                __eeprom_end = .

.fuse
 *(.fuse)
 *(.lfuse)
 *(.hfuse)
 *(.efuse)

.lock
 *(.lock*)

.signature
 *(.signature*)

.stab           0x00000000     0x8814
 *(.stab)
 .stab          0x00000000      0x324 ./Src/MCAL/ADC_program.o
 .stab          0x00000324      0x45c ./Src/MCAL/DIO_program.o
                                0x504 (size before relaxing)
 .stab          0x00000780      0x4e0 ./Src/MCAL/usart_driver.o
                                0x588 (size before relaxing)
 .stab          0x00000c60      0xe88 ./Src/ECU/LCD_prg.o
                               0x10b0 (size before relaxing)
 .stab          0x00001ae8      0xe04 ./Src/main.o
                               0x1068 (size before relaxing)
 .stab          0x000028ec      0x510 ./FreeRTOS/Src/PollQ.o
                                0x8a0 (size before relaxing)
 .stab          0x00002dfc      0x840 ./FreeRTOS/Src/croutine.o
                                0xbc4 (size before relaxing)
 .stab          0x0000363c      0xc00 ./FreeRTOS/Src/event_groups.o
                               0x1014 (size before relaxing)
 .stab          0x0000423c      0x30c ./FreeRTOS/Src/heap_1.o
                                0x6cc (size before relaxing)
 .stab          0x00004548      0x3a8 ./FreeRTOS/Src/integer.o
                                0x768 (size before relaxing)
 .stab          0x000048f0      0x474 ./FreeRTOS/Src/list.o
                                0x780 (size before relaxing)
 .stab          0x00004d64      0x840 ./FreeRTOS/Src/port.o
                                0xbf4 (size before relaxing)
 .stab          0x000055a4     0x19b0 ./FreeRTOS/Src/queue.o
                               0x1ddc (size before relaxing)
 .stab          0x00006f54     0x18c0 ./FreeRTOS/Src/tasks.o
                               0x1cb0 (size before relaxing)

.stabstr        0x00000000     0x4045
 *(.stabstr)
 .stabstr       0x00000000     0x4045 ./Src/MCAL/ADC_program.o

.stab.excl
 *(.stab.excl)

.stab.exclstr
 *(.stab.exclstr)

.stab.index
 *(.stab.index)

.stab.indexstr
 *(.stab.indexstr)

.comment
 *(.comment)

.debug
 *(.debug)

.line
 *(.line)

.debug_srcinfo
 *(.debug_srcinfo)

.debug_sfnames
 *(.debug_sfnames)

.debug_aranges  0x00000000      0x140
 *(.debug_aranges)
 .debug_aranges
                0x00000000       0x20 e:/disk/imt/0-material imtschool/material imtschool/00- tools/01- sdk/imt_sdk_win_64/imt_sdk_win_64/winavr/bin/../lib/gcc/avr/4.3.3/avr5\libgcc.a(_fixunssfsi.o)
 .debug_aranges
                0x00000020       0x20 e:/disk/imt/0-material imtschool/material imtschool/00- tools/01- sdk/imt_sdk_win_64/imt_sdk_win_64/winavr/bin/../lib/gcc/avr/4.3.3/avr5\libgcc.a(_addsub_sf.o)
 .debug_aranges
                0x00000040       0x20 e:/disk/imt/0-material imtschool/material imtschool/00- tools/01- sdk/imt_sdk_win_64/imt_sdk_win_64/winavr/bin/../lib/gcc/avr/4.3.3/avr5\libgcc.a(_mul_sf.o)
 .debug_aranges
                0x00000060       0x20 e:/disk/imt/0-material imtschool/material imtschool/00- tools/01- sdk/imt_sdk_win_64/imt_sdk_win_64/winavr/bin/../lib/gcc/avr/4.3.3/avr5\libgcc.a(_gt_sf.o)
 .debug_aranges
                0x00000080       0x20 e:/disk/imt/0-material imtschool/material imtschool/00- tools/01- sdk/imt_sdk_win_64/imt_sdk_win_64/winavr/bin/../lib/gcc/avr/4.3.3/avr5\libgcc.a(_ge_sf.o)
 .debug_aranges
                0x000000a0       0x20 e:/disk/imt/0-material imtschool/material imtschool/00- tools/01- sdk/imt_sdk_win_64/imt_sdk_win_64/winavr/bin/../lib/gcc/avr/4.3.3/avr5\libgcc.a(_lt_sf.o)
 .debug_aranges
                0x000000c0       0x20 e:/disk/imt/0-material imtschool/material imtschool/00- tools/01- sdk/imt_sdk_win_64/imt_sdk_win_64/winavr/bin/../lib/gcc/avr/4.3.3/avr5\libgcc.a(_sf_to_si.o)
 .debug_aranges
                0x000000e0       0x20 e:/disk/imt/0-material imtschool/material imtschool/00- tools/01- sdk/imt_sdk_win_64/imt_sdk_win_64/winavr/bin/../lib/gcc/avr/4.3.3/avr5\libgcc.a(_pack_sf.o)
 .debug_aranges
                0x00000100       0x20 e:/disk/imt/0-material imtschool/material imtschool/00- tools/01- sdk/imt_sdk_win_64/imt_sdk_win_64/winavr/bin/../lib/gcc/avr/4.3.3/avr5\libgcc.a(_unpack_sf.o)
 .debug_aranges
                0x00000120       0x20 e:/disk/imt/0-material imtschool/material imtschool/00- tools/01- sdk/imt_sdk_win_64/imt_sdk_win_64/winavr/bin/../lib/gcc/avr/4.3.3/avr5\libgcc.a(_fpcmp_parts_sf.o)

.debug_pubnames
                0x00000000      0x170
 *(.debug_pubnames)
 .debug_pubnames
                0x00000000       0x23 e:/disk/imt/0-material imtschool/material imtschool/00- tools/01- sdk/imt_sdk_win_64/imt_sdk_win_64/winavr/bin/../lib/gcc/avr/4.3.3/avr5\libgcc.a(_fixunssfsi.o)
 .debug_pubnames
                0x00000023       0x2c e:/disk/imt/0-material imtschool/material imtschool/00- tools/01- sdk/imt_sdk_win_64/imt_sdk_win_64/winavr/bin/../lib/gcc/avr/4.3.3/avr5\libgcc.a(_addsub_sf.o)
 .debug_pubnames
                0x0000004f       0x1f e:/disk/imt/0-material imtschool/material imtschool/00- tools/01- sdk/imt_sdk_win_64/imt_sdk_win_64/winavr/bin/../lib/gcc/avr/4.3.3/avr5\libgcc.a(_mul_sf.o)
 .debug_pubnames
                0x0000006e       0x1e e:/disk/imt/0-material imtschool/material imtschool/00- tools/01- sdk/imt_sdk_win_64/imt_sdk_win_64/winavr/bin/../lib/gcc/avr/4.3.3/avr5\libgcc.a(_gt_sf.o)
 .debug_pubnames
                0x0000008c       0x1e e:/disk/imt/0-material imtschool/material imtschool/00- tools/01- sdk/imt_sdk_win_64/imt_sdk_win_64/winavr/bin/../lib/gcc/avr/4.3.3/avr5\libgcc.a(_ge_sf.o)
 .debug_pubnames
                0x000000aa       0x1e e:/disk/imt/0-material imtschool/material imtschool/00- tools/01- sdk/imt_sdk_win_64/imt_sdk_win_64/winavr/bin/../lib/gcc/avr/4.3.3/avr5\libgcc.a(_lt_sf.o)
 .debug_pubnames
                0x000000c8       0x20 e:/disk/imt/0-material imtschool/material imtschool/00- tools/01- sdk/imt_sdk_win_64/imt_sdk_win_64/winavr/bin/../lib/gcc/avr/4.3.3/avr5\libgcc.a(_sf_to_si.o)
 .debug_pubnames
                0x000000e8       0x22 e:/disk/imt/0-material imtschool/material imtschool/00- tools/01- sdk/imt_sdk_win_64/imt_sdk_win_64/winavr/bin/../lib/gcc/avr/4.3.3/avr5\libgcc.a(_thenan_sf.o)
 .debug_pubnames
                0x0000010a       0x1f e:/disk/imt/0-material imtschool/material imtschool/00- tools/01- sdk/imt_sdk_win_64/imt_sdk_win_64/winavr/bin/../lib/gcc/avr/4.3.3/avr5\libgcc.a(_pack_sf.o)
 .debug_pubnames
                0x00000129       0x21 e:/disk/imt/0-material imtschool/material imtschool/00- tools/01- sdk/imt_sdk_win_64/imt_sdk_win_64/winavr/bin/../lib/gcc/avr/4.3.3/avr5\libgcc.a(_unpack_sf.o)
 .debug_pubnames
                0x0000014a       0x26 e:/disk/imt/0-material imtschool/material imtschool/00- tools/01- sdk/imt_sdk_win_64/imt_sdk_win_64/winavr/bin/../lib/gcc/avr/4.3.3/avr5\libgcc.a(_fpcmp_parts_sf.o)

.debug_info     0x00000000     0x1c49
 *(.debug_info)
 .debug_info    0x00000000       0xb1 e:/disk/imt/0-material imtschool/material imtschool/00- tools/01- sdk/imt_sdk_win_64/imt_sdk_win_64/winavr/bin/../lib/gcc/avr/4.3.3/avr5\libgcc.a(_fixunssfsi.o)
 .debug_info    0x000000b1      0x47a e:/disk/imt/0-material imtschool/material imtschool/00- tools/01- sdk/imt_sdk_win_64/imt_sdk_win_64/winavr/bin/../lib/gcc/avr/4.3.3/avr5\libgcc.a(_addsub_sf.o)
 .debug_info    0x0000052b      0x485 e:/disk/imt/0-material imtschool/material imtschool/00- tools/01- sdk/imt_sdk_win_64/imt_sdk_win_64/winavr/bin/../lib/gcc/avr/4.3.3/avr5\libgcc.a(_mul_sf.o)
 .debug_info    0x000009b0      0x27f e:/disk/imt/0-material imtschool/material imtschool/00- tools/01- sdk/imt_sdk_win_64/imt_sdk_win_64/winavr/bin/../lib/gcc/avr/4.3.3/avr5\libgcc.a(_gt_sf.o)
 .debug_info    0x00000c2f      0x27f e:/disk/imt/0-material imtschool/material imtschool/00- tools/01- sdk/imt_sdk_win_64/imt_sdk_win_64/winavr/bin/../lib/gcc/avr/4.3.3/avr5\libgcc.a(_ge_sf.o)
 .debug_info    0x00000eae      0x27f e:/disk/imt/0-material imtschool/material imtschool/00- tools/01- sdk/imt_sdk_win_64/imt_sdk_win_64/winavr/bin/../lib/gcc/avr/4.3.3/avr5\libgcc.a(_lt_sf.o)
 .debug_info    0x0000112d      0x2b0 e:/disk/imt/0-material imtschool/material imtschool/00- tools/01- sdk/imt_sdk_win_64/imt_sdk_win_64/winavr/bin/../lib/gcc/avr/4.3.3/avr5\libgcc.a(_sf_to_si.o)
 .debug_info    0x000013dd      0x12c e:/disk/imt/0-material imtschool/material imtschool/00- tools/01- sdk/imt_sdk_win_64/imt_sdk_win_64/winavr/bin/../lib/gcc/avr/4.3.3/avr5\libgcc.a(_thenan_sf.o)
 .debug_info    0x00001509      0x2df e:/disk/imt/0-material imtschool/material imtschool/00- tools/01- sdk/imt_sdk_win_64/imt_sdk_win_64/winavr/bin/../lib/gcc/avr/4.3.3/avr5\libgcc.a(_pack_sf.o)
 .debug_info    0x000017e8      0x251 e:/disk/imt/0-material imtschool/material imtschool/00- tools/01- sdk/imt_sdk_win_64/imt_sdk_win_64/winavr/bin/../lib/gcc/avr/4.3.3/avr5\libgcc.a(_unpack_sf.o)
 .debug_info    0x00001a39      0x210 e:/disk/imt/0-material imtschool/material imtschool/00- tools/01- sdk/imt_sdk_win_64/imt_sdk_win_64/winavr/bin/../lib/gcc/avr/4.3.3/avr5\libgcc.a(_fpcmp_parts_sf.o)
 *(.gnu.linkonce.wi.*)

.debug_abbrev   0x00000000      0xeeb
 *(.debug_abbrev)
 .debug_abbrev  0x00000000       0x5d e:/disk/imt/0-material imtschool/material imtschool/00- tools/01- sdk/imt_sdk_win_64/imt_sdk_win_64/winavr/bin/../lib/gcc/avr/4.3.3/avr5\libgcc.a(_fixunssfsi.o)
 .debug_abbrev  0x0000005d      0x1ea e:/disk/imt/0-material imtschool/material imtschool/00- tools/01- sdk/imt_sdk_win_64/imt_sdk_win_64/winavr/bin/../lib/gcc/avr/4.3.3/avr5\libgcc.a(_addsub_sf.o)
 .debug_abbrev  0x00000247      0x21b e:/disk/imt/0-material imtschool/material imtschool/00- tools/01- sdk/imt_sdk_win_64/imt_sdk_win_64/winavr/bin/../lib/gcc/avr/4.3.3/avr5\libgcc.a(_mul_sf.o)
 .debug_abbrev  0x00000462      0x15a e:/disk/imt/0-material imtschool/material imtschool/00- tools/01- sdk/imt_sdk_win_64/imt_sdk_win_64/winavr/bin/../lib/gcc/avr/4.3.3/avr5\libgcc.a(_gt_sf.o)
 .debug_abbrev  0x000005bc      0x15a e:/disk/imt/0-material imtschool/material imtschool/00- tools/01- sdk/imt_sdk_win_64/imt_sdk_win_64/winavr/bin/../lib/gcc/avr/4.3.3/avr5\libgcc.a(_ge_sf.o)
 .debug_abbrev  0x00000716      0x15a e:/disk/imt/0-material imtschool/material imtschool/00- tools/01- sdk/imt_sdk_win_64/imt_sdk_win_64/winavr/bin/../lib/gcc/avr/4.3.3/avr5\libgcc.a(_lt_sf.o)
 .debug_abbrev  0x00000870      0x17f e:/disk/imt/0-material imtschool/material imtschool/00- tools/01- sdk/imt_sdk_win_64/imt_sdk_win_64/winavr/bin/../lib/gcc/avr/4.3.3/avr5\libgcc.a(_sf_to_si.o)
 .debug_abbrev  0x000009ef       0xad e:/disk/imt/0-material imtschool/material imtschool/00- tools/01- sdk/imt_sdk_win_64/imt_sdk_win_64/winavr/bin/../lib/gcc/avr/4.3.3/avr5\libgcc.a(_thenan_sf.o)
 .debug_abbrev  0x00000a9c      0x1c0 e:/disk/imt/0-material imtschool/material imtschool/00- tools/01- sdk/imt_sdk_win_64/imt_sdk_win_64/winavr/bin/../lib/gcc/avr/4.3.3/avr5\libgcc.a(_pack_sf.o)
 .debug_abbrev  0x00000c5c      0x154 e:/disk/imt/0-material imtschool/material imtschool/00- tools/01- sdk/imt_sdk_win_64/imt_sdk_win_64/winavr/bin/../lib/gcc/avr/4.3.3/avr5\libgcc.a(_unpack_sf.o)
 .debug_abbrev  0x00000db0      0x13b e:/disk/imt/0-material imtschool/material imtschool/00- tools/01- sdk/imt_sdk_win_64/imt_sdk_win_64/winavr/bin/../lib/gcc/avr/4.3.3/avr5\libgcc.a(_fpcmp_parts_sf.o)

.debug_line     0x00000000      0xdad
 *(.debug_line)
 .debug_line    0x00000000       0xa7 e:/disk/imt/0-material imtschool/material imtschool/00- tools/01- sdk/imt_sdk_win_64/imt_sdk_win_64/winavr/bin/../lib/gcc/avr/4.3.3/avr5\libgcc.a(_fixunssfsi.o)
 .debug_line    0x000000a7      0x2af e:/disk/imt/0-material imtschool/material imtschool/00- tools/01- sdk/imt_sdk_win_64/imt_sdk_win_64/winavr/bin/../lib/gcc/avr/4.3.3/avr5\libgcc.a(_addsub_sf.o)
 .debug_line    0x00000356      0x239 e:/disk/imt/0-material imtschool/material imtschool/00- tools/01- sdk/imt_sdk_win_64/imt_sdk_win_64/winavr/bin/../lib/gcc/avr/4.3.3/avr5\libgcc.a(_mul_sf.o)
 .debug_line    0x0000058f       0xd3 e:/disk/imt/0-material imtschool/material imtschool/00- tools/01- sdk/imt_sdk_win_64/imt_sdk_win_64/winavr/bin/../lib/gcc/avr/4.3.3/avr5\libgcc.a(_gt_sf.o)
 .debug_line    0x00000662       0xd3 e:/disk/imt/0-material imtschool/material imtschool/00- tools/01- sdk/imt_sdk_win_64/imt_sdk_win_64/winavr/bin/../lib/gcc/avr/4.3.3/avr5\libgcc.a(_ge_sf.o)
 .debug_line    0x00000735       0xd3 e:/disk/imt/0-material imtschool/material imtschool/00- tools/01- sdk/imt_sdk_win_64/imt_sdk_win_64/winavr/bin/../lib/gcc/avr/4.3.3/avr5\libgcc.a(_lt_sf.o)
 .debug_line    0x00000808      0x109 e:/disk/imt/0-material imtschool/material imtschool/00- tools/01- sdk/imt_sdk_win_64/imt_sdk_win_64/winavr/bin/../lib/gcc/avr/4.3.3/avr5\libgcc.a(_sf_to_si.o)
 .debug_line    0x00000911       0x90 e:/disk/imt/0-material imtschool/material imtschool/00- tools/01- sdk/imt_sdk_win_64/imt_sdk_win_64/winavr/bin/../lib/gcc/avr/4.3.3/avr5\libgcc.a(_thenan_sf.o)
 .debug_line    0x000009a1      0x18a e:/disk/imt/0-material imtschool/material imtschool/00- tools/01- sdk/imt_sdk_win_64/imt_sdk_win_64/winavr/bin/../lib/gcc/avr/4.3.3/avr5\libgcc.a(_pack_sf.o)
 .debug_line    0x00000b2b      0x14b e:/disk/imt/0-material imtschool/material imtschool/00- tools/01- sdk/imt_sdk_win_64/imt_sdk_win_64/winavr/bin/../lib/gcc/avr/4.3.3/avr5\libgcc.a(_unpack_sf.o)
 .debug_line    0x00000c76      0x137 e:/disk/imt/0-material imtschool/material imtschool/00- tools/01- sdk/imt_sdk_win_64/imt_sdk_win_64/winavr/bin/../lib/gcc/avr/4.3.3/avr5\libgcc.a(_fpcmp_parts_sf.o)

.debug_frame    0x00000000      0x160
 *(.debug_frame)
 .debug_frame   0x00000000       0x20 e:/disk/imt/0-material imtschool/material imtschool/00- tools/01- sdk/imt_sdk_win_64/imt_sdk_win_64/winavr/bin/../lib/gcc/avr/4.3.3/avr5\libgcc.a(_fixunssfsi.o)
 .debug_frame   0x00000020       0x40 e:/disk/imt/0-material imtschool/material imtschool/00- tools/01- sdk/imt_sdk_win_64/imt_sdk_win_64/winavr/bin/../lib/gcc/avr/4.3.3/avr5\libgcc.a(_addsub_sf.o)
 .debug_frame   0x00000060       0x20 e:/disk/imt/0-material imtschool/material imtschool/00- tools/01- sdk/imt_sdk_win_64/imt_sdk_win_64/winavr/bin/../lib/gcc/avr/4.3.3/avr5\libgcc.a(_mul_sf.o)
 .debug_frame   0x00000080       0x20 e:/disk/imt/0-material imtschool/material imtschool/00- tools/01- sdk/imt_sdk_win_64/imt_sdk_win_64/winavr/bin/../lib/gcc/avr/4.3.3/avr5\libgcc.a(_gt_sf.o)
 .debug_frame   0x000000a0       0x20 e:/disk/imt/0-material imtschool/material imtschool/00- tools/01- sdk/imt_sdk_win_64/imt_sdk_win_64/winavr/bin/../lib/gcc/avr/4.3.3/avr5\libgcc.a(_ge_sf.o)
 .debug_frame   0x000000c0       0x20 e:/disk/imt/0-material imtschool/material imtschool/00- tools/01- sdk/imt_sdk_win_64/imt_sdk_win_64/winavr/bin/../lib/gcc/avr/4.3.3/avr5\libgcc.a(_lt_sf.o)
 .debug_frame   0x000000e0       0x20 e:/disk/imt/0-material imtschool/material imtschool/00- tools/01- sdk/imt_sdk_win_64/imt_sdk_win_64/winavr/bin/../lib/gcc/avr/4.3.3/avr5\libgcc.a(_sf_to_si.o)
 .debug_frame   0x00000100       0x20 e:/disk/imt/0-material imtschool/material imtschool/00- tools/01- sdk/imt_sdk_win_64/imt_sdk_win_64/winavr/bin/../lib/gcc/avr/4.3.3/avr5\libgcc.a(_pack_sf.o)
 .debug_frame   0x00000120       0x20 e:/disk/imt/0-material imtschool/material imtschool/00- tools/01- sdk/imt_sdk_win_64/imt_sdk_win_64/winavr/bin/../lib/gcc/avr/4.3.3/avr5\libgcc.a(_unpack_sf.o)
 .debug_frame   0x00000140       0x20 e:/disk/imt/0-material imtschool/material imtschool/00- tools/01- sdk/imt_sdk_win_64/imt_sdk_win_64/winavr/bin/../lib/gcc/avr/4.3.3/avr5\libgcc.a(_fpcmp_parts_sf.o)

.debug_str      0x00000000      0x28d
 *(.debug_str)
 .debug_str     0x00000000       0xbf e:/disk/imt/0-material imtschool/material imtschool/00- tools/01- sdk/imt_sdk_win_64/imt_sdk_win_64/winavr/bin/../lib/gcc/avr/4.3.3/avr5\libgcc.a(_fixunssfsi.o)
                                 0xfe (size before relaxing)
 .debug_str     0x000000bf      0x14d e:/disk/imt/0-material imtschool/material imtschool/00- tools/01- sdk/imt_sdk_win_64/imt_sdk_win_64/winavr/bin/../lib/gcc/avr/4.3.3/avr5\libgcc.a(_addsub_sf.o)
                                0x206 (size before relaxing)
 .debug_str     0x0000020c       0x27 e:/disk/imt/0-material imtschool/material imtschool/00- tools/01- sdk/imt_sdk_win_64/imt_sdk_win_64/winavr/bin/../lib/gcc/avr/4.3.3/avr5\libgcc.a(_mul_sf.o)
                                0x1bf (size before relaxing)
 .debug_str     0x00000233        0xf e:/disk/imt/0-material imtschool/material imtschool/00- tools/01- sdk/imt_sdk_win_64/imt_sdk_win_64/winavr/bin/../lib/gcc/avr/4.3.3/avr5\libgcc.a(_gt_sf.o)
                                0x195 (size before relaxing)
 .debug_str     0x00000242        0x8 e:/disk/imt/0-material imtschool/material imtschool/00- tools/01- sdk/imt_sdk_win_64/imt_sdk_win_64/winavr/bin/../lib/gcc/avr/4.3.3/avr5\libgcc.a(_ge_sf.o)
                                0x195 (size before relaxing)
 .debug_str     0x0000024a        0x8 e:/disk/imt/0-material imtschool/material imtschool/00- tools/01- sdk/imt_sdk_win_64/imt_sdk_win_64/winavr/bin/../lib/gcc/avr/4.3.3/avr5\libgcc.a(_lt_sf.o)
                                0x195 (size before relaxing)
 .debug_str     0x00000252        0xa e:/disk/imt/0-material imtschool/material imtschool/00- tools/01- sdk/imt_sdk_win_64/imt_sdk_win_64/winavr/bin/../lib/gcc/avr/4.3.3/avr5\libgcc.a(_sf_to_si.o)
                                0x19e (size before relaxing)
 .debug_str     0x00000000      0x103 e:/disk/imt/0-material imtschool/material imtschool/00- tools/01- sdk/imt_sdk_win_64/imt_sdk_win_64/winavr/bin/../lib/gcc/avr/4.3.3/avr5\libgcc.a(_thenan_sf.o)
 .debug_str     0x0000025c       0x16 e:/disk/imt/0-material imtschool/material imtschool/00- tools/01- sdk/imt_sdk_win_64/imt_sdk_win_64/winavr/bin/../lib/gcc/avr/4.3.3/avr5\libgcc.a(_pack_sf.o)
                                0x19d (size before relaxing)
 .debug_str     0x00000272        0xb e:/disk/imt/0-material imtschool/material imtschool/00- tools/01- sdk/imt_sdk_win_64/imt_sdk_win_64/winavr/bin/../lib/gcc/avr/4.3.3/avr5\libgcc.a(_unpack_sf.o)
                                0x17f (size before relaxing)
 .debug_str     0x0000027d       0x10 e:/disk/imt/0-material imtschool/material imtschool/00- tools/01- sdk/imt_sdk_win_64/imt_sdk_win_64/winavr/bin/../lib/gcc/avr/4.3.3/avr5\libgcc.a(_fpcmp_parts_sf.o)
                                0x163 (size before relaxing)

.debug_loc      0x00000000      0x7ce
 *(.debug_loc)
 .debug_loc     0x00000000       0x34 e:/disk/imt/0-material imtschool/material imtschool/00- tools/01- sdk/imt_sdk_win_64/imt_sdk_win_64/winavr/bin/../lib/gcc/avr/4.3.3/avr5\libgcc.a(_fixunssfsi.o)
 .debug_loc     0x00000034      0x32a e:/disk/imt/0-material imtschool/material imtschool/00- tools/01- sdk/imt_sdk_win_64/imt_sdk_win_64/winavr/bin/../lib/gcc/avr/4.3.3/avr5\libgcc.a(_addsub_sf.o)
 .debug_loc     0x0000035e      0x104 e:/disk/imt/0-material imtschool/material imtschool/00- tools/01- sdk/imt_sdk_win_64/imt_sdk_win_64/winavr/bin/../lib/gcc/avr/4.3.3/avr5\libgcc.a(_mul_sf.o)
 .debug_loc     0x00000462       0x3c e:/disk/imt/0-material imtschool/material imtschool/00- tools/01- sdk/imt_sdk_win_64/imt_sdk_win_64/winavr/bin/../lib/gcc/avr/4.3.3/avr5\libgcc.a(_gt_sf.o)
 .debug_loc     0x0000049e       0x3c e:/disk/imt/0-material imtschool/material imtschool/00- tools/01- sdk/imt_sdk_win_64/imt_sdk_win_64/winavr/bin/../lib/gcc/avr/4.3.3/avr5\libgcc.a(_ge_sf.o)
 .debug_loc     0x000004da       0x3c e:/disk/imt/0-material imtschool/material imtschool/00- tools/01- sdk/imt_sdk_win_64/imt_sdk_win_64/winavr/bin/../lib/gcc/avr/4.3.3/avr5\libgcc.a(_lt_sf.o)
 .debug_loc     0x00000516       0x7e e:/disk/imt/0-material imtschool/material imtschool/00- tools/01- sdk/imt_sdk_win_64/imt_sdk_win_64/winavr/bin/../lib/gcc/avr/4.3.3/avr5\libgcc.a(_sf_to_si.o)
 .debug_loc     0x00000594      0x13e e:/disk/imt/0-material imtschool/material imtschool/00- tools/01- sdk/imt_sdk_win_64/imt_sdk_win_64/winavr/bin/../lib/gcc/avr/4.3.3/avr5\libgcc.a(_pack_sf.o)
 .debug_loc     0x000006d2       0xac e:/disk/imt/0-material imtschool/material imtschool/00- tools/01- sdk/imt_sdk_win_64/imt_sdk_win_64/winavr/bin/../lib/gcc/avr/4.3.3/avr5\libgcc.a(_unpack_sf.o)
 .debug_loc     0x0000077e       0x50 e:/disk/imt/0-material imtschool/material imtschool/00- tools/01- sdk/imt_sdk_win_64/imt_sdk_win_64/winavr/bin/../lib/gcc/avr/4.3.3/avr5\libgcc.a(_fpcmp_parts_sf.o)

.debug_macinfo
 *(.debug_macinfo)
OUTPUT(TempAlarmingSystem.elf elf32-avr)
LOAD linker stubs

.debug_ranges   0x00000000       0x50
 .debug_ranges  0x00000000       0x50 e:/disk/imt/0-material imtschool/material imtschool/00- tools/01- sdk/imt_sdk_win_64/imt_sdk_win_64/winavr/bin/../lib/gcc/avr/4.3.3/avr5\libgcc.a(_mul_sf.o)
