Archive member included to satisfy reference by file (symbol)

c:/program files (x86)/atmel/studio/7.0/toolchain/avr8/avr8-gnu-toolchain/bin/../lib/gcc/avr/5.4.0/../../../../avr/lib/avr5\libm.a(fixunssfsi.o)
                              Src/sensors.o (__fixunssfsi)
c:/program files (x86)/atmel/studio/7.0/toolchain/avr8/avr8-gnu-toolchain/bin/../lib/gcc/avr/5.4.0/../../../../avr/lib/avr5\libm.a(floatsisf.o)
                              Src/sensors.o (__floatunsisf)
c:/program files (x86)/atmel/studio/7.0/toolchain/avr8/avr8-gnu-toolchain/bin/../lib/gcc/avr/5.4.0/../../../../avr/lib/avr5\libm.a(fp_split3.o)
                              c:/program files (x86)/atmel/studio/7.0/toolchain/avr8/avr8-gnu-toolchain/bin/../lib/gcc/avr/5.4.0/../../../../avr/lib/avr5\libm.a(fixunssfsi.o) (__fp_splitA)
c:/program files (x86)/atmel/studio/7.0/toolchain/avr8/avr8-gnu-toolchain/bin/../lib/gcc/avr/5.4.0/../../../../avr/lib/avr5\libm.a(fp_zero.o)
                              c:/program files (x86)/atmel/studio/7.0/toolchain/avr8/avr8-gnu-toolchain/bin/../lib/gcc/avr/5.4.0/../../../../avr/lib/avr5\libm.a(fixunssfsi.o) (__fp_zero)
c:/program files (x86)/atmel/studio/7.0/toolchain/avr8/avr8-gnu-toolchain/bin/../lib/gcc/avr/5.4.0/../../../../avr/lib/avr5\libm.a(mulsf3.o)
                              Src/sensors.o (__mulsf3)
c:/program files (x86)/atmel/studio/7.0/toolchain/avr8/avr8-gnu-toolchain/bin/../lib/gcc/avr/5.4.0/../../../../avr/lib/avr5\libm.a(mulsf3x.o)
                              c:/program files (x86)/atmel/studio/7.0/toolchain/avr8/avr8-gnu-toolchain/bin/../lib/gcc/avr/5.4.0/../../../../avr/lib/avr5\libm.a(mulsf3.o) (__mulsf3x)
c:/program files (x86)/atmel/studio/7.0/toolchain/avr8/avr8-gnu-toolchain/bin/../lib/gcc/avr/5.4.0/../../../../avr/lib/avr5\libm.a(fp_inf.o)
                              c:/program files (x86)/atmel/studio/7.0/toolchain/avr8/avr8-gnu-toolchain/bin/../lib/gcc/avr/5.4.0/../../../../avr/lib/avr5\libm.a(mulsf3x.o) (__fp_inf)
c:/program files (x86)/atmel/studio/7.0/toolchain/avr8/avr8-gnu-toolchain/bin/../lib/gcc/avr/5.4.0/../../../../avr/lib/avr5\libm.a(fp_nan.o)
                              c:/program files (x86)/atmel/studio/7.0/toolchain/avr8/avr8-gnu-toolchain/bin/../lib/gcc/avr/5.4.0/../../../../avr/lib/avr5\libm.a(mulsf3x.o) (__fp_nan)
c:/program files (x86)/atmel/studio/7.0/toolchain/avr8/avr8-gnu-toolchain/bin/../lib/gcc/avr/5.4.0/../../../../avr/lib/avr5\libm.a(fp_pscA.o)
                              c:/program files (x86)/atmel/studio/7.0/toolchain/avr8/avr8-gnu-toolchain/bin/../lib/gcc/avr/5.4.0/../../../../avr/lib/avr5\libm.a(mulsf3x.o) (__fp_pscA)
c:/program files (x86)/atmel/studio/7.0/toolchain/avr8/avr8-gnu-toolchain/bin/../lib/gcc/avr/5.4.0/../../../../avr/lib/avr5\libm.a(fp_pscB.o)
                              c:/program files (x86)/atmel/studio/7.0/toolchain/avr8/avr8-gnu-toolchain/bin/../lib/gcc/avr/5.4.0/../../../../avr/lib/avr5\libm.a(mulsf3x.o) (__fp_pscB)
c:/program files (x86)/atmel/studio/7.0/toolchain/avr8/avr8-gnu-toolchain/bin/../lib/gcc/avr/5.4.0/../../../../avr/lib/avr5\libm.a(fp_round.o)
                              c:/program files (x86)/atmel/studio/7.0/toolchain/avr8/avr8-gnu-toolchain/bin/../lib/gcc/avr/5.4.0/../../../../avr/lib/avr5\libm.a(mulsf3.o) (__fp_round)
c:/program files (x86)/atmel/studio/7.0/toolchain/avr8/avr8-gnu-toolchain/bin/../lib/gcc/avr/5.4.0/avr5\libgcc.a(_udivmodsi4.o)
                              Src/usart_driver.o (__udivmodsi4)
c:/program files (x86)/atmel/studio/7.0/toolchain/avr8/avr8-gnu-toolchain/bin/../lib/gcc/avr/5.4.0/avr5\libgcc.a(_divmodsi4.o)
                              FreeRTOS/Src/integer.o (__divmodsi4)
c:/program files (x86)/atmel/studio/7.0/toolchain/avr8/avr8-gnu-toolchain/bin/../lib/gcc/avr/5.4.0/avr5\libgcc.a(_negsi2.o)
                              c:/program files (x86)/atmel/studio/7.0/toolchain/avr8/avr8-gnu-toolchain/bin/../lib/gcc/avr/5.4.0/avr5\libgcc.a(_divmodsi4.o) (__negsi2)
c:/program files (x86)/atmel/studio/7.0/toolchain/avr8/avr8-gnu-toolchain/bin/../lib/gcc/avr/5.4.0/avr5\libgcc.a(_exit.o)
                              C:/Program Files (x86)/Atmel/Studio/7.0/Packs/atmel/ATmega_DFP/1.6.364/gcc/dev/atmega32/avr5/crtatmega32.o (exit)
c:/program files (x86)/atmel/studio/7.0/toolchain/avr8/avr8-gnu-toolchain/bin/../lib/gcc/avr/5.4.0/avr5\libgcc.a(_copy_data.o)
                              FreeRTOS/Src/integer.o (__do_copy_data)
c:/program files (x86)/atmel/studio/7.0/toolchain/avr8/avr8-gnu-toolchain/bin/../lib/gcc/avr/5.4.0/avr5\libgcc.a(_clear_bss.o)
                              FreeRTOS/Src/croutine.o (__do_clear_bss)
c:/program files (x86)/atmel/studio/7.0/toolchain/avr8/avr8-gnu-toolchain/bin/../lib/gcc/avr/5.4.0/avr5\libgcc.a(_umulhisi3.o)
                              Src/sensors.o (__umulhisi3)
c:/program files (x86)/atmel/studio/7.0/toolchain/avr8/avr8-gnu-toolchain/bin/../lib/gcc/avr/5.4.0/../../../../avr/lib/avr5\libc.a(atoi.o)
                              main.o (atoi)
c:/program files (x86)/atmel/studio/7.0/toolchain/avr8/avr8-gnu-toolchain/bin/../lib/gcc/avr/5.4.0/../../../../avr/lib/avr5\libc.a(memcpy.o)
                              FreeRTOS/Src/queue.o (memcpy)
c:/program files (x86)/atmel/studio/7.0/toolchain/avr8/avr8-gnu-toolchain/bin/../lib/gcc/avr/5.4.0/../../../../avr/lib/avr5\libc.a(itoa.o)
                              Src/lcd.o (itoa)
c:/program files (x86)/atmel/studio/7.0/toolchain/avr8/avr8-gnu-toolchain/bin/../lib/gcc/avr/5.4.0/../../../../avr/lib/avr5\libc.a(itoa_ncheck.o)
                              main.o (__itoa_ncheck)
c:/program files (x86)/atmel/studio/7.0/toolchain/avr8/avr8-gnu-toolchain/bin/../lib/gcc/avr/5.4.0/../../../../avr/lib/avr5\libc.a(mul10.o)
                              c:/program files (x86)/atmel/studio/7.0/toolchain/avr8/avr8-gnu-toolchain/bin/../lib/gcc/avr/5.4.0/../../../../avr/lib/avr5\libc.a(atoi.o) (__mulhi_const_10)
c:/program files (x86)/atmel/studio/7.0/toolchain/avr8/avr8-gnu-toolchain/bin/../lib/gcc/avr/5.4.0/../../../../avr/lib/avr5\libc.a(utoa_ncheck.o)
                              c:/program files (x86)/atmel/studio/7.0/toolchain/avr8/avr8-gnu-toolchain/bin/../lib/gcc/avr/5.4.0/../../../../avr/lib/avr5\libc.a(itoa_ncheck.o) (__utoa_common)
c:/program files (x86)/atmel/studio/7.0/toolchain/avr8/avr8-gnu-toolchain/bin/../lib/gcc/avr/5.4.0/../../../../avr/lib/avr5\libc.a(strrev.o)
                              c:/program files (x86)/atmel/studio/7.0/toolchain/avr8/avr8-gnu-toolchain/bin/../lib/gcc/avr/5.4.0/../../../../avr/lib/avr5\libc.a(utoa_ncheck.o) (strrev)

Allocating common symbols
Common symbol       size              file

bsCheck             0x2               main.o
SFS                 0x5               main.o
ebDisplayBits       0x2               main.o
Motors_State        0x3               main.o
ebControlBits       0x2               main.o

Discarded input sections

 .data          0x00000000        0x0 C:/Program Files (x86)/Atmel/Studio/7.0/Packs/atmel/ATmega_DFP/1.6.364/gcc/dev/atmega32/avr5/crtatmega32.o
 .bss           0x00000000        0x0 C:/Program Files (x86)/Atmel/Studio/7.0/Packs/atmel/ATmega_DFP/1.6.364/gcc/dev/atmega32/avr5/crtatmega32.o
 .text          0x00000000        0x0 FreeRTOS/Src/croutine.o
 .data          0x00000000        0x0 FreeRTOS/Src/croutine.o
 .bss           0x00000000        0x0 FreeRTOS/Src/croutine.o
 .text.prvInitialiseCoRoutineLists
                0x00000000       0x5e FreeRTOS/Src/croutine.o
 .text.prvCheckPendingReadyList
                0x00000000       0x6c FreeRTOS/Src/croutine.o
 .text.prvCheckDelayedList
                0x00000000      0x106 FreeRTOS/Src/croutine.o
 .text.xCoRoutineCreate
                0x00000000       0xba FreeRTOS/Src/croutine.o
 .text.vCoRoutineAddToDelayedList
                0x00000000       0x86 FreeRTOS/Src/croutine.o
 .text.vCoRoutineSchedule
                0x00000000       0xb0 FreeRTOS/Src/croutine.o
 .text.xCoRoutineRemoveFromEventList
                0x00000000       0x4c FreeRTOS/Src/croutine.o
 .bss.xPassedTicks
                0x00000000        0x2 FreeRTOS/Src/croutine.o
 .bss.xLastTickCount
                0x00000000        0x2 FreeRTOS/Src/croutine.o
 .bss.xCoRoutineTickCount
                0x00000000        0x2 FreeRTOS/Src/croutine.o
 .bss.uxTopCoRoutineReadyPriority
                0x00000000        0x1 FreeRTOS/Src/croutine.o
 .bss.pxCurrentCoRoutine
                0x00000000        0x2 FreeRTOS/Src/croutine.o
 .bss.xPendingReadyCoRoutineList
                0x00000000        0x9 FreeRTOS/Src/croutine.o
 .bss.pxOverflowDelayedCoRoutineList
                0x00000000        0x2 FreeRTOS/Src/croutine.o
 .bss.pxDelayedCoRoutineList
                0x00000000        0x2 FreeRTOS/Src/croutine.o
 .bss.xDelayedCoRoutineList2
                0x00000000        0x9 FreeRTOS/Src/croutine.o
 .bss.xDelayedCoRoutineList1
                0x00000000        0x9 FreeRTOS/Src/croutine.o
 .bss.pxReadyCoRoutineLists
                0x00000000       0x12 FreeRTOS/Src/croutine.o
 .debug_info    0x00000000      0x725 FreeRTOS/Src/croutine.o
 .debug_abbrev  0x00000000      0x1ec FreeRTOS/Src/croutine.o
 .debug_loc     0x00000000      0x3f0 FreeRTOS/Src/croutine.o
 .debug_aranges
                0x00000000       0x50 FreeRTOS/Src/croutine.o
 .debug_ranges  0x00000000       0x40 FreeRTOS/Src/croutine.o
 .debug_line    0x00000000      0x3c0 FreeRTOS/Src/croutine.o
 .debug_str     0x00000000      0x539 FreeRTOS/Src/croutine.o
 .comment       0x00000000       0x31 FreeRTOS/Src/croutine.o
 .debug_frame   0x00000000      0x100 FreeRTOS/Src/croutine.o
 .text          0x00000000        0x0 FreeRTOS/Src/event_groups.o
 .data          0x00000000        0x0 FreeRTOS/Src/event_groups.o
 .bss           0x00000000        0x0 FreeRTOS/Src/event_groups.o
 .text.xEventGroupGetBitsFromISR
                0x00000000        0x8 FreeRTOS/Src/event_groups.o
 .text.xEventGroupSync
                0x00000000       0xd6 FreeRTOS/Src/event_groups.o
 .text.vEventGroupDelete
                0x00000000       0x2e FreeRTOS/Src/event_groups.o
 .text.vEventGroupSetBitsCallback
                0x00000000        0x8 FreeRTOS/Src/event_groups.o
 .text.vEventGroupClearBitsCallback
                0x00000000        0x8 FreeRTOS/Src/event_groups.o
 .text          0x00000000        0x0 FreeRTOS/Src/heap_1.o
 .data          0x00000000        0x0 FreeRTOS/Src/heap_1.o
 .bss           0x00000000        0x0 FreeRTOS/Src/heap_1.o
 .text.vPortInitialiseBlocks
                0x00000000        0xa FreeRTOS/Src/heap_1.o
 .text.xPortGetFreeHeapSize
                0x00000000       0x12 FreeRTOS/Src/heap_1.o
 .text          0x00000000        0x0 FreeRTOS/Src/integer.o
 .data          0x00000000        0x0 FreeRTOS/Src/integer.o
 .bss           0x00000000        0x0 FreeRTOS/Src/integer.o
 .text.vCompeteingIntMathTask
                0x00000000       0xb8 FreeRTOS/Src/integer.o
 .rodata.str1.1
                0x00000000        0x8 FreeRTOS/Src/integer.o
 .text.vStartIntegerMathTasks
                0x00000000       0x5e FreeRTOS/Src/integer.o
 .text.xAreIntegerMathsTaskStillRunning
                0x00000000       0x2a FreeRTOS/Src/integer.o
 .bss.xTaskCheck
                0x00000000        0x1 FreeRTOS/Src/integer.o
 .debug_info    0x00000000      0x213 FreeRTOS/Src/integer.o
 .debug_abbrev  0x00000000      0x109 FreeRTOS/Src/integer.o
 .debug_loc     0x00000000      0x1e6 FreeRTOS/Src/integer.o
 .debug_aranges
                0x00000000       0x30 FreeRTOS/Src/integer.o
 .debug_ranges  0x00000000       0x20 FreeRTOS/Src/integer.o
 .debug_line    0x00000000      0x145 FreeRTOS/Src/integer.o
 .debug_str     0x00000000      0x24f FreeRTOS/Src/integer.o
 .comment       0x00000000       0x31 FreeRTOS/Src/integer.o
 .debug_frame   0x00000000       0x88 FreeRTOS/Src/integer.o
 .text          0x00000000        0x0 FreeRTOS/Src/list.o
 .data          0x00000000        0x0 FreeRTOS/Src/list.o
 .bss           0x00000000        0x0 FreeRTOS/Src/list.o
 .text          0x00000000        0x0 FreeRTOS/Src/PollQ.o
 .data          0x00000000        0x0 FreeRTOS/Src/PollQ.o
 .bss           0x00000000        0x0 FreeRTOS/Src/PollQ.o
 .text.vPolledQueueProducer
                0x00000000       0x66 FreeRTOS/Src/PollQ.o
 .text.vPolledQueueConsumer
                0x00000000       0x7c FreeRTOS/Src/PollQ.o
 .rodata.str1.1
                0x00000000       0x10 FreeRTOS/Src/PollQ.o
 .text.vStartPolledQueueTasks
                0x00000000       0x6c FreeRTOS/Src/PollQ.o
 .text.xArePollingQueuesStillRunning
                0x00000000       0x22 FreeRTOS/Src/PollQ.o
 .bss.xPolledQueue.2092
                0x00000000        0x2 FreeRTOS/Src/PollQ.o
 .bss.xPollingProducerCount
                0x00000000        0x1 FreeRTOS/Src/PollQ.o
 .bss.xPollingConsumerCount
                0x00000000        0x1 FreeRTOS/Src/PollQ.o
 .debug_info    0x00000000      0x3bd FreeRTOS/Src/PollQ.o
 .debug_abbrev  0x00000000      0x106 FreeRTOS/Src/PollQ.o
 .debug_loc     0x00000000      0x240 FreeRTOS/Src/PollQ.o
 .debug_aranges
                0x00000000       0x38 FreeRTOS/Src/PollQ.o
 .debug_ranges  0x00000000       0x28 FreeRTOS/Src/PollQ.o
 .debug_line    0x00000000      0x20b FreeRTOS/Src/PollQ.o
 .debug_str     0x00000000      0x30e FreeRTOS/Src/PollQ.o
 .comment       0x00000000       0x31 FreeRTOS/Src/PollQ.o
 .debug_frame   0x00000000       0x9c FreeRTOS/Src/PollQ.o
 .text          0x00000000        0x0 FreeRTOS/Src/port.o
 .data          0x00000000        0x0 FreeRTOS/Src/port.o
 .bss           0x00000000        0x0 FreeRTOS/Src/port.o
 .text.vPortEndScheduler
                0x00000000        0x2 FreeRTOS/Src/port.o
 .text          0x00000000        0x0 FreeRTOS/Src/queue.o
 .data          0x00000000        0x0 FreeRTOS/Src/queue.o
 .bss           0x00000000        0x0 FreeRTOS/Src/queue.o
 .text.xQueueGenericSendFromISR
                0x00000000       0x80 FreeRTOS/Src/queue.o
 .text.xQueueReceiveFromISR
                0x00000000       0x66 FreeRTOS/Src/queue.o
 .text.xQueuePeekFromISR
                0x00000000       0x2e FreeRTOS/Src/queue.o
 .text.uxQueueMessagesWaiting
                0x00000000       0x10 FreeRTOS/Src/queue.o
 .text.uxQueueSpacesAvailable
                0x00000000       0x16 FreeRTOS/Src/queue.o
 .text.uxQueueMessagesWaitingFromISR
                0x00000000        0x6 FreeRTOS/Src/queue.o
 .text.vQueueDelete
                0x00000000       0x1e FreeRTOS/Src/queue.o
 .text.xQueueIsQueueEmptyFromISR
                0x00000000       0x10 FreeRTOS/Src/queue.o
 .text.xQueueIsQueueFullFromISR
                0x00000000       0x12 FreeRTOS/Src/queue.o
 .text.xQueueCRSend
                0x00000000       0x80 FreeRTOS/Src/queue.o
 .text.xQueueCRReceive
                0x00000000       0x92 FreeRTOS/Src/queue.o
 .text.xQueueCRSendFromISR
                0x00000000       0x4c FreeRTOS/Src/queue.o
 .text.xQueueCRReceiveFromISR
                0x00000000       0x82 FreeRTOS/Src/queue.o
 .text          0x00000000        0x0 FreeRTOS/Src/tasks.o
 .data          0x00000000        0x0 FreeRTOS/Src/tasks.o
 .bss           0x00000000        0x0 FreeRTOS/Src/tasks.o
 .text.vTaskDelete
                0x00000000       0x8e FreeRTOS/Src/tasks.o
 .text.vTaskEndScheduler
                0x00000000        0xc FreeRTOS/Src/tasks.o
 .text.xTaskGetTickCount
                0x00000000       0x14 FreeRTOS/Src/tasks.o
 .text.xTaskGetTickCountFromISR
                0x00000000        0xa FreeRTOS/Src/tasks.o
 .text.uxTaskGetNumberOfTasks
                0x00000000        0x6 FreeRTOS/Src/tasks.o
 .text          0x00000000        0x0 main.o
 .data          0x00000000        0x0 main.o
 .bss           0x00000000        0x0 main.o
 .text.T_Indication
                0x00000000       0x4a main.o
 .text          0x00000000        0x0 Src/ADC_program.o
 .data          0x00000000        0x0 Src/ADC_program.o
 .bss           0x00000000        0x0 Src/ADC_program.o
 .text.ADC_u16GetDigitalValue_NonBlocking
                0x00000000       0x30 Src/ADC_program.o
 .text          0x00000000        0x0 Src/DIO_program.o
 .data          0x00000000        0x0 Src/DIO_program.o
 .bss           0x00000000        0x0 Src/DIO_program.o
 .text.DIO_u8GetPinValue
                0x00000000       0x72 Src/DIO_program.o
 .text.DIO_voidSetPortDirection
                0x00000000       0x20 Src/DIO_program.o
 .text.DIO_voidSetPortValue
                0x00000000       0x20 Src/DIO_program.o
 .text          0x00000000        0x0 Src/lcd.o
 .data          0x00000000        0x0 Src/lcd.o
 .bss           0x00000000        0x0 Src/lcd.o
 .text.LCD_displayStringRowColumn
                0x00000000       0x16 Src/lcd.o
 .text          0x00000000        0x0 Src/sensors.o
 .data          0x00000000        0x0 Src/sensors.o
 .bss           0x00000000        0x0 Src/sensors.o
 .text          0x00000000        0x0 Src/usart_driver.o
 .data          0x00000000        0x0 Src/usart_driver.o
 .bss           0x00000000        0x0 Src/usart_driver.o
 .text.usart_getc
                0x00000000        0x8 Src/usart_driver.o
 .text          0x00000000        0x0 c:/program files (x86)/atmel/studio/7.0/toolchain/avr8/avr8-gnu-toolchain/bin/../lib/gcc/avr/5.4.0/../../../../avr/lib/avr5\libm.a(fixunssfsi.o)
 .data          0x00000000        0x0 c:/program files (x86)/atmel/studio/7.0/toolchain/avr8/avr8-gnu-toolchain/bin/../lib/gcc/avr/5.4.0/../../../../avr/lib/avr5\libm.a(fixunssfsi.o)
 .bss           0x00000000        0x0 c:/program files (x86)/atmel/studio/7.0/toolchain/avr8/avr8-gnu-toolchain/bin/../lib/gcc/avr/5.4.0/../../../../avr/lib/avr5\libm.a(fixunssfsi.o)
 .text          0x00000000        0x0 c:/program files (x86)/atmel/studio/7.0/toolchain/avr8/avr8-gnu-toolchain/bin/../lib/gcc/avr/5.4.0/../../../../avr/lib/avr5\libm.a(floatsisf.o)
 .data          0x00000000        0x0 c:/program files (x86)/atmel/studio/7.0/toolchain/avr8/avr8-gnu-toolchain/bin/../lib/gcc/avr/5.4.0/../../../../avr/lib/avr5\libm.a(floatsisf.o)
 .bss           0x00000000        0x0 c:/program files (x86)/atmel/studio/7.0/toolchain/avr8/avr8-gnu-toolchain/bin/../lib/gcc/avr/5.4.0/../../../../avr/lib/avr5\libm.a(floatsisf.o)
 .text          0x00000000        0x0 c:/program files (x86)/atmel/studio/7.0/toolchain/avr8/avr8-gnu-toolchain/bin/../lib/gcc/avr/5.4.0/../../../../avr/lib/avr5\libm.a(fp_split3.o)
 .data          0x00000000        0x0 c:/program files (x86)/atmel/studio/7.0/toolchain/avr8/avr8-gnu-toolchain/bin/../lib/gcc/avr/5.4.0/../../../../avr/lib/avr5\libm.a(fp_split3.o)
 .bss           0x00000000        0x0 c:/program files (x86)/atmel/studio/7.0/toolchain/avr8/avr8-gnu-toolchain/bin/../lib/gcc/avr/5.4.0/../../../../avr/lib/avr5\libm.a(fp_split3.o)
 .text          0x00000000        0x0 c:/program files (x86)/atmel/studio/7.0/toolchain/avr8/avr8-gnu-toolchain/bin/../lib/gcc/avr/5.4.0/../../../../avr/lib/avr5\libm.a(fp_zero.o)
 .data          0x00000000        0x0 c:/program files (x86)/atmel/studio/7.0/toolchain/avr8/avr8-gnu-toolchain/bin/../lib/gcc/avr/5.4.0/../../../../avr/lib/avr5\libm.a(fp_zero.o)
 .bss           0x00000000        0x0 c:/program files (x86)/atmel/studio/7.0/toolchain/avr8/avr8-gnu-toolchain/bin/../lib/gcc/avr/5.4.0/../../../../avr/lib/avr5\libm.a(fp_zero.o)
 .text          0x00000000        0x0 c:/program files (x86)/atmel/studio/7.0/toolchain/avr8/avr8-gnu-toolchain/bin/../lib/gcc/avr/5.4.0/../../../../avr/lib/avr5\libm.a(mulsf3.o)
 .data          0x00000000        0x0 c:/program files (x86)/atmel/studio/7.0/toolchain/avr8/avr8-gnu-toolchain/bin/../lib/gcc/avr/5.4.0/../../../../avr/lib/avr5\libm.a(mulsf3.o)
 .bss           0x00000000        0x0 c:/program files (x86)/atmel/studio/7.0/toolchain/avr8/avr8-gnu-toolchain/bin/../lib/gcc/avr/5.4.0/../../../../avr/lib/avr5\libm.a(mulsf3.o)
 .text          0x00000000        0x0 c:/program files (x86)/atmel/studio/7.0/toolchain/avr8/avr8-gnu-toolchain/bin/../lib/gcc/avr/5.4.0/../../../../avr/lib/avr5\libm.a(mulsf3x.o)
 .data          0x00000000        0x0 c:/program files (x86)/atmel/studio/7.0/toolchain/avr8/avr8-gnu-toolchain/bin/../lib/gcc/avr/5.4.0/../../../../avr/lib/avr5\libm.a(mulsf3x.o)
 .bss           0x00000000        0x0 c:/program files (x86)/atmel/studio/7.0/toolchain/avr8/avr8-gnu-toolchain/bin/../lib/gcc/avr/5.4.0/../../../../avr/lib/avr5\libm.a(mulsf3x.o)
 .text          0x00000000        0x0 c:/program files (x86)/atmel/studio/7.0/toolchain/avr8/avr8-gnu-toolchain/bin/../lib/gcc/avr/5.4.0/../../../../avr/lib/avr5\libm.a(fp_inf.o)
 .data          0x00000000        0x0 c:/program files (x86)/atmel/studio/7.0/toolchain/avr8/avr8-gnu-toolchain/bin/../lib/gcc/avr/5.4.0/../../../../avr/lib/avr5\libm.a(fp_inf.o)
 .bss           0x00000000        0x0 c:/program files (x86)/atmel/studio/7.0/toolchain/avr8/avr8-gnu-toolchain/bin/../lib/gcc/avr/5.4.0/../../../../avr/lib/avr5\libm.a(fp_inf.o)
 .text          0x00000000        0x0 c:/program files (x86)/atmel/studio/7.0/toolchain/avr8/avr8-gnu-toolchain/bin/../lib/gcc/avr/5.4.0/../../../../avr/lib/avr5\libm.a(fp_nan.o)
 .data          0x00000000        0x0 c:/program files (x86)/atmel/studio/7.0/toolchain/avr8/avr8-gnu-toolchain/bin/../lib/gcc/avr/5.4.0/../../../../avr/lib/avr5\libm.a(fp_nan.o)
 .bss           0x00000000        0x0 c:/program files (x86)/atmel/studio/7.0/toolchain/avr8/avr8-gnu-toolchain/bin/../lib/gcc/avr/5.4.0/../../../../avr/lib/avr5\libm.a(fp_nan.o)
 .text          0x00000000        0x0 c:/program files (x86)/atmel/studio/7.0/toolchain/avr8/avr8-gnu-toolchain/bin/../lib/gcc/avr/5.4.0/../../../../avr/lib/avr5\libm.a(fp_pscA.o)
 .data          0x00000000        0x0 c:/program files (x86)/atmel/studio/7.0/toolchain/avr8/avr8-gnu-toolchain/bin/../lib/gcc/avr/5.4.0/../../../../avr/lib/avr5\libm.a(fp_pscA.o)
 .bss           0x00000000        0x0 c:/program files (x86)/atmel/studio/7.0/toolchain/avr8/avr8-gnu-toolchain/bin/../lib/gcc/avr/5.4.0/../../../../avr/lib/avr5\libm.a(fp_pscA.o)
 .text          0x00000000        0x0 c:/program files (x86)/atmel/studio/7.0/toolchain/avr8/avr8-gnu-toolchain/bin/../lib/gcc/avr/5.4.0/../../../../avr/lib/avr5\libm.a(fp_pscB.o)
 .data          0x00000000        0x0 c:/program files (x86)/atmel/studio/7.0/toolchain/avr8/avr8-gnu-toolchain/bin/../lib/gcc/avr/5.4.0/../../../../avr/lib/avr5\libm.a(fp_pscB.o)
 .bss           0x00000000        0x0 c:/program files (x86)/atmel/studio/7.0/toolchain/avr8/avr8-gnu-toolchain/bin/../lib/gcc/avr/5.4.0/../../../../avr/lib/avr5\libm.a(fp_pscB.o)
 .text          0x00000000        0x0 c:/program files (x86)/atmel/studio/7.0/toolchain/avr8/avr8-gnu-toolchain/bin/../lib/gcc/avr/5.4.0/../../../../avr/lib/avr5\libm.a(fp_round.o)
 .data          0x00000000        0x0 c:/program files (x86)/atmel/studio/7.0/toolchain/avr8/avr8-gnu-toolchain/bin/../lib/gcc/avr/5.4.0/../../../../avr/lib/avr5\libm.a(fp_round.o)
 .bss           0x00000000        0x0 c:/program files (x86)/atmel/studio/7.0/toolchain/avr8/avr8-gnu-toolchain/bin/../lib/gcc/avr/5.4.0/../../../../avr/lib/avr5\libm.a(fp_round.o)
 .text          0x00000000        0x0 c:/program files (x86)/atmel/studio/7.0/toolchain/avr8/avr8-gnu-toolchain/bin/../lib/gcc/avr/5.4.0/avr5\libgcc.a(_udivmodsi4.o)
 .data          0x00000000        0x0 c:/program files (x86)/atmel/studio/7.0/toolchain/avr8/avr8-gnu-toolchain/bin/../lib/gcc/avr/5.4.0/avr5\libgcc.a(_udivmodsi4.o)
 .bss           0x00000000        0x0 c:/program files (x86)/atmel/studio/7.0/toolchain/avr8/avr8-gnu-toolchain/bin/../lib/gcc/avr/5.4.0/avr5\libgcc.a(_udivmodsi4.o)
 .text.libgcc.mul
                0x00000000        0x0 c:/program files (x86)/atmel/studio/7.0/toolchain/avr8/avr8-gnu-toolchain/bin/../lib/gcc/avr/5.4.0/avr5\libgcc.a(_udivmodsi4.o)
 .text.libgcc   0x00000000        0x0 c:/program files (x86)/atmel/studio/7.0/toolchain/avr8/avr8-gnu-toolchain/bin/../lib/gcc/avr/5.4.0/avr5\libgcc.a(_udivmodsi4.o)
 .text.libgcc.prologue
                0x00000000        0x0 c:/program files (x86)/atmel/studio/7.0/toolchain/avr8/avr8-gnu-toolchain/bin/../lib/gcc/avr/5.4.0/avr5\libgcc.a(_udivmodsi4.o)
 .text.libgcc.builtins
                0x00000000        0x0 c:/program files (x86)/atmel/studio/7.0/toolchain/avr8/avr8-gnu-toolchain/bin/../lib/gcc/avr/5.4.0/avr5\libgcc.a(_udivmodsi4.o)
 .text.libgcc.fmul
                0x00000000        0x0 c:/program files (x86)/atmel/studio/7.0/toolchain/avr8/avr8-gnu-toolchain/bin/../lib/gcc/avr/5.4.0/avr5\libgcc.a(_udivmodsi4.o)
 .text.libgcc.fixed
                0x00000000        0x0 c:/program files (x86)/atmel/studio/7.0/toolchain/avr8/avr8-gnu-toolchain/bin/../lib/gcc/avr/5.4.0/avr5\libgcc.a(_udivmodsi4.o)
 .text          0x00000000        0x0 c:/program files (x86)/atmel/studio/7.0/toolchain/avr8/avr8-gnu-toolchain/bin/../lib/gcc/avr/5.4.0/avr5\libgcc.a(_divmodsi4.o)
 .data          0x00000000        0x0 c:/program files (x86)/atmel/studio/7.0/toolchain/avr8/avr8-gnu-toolchain/bin/../lib/gcc/avr/5.4.0/avr5\libgcc.a(_divmodsi4.o)
 .bss           0x00000000        0x0 c:/program files (x86)/atmel/studio/7.0/toolchain/avr8/avr8-gnu-toolchain/bin/../lib/gcc/avr/5.4.0/avr5\libgcc.a(_divmodsi4.o)
 .text.libgcc.mul
                0x00000000        0x0 c:/program files (x86)/atmel/studio/7.0/toolchain/avr8/avr8-gnu-toolchain/bin/../lib/gcc/avr/5.4.0/avr5\libgcc.a(_divmodsi4.o)
 .text.libgcc.div
                0x00000000       0x2e c:/program files (x86)/atmel/studio/7.0/toolchain/avr8/avr8-gnu-toolchain/bin/../lib/gcc/avr/5.4.0/avr5\libgcc.a(_divmodsi4.o)
 .text.libgcc   0x00000000        0x0 c:/program files (x86)/atmel/studio/7.0/toolchain/avr8/avr8-gnu-toolchain/bin/../lib/gcc/avr/5.4.0/avr5\libgcc.a(_divmodsi4.o)
 .text.libgcc.prologue
                0x00000000        0x0 c:/program files (x86)/atmel/studio/7.0/toolchain/avr8/avr8-gnu-toolchain/bin/../lib/gcc/avr/5.4.0/avr5\libgcc.a(_divmodsi4.o)
 .text.libgcc.builtins
                0x00000000        0x0 c:/program files (x86)/atmel/studio/7.0/toolchain/avr8/avr8-gnu-toolchain/bin/../lib/gcc/avr/5.4.0/avr5\libgcc.a(_divmodsi4.o)
 .text.libgcc.fmul
                0x00000000        0x0 c:/program files (x86)/atmel/studio/7.0/toolchain/avr8/avr8-gnu-toolchain/bin/../lib/gcc/avr/5.4.0/avr5\libgcc.a(_divmodsi4.o)
 .text.libgcc.fixed
                0x00000000        0x0 c:/program files (x86)/atmel/studio/7.0/toolchain/avr8/avr8-gnu-toolchain/bin/../lib/gcc/avr/5.4.0/avr5\libgcc.a(_divmodsi4.o)
 .text          0x00000000        0x0 c:/program files (x86)/atmel/studio/7.0/toolchain/avr8/avr8-gnu-toolchain/bin/../lib/gcc/avr/5.4.0/avr5\libgcc.a(_negsi2.o)
 .data          0x00000000        0x0 c:/program files (x86)/atmel/studio/7.0/toolchain/avr8/avr8-gnu-toolchain/bin/../lib/gcc/avr/5.4.0/avr5\libgcc.a(_negsi2.o)
 .bss           0x00000000        0x0 c:/program files (x86)/atmel/studio/7.0/toolchain/avr8/avr8-gnu-toolchain/bin/../lib/gcc/avr/5.4.0/avr5\libgcc.a(_negsi2.o)
 .text.libgcc.mul
                0x00000000        0x0 c:/program files (x86)/atmel/studio/7.0/toolchain/avr8/avr8-gnu-toolchain/bin/../lib/gcc/avr/5.4.0/avr5\libgcc.a(_negsi2.o)
 .text.libgcc.div
                0x00000000       0x10 c:/program files (x86)/atmel/studio/7.0/toolchain/avr8/avr8-gnu-toolchain/bin/../lib/gcc/avr/5.4.0/avr5\libgcc.a(_negsi2.o)
 .text.libgcc   0x00000000        0x0 c:/program files (x86)/atmel/studio/7.0/toolchain/avr8/avr8-gnu-toolchain/bin/../lib/gcc/avr/5.4.0/avr5\libgcc.a(_negsi2.o)
 .text.libgcc.prologue
                0x00000000        0x0 c:/program files (x86)/atmel/studio/7.0/toolchain/avr8/avr8-gnu-toolchain/bin/../lib/gcc/avr/5.4.0/avr5\libgcc.a(_negsi2.o)
 .text.libgcc.builtins
                0x00000000        0x0 c:/program files (x86)/atmel/studio/7.0/toolchain/avr8/avr8-gnu-toolchain/bin/../lib/gcc/avr/5.4.0/avr5\libgcc.a(_negsi2.o)
 .text.libgcc.fmul
                0x00000000        0x0 c:/program files (x86)/atmel/studio/7.0/toolchain/avr8/avr8-gnu-toolchain/bin/../lib/gcc/avr/5.4.0/avr5\libgcc.a(_negsi2.o)
 .text.libgcc.fixed
                0x00000000        0x0 c:/program files (x86)/atmel/studio/7.0/toolchain/avr8/avr8-gnu-toolchain/bin/../lib/gcc/avr/5.4.0/avr5\libgcc.a(_negsi2.o)
 .text          0x00000000        0x0 c:/program files (x86)/atmel/studio/7.0/toolchain/avr8/avr8-gnu-toolchain/bin/../lib/gcc/avr/5.4.0/avr5\libgcc.a(_exit.o)
 .data          0x00000000        0x0 c:/program files (x86)/atmel/studio/7.0/toolchain/avr8/avr8-gnu-toolchain/bin/../lib/gcc/avr/5.4.0/avr5\libgcc.a(_exit.o)
 .bss           0x00000000        0x0 c:/program files (x86)/atmel/studio/7.0/toolchain/avr8/avr8-gnu-toolchain/bin/../lib/gcc/avr/5.4.0/avr5\libgcc.a(_exit.o)
 .text.libgcc.mul
                0x00000000        0x0 c:/program files (x86)/atmel/studio/7.0/toolchain/avr8/avr8-gnu-toolchain/bin/../lib/gcc/avr/5.4.0/avr5\libgcc.a(_exit.o)
 .text.libgcc.div
                0x00000000        0x0 c:/program files (x86)/atmel/studio/7.0/toolchain/avr8/avr8-gnu-toolchain/bin/../lib/gcc/avr/5.4.0/avr5\libgcc.a(_exit.o)
 .text.libgcc   0x00000000        0x0 c:/program files (x86)/atmel/studio/7.0/toolchain/avr8/avr8-gnu-toolchain/bin/../lib/gcc/avr/5.4.0/avr5\libgcc.a(_exit.o)
 .text.libgcc.prologue
                0x00000000        0x0 c:/program files (x86)/atmel/studio/7.0/toolchain/avr8/avr8-gnu-toolchain/bin/../lib/gcc/avr/5.4.0/avr5\libgcc.a(_exit.o)
 .text.libgcc.builtins
                0x00000000        0x0 c:/program files (x86)/atmel/studio/7.0/toolchain/avr8/avr8-gnu-toolchain/bin/../lib/gcc/avr/5.4.0/avr5\libgcc.a(_exit.o)
 .text.libgcc.fmul
                0x00000000        0x0 c:/program files (x86)/atmel/studio/7.0/toolchain/avr8/avr8-gnu-toolchain/bin/../lib/gcc/avr/5.4.0/avr5\libgcc.a(_exit.o)
 .text.libgcc.fixed
                0x00000000        0x0 c:/program files (x86)/atmel/studio/7.0/toolchain/avr8/avr8-gnu-toolchain/bin/../lib/gcc/avr/5.4.0/avr5\libgcc.a(_exit.o)
 .text          0x00000000        0x0 c:/program files (x86)/atmel/studio/7.0/toolchain/avr8/avr8-gnu-toolchain/bin/../lib/gcc/avr/5.4.0/avr5\libgcc.a(_copy_data.o)
 .data          0x00000000        0x0 c:/program files (x86)/atmel/studio/7.0/toolchain/avr8/avr8-gnu-toolchain/bin/../lib/gcc/avr/5.4.0/avr5\libgcc.a(_copy_data.o)
 .bss           0x00000000        0x0 c:/program files (x86)/atmel/studio/7.0/toolchain/avr8/avr8-gnu-toolchain/bin/../lib/gcc/avr/5.4.0/avr5\libgcc.a(_copy_data.o)
 .text.libgcc.mul
                0x00000000        0x0 c:/program files (x86)/atmel/studio/7.0/toolchain/avr8/avr8-gnu-toolchain/bin/../lib/gcc/avr/5.4.0/avr5\libgcc.a(_copy_data.o)
 .text.libgcc.div
                0x00000000        0x0 c:/program files (x86)/atmel/studio/7.0/toolchain/avr8/avr8-gnu-toolchain/bin/../lib/gcc/avr/5.4.0/avr5\libgcc.a(_copy_data.o)
 .text.libgcc   0x00000000        0x0 c:/program files (x86)/atmel/studio/7.0/toolchain/avr8/avr8-gnu-toolchain/bin/../lib/gcc/avr/5.4.0/avr5\libgcc.a(_copy_data.o)
 .text.libgcc.prologue
                0x00000000        0x0 c:/program files (x86)/atmel/studio/7.0/toolchain/avr8/avr8-gnu-toolchain/bin/../lib/gcc/avr/5.4.0/avr5\libgcc.a(_copy_data.o)
 .text.libgcc.builtins
                0x00000000        0x0 c:/program files (x86)/atmel/studio/7.0/toolchain/avr8/avr8-gnu-toolchain/bin/../lib/gcc/avr/5.4.0/avr5\libgcc.a(_copy_data.o)
 .text.libgcc.fmul
                0x00000000        0x0 c:/program files (x86)/atmel/studio/7.0/toolchain/avr8/avr8-gnu-toolchain/bin/../lib/gcc/avr/5.4.0/avr5\libgcc.a(_copy_data.o)
 .text.libgcc.fixed
                0x00000000        0x0 c:/program files (x86)/atmel/studio/7.0/toolchain/avr8/avr8-gnu-toolchain/bin/../lib/gcc/avr/5.4.0/avr5\libgcc.a(_copy_data.o)
 .text          0x00000000        0x0 c:/program files (x86)/atmel/studio/7.0/toolchain/avr8/avr8-gnu-toolchain/bin/../lib/gcc/avr/5.4.0/avr5\libgcc.a(_clear_bss.o)
 .data          0x00000000        0x0 c:/program files (x86)/atmel/studio/7.0/toolchain/avr8/avr8-gnu-toolchain/bin/../lib/gcc/avr/5.4.0/avr5\libgcc.a(_clear_bss.o)
 .bss           0x00000000        0x0 c:/program files (x86)/atmel/studio/7.0/toolchain/avr8/avr8-gnu-toolchain/bin/../lib/gcc/avr/5.4.0/avr5\libgcc.a(_clear_bss.o)
 .text.libgcc.mul
                0x00000000        0x0 c:/program files (x86)/atmel/studio/7.0/toolchain/avr8/avr8-gnu-toolchain/bin/../lib/gcc/avr/5.4.0/avr5\libgcc.a(_clear_bss.o)
 .text.libgcc.div
                0x00000000        0x0 c:/program files (x86)/atmel/studio/7.0/toolchain/avr8/avr8-gnu-toolchain/bin/../lib/gcc/avr/5.4.0/avr5\libgcc.a(_clear_bss.o)
 .text.libgcc   0x00000000        0x0 c:/program files (x86)/atmel/studio/7.0/toolchain/avr8/avr8-gnu-toolchain/bin/../lib/gcc/avr/5.4.0/avr5\libgcc.a(_clear_bss.o)
 .text.libgcc.prologue
                0x00000000        0x0 c:/program files (x86)/atmel/studio/7.0/toolchain/avr8/avr8-gnu-toolchain/bin/../lib/gcc/avr/5.4.0/avr5\libgcc.a(_clear_bss.o)
 .text.libgcc.builtins
                0x00000000        0x0 c:/program files (x86)/atmel/studio/7.0/toolchain/avr8/avr8-gnu-toolchain/bin/../lib/gcc/avr/5.4.0/avr5\libgcc.a(_clear_bss.o)
 .text.libgcc.fmul
                0x00000000        0x0 c:/program files (x86)/atmel/studio/7.0/toolchain/avr8/avr8-gnu-toolchain/bin/../lib/gcc/avr/5.4.0/avr5\libgcc.a(_clear_bss.o)
 .text.libgcc.fixed
                0x00000000        0x0 c:/program files (x86)/atmel/studio/7.0/toolchain/avr8/avr8-gnu-toolchain/bin/../lib/gcc/avr/5.4.0/avr5\libgcc.a(_clear_bss.o)
 .text          0x00000000        0x0 c:/program files (x86)/atmel/studio/7.0/toolchain/avr8/avr8-gnu-toolchain/bin/../lib/gcc/avr/5.4.0/avr5\libgcc.a(_umulhisi3.o)
 .data          0x00000000        0x0 c:/program files (x86)/atmel/studio/7.0/toolchain/avr8/avr8-gnu-toolchain/bin/../lib/gcc/avr/5.4.0/avr5\libgcc.a(_umulhisi3.o)
 .bss           0x00000000        0x0 c:/program files (x86)/atmel/studio/7.0/toolchain/avr8/avr8-gnu-toolchain/bin/../lib/gcc/avr/5.4.0/avr5\libgcc.a(_umulhisi3.o)
 .text.libgcc.div
                0x00000000        0x0 c:/program files (x86)/atmel/studio/7.0/toolchain/avr8/avr8-gnu-toolchain/bin/../lib/gcc/avr/5.4.0/avr5\libgcc.a(_umulhisi3.o)
 .text.libgcc   0x00000000        0x0 c:/program files (x86)/atmel/studio/7.0/toolchain/avr8/avr8-gnu-toolchain/bin/../lib/gcc/avr/5.4.0/avr5\libgcc.a(_umulhisi3.o)
 .text.libgcc.prologue
                0x00000000        0x0 c:/program files (x86)/atmel/studio/7.0/toolchain/avr8/avr8-gnu-toolchain/bin/../lib/gcc/avr/5.4.0/avr5\libgcc.a(_umulhisi3.o)
 .text.libgcc.builtins
                0x00000000        0x0 c:/program files (x86)/atmel/studio/7.0/toolchain/avr8/avr8-gnu-toolchain/bin/../lib/gcc/avr/5.4.0/avr5\libgcc.a(_umulhisi3.o)
 .text.libgcc.fmul
                0x00000000        0x0 c:/program files (x86)/atmel/studio/7.0/toolchain/avr8/avr8-gnu-toolchain/bin/../lib/gcc/avr/5.4.0/avr5\libgcc.a(_umulhisi3.o)
 .text.libgcc.fixed
                0x00000000        0x0 c:/program files (x86)/atmel/studio/7.0/toolchain/avr8/avr8-gnu-toolchain/bin/../lib/gcc/avr/5.4.0/avr5\libgcc.a(_umulhisi3.o)
 .text          0x00000000        0x0 c:/program files (x86)/atmel/studio/7.0/toolchain/avr8/avr8-gnu-toolchain/bin/../lib/gcc/avr/5.4.0/../../../../avr/lib/avr5\libc.a(atoi.o)
 .data          0x00000000        0x0 c:/program files (x86)/atmel/studio/7.0/toolchain/avr8/avr8-gnu-toolchain/bin/../lib/gcc/avr/5.4.0/../../../../avr/lib/avr5\libc.a(atoi.o)
 .bss           0x00000000        0x0 c:/program files (x86)/atmel/studio/7.0/toolchain/avr8/avr8-gnu-toolchain/bin/../lib/gcc/avr/5.4.0/../../../../avr/lib/avr5\libc.a(atoi.o)
 .text          0x00000000        0x0 c:/program files (x86)/atmel/studio/7.0/toolchain/avr8/avr8-gnu-toolchain/bin/../lib/gcc/avr/5.4.0/../../../../avr/lib/avr5\libc.a(memcpy.o)
 .data          0x00000000        0x0 c:/program files (x86)/atmel/studio/7.0/toolchain/avr8/avr8-gnu-toolchain/bin/../lib/gcc/avr/5.4.0/../../../../avr/lib/avr5\libc.a(memcpy.o)
 .bss           0x00000000        0x0 c:/program files (x86)/atmel/studio/7.0/toolchain/avr8/avr8-gnu-toolchain/bin/../lib/gcc/avr/5.4.0/../../../../avr/lib/avr5\libc.a(memcpy.o)
 .text          0x00000000        0x0 c:/program files (x86)/atmel/studio/7.0/toolchain/avr8/avr8-gnu-toolchain/bin/../lib/gcc/avr/5.4.0/../../../../avr/lib/avr5\libc.a(itoa.o)
 .data          0x00000000        0x0 c:/program files (x86)/atmel/studio/7.0/toolchain/avr8/avr8-gnu-toolchain/bin/../lib/gcc/avr/5.4.0/../../../../avr/lib/avr5\libc.a(itoa.o)
 .bss           0x00000000        0x0 c:/program files (x86)/atmel/studio/7.0/toolchain/avr8/avr8-gnu-toolchain/bin/../lib/gcc/avr/5.4.0/../../../../avr/lib/avr5\libc.a(itoa.o)
 .text          0x00000000        0x0 c:/program files (x86)/atmel/studio/7.0/toolchain/avr8/avr8-gnu-toolchain/bin/../lib/gcc/avr/5.4.0/../../../../avr/lib/avr5\libc.a(itoa_ncheck.o)
 .data          0x00000000        0x0 c:/program files (x86)/atmel/studio/7.0/toolchain/avr8/avr8-gnu-toolchain/bin/../lib/gcc/avr/5.4.0/../../../../avr/lib/avr5\libc.a(itoa_ncheck.o)
 .bss           0x00000000        0x0 c:/program files (x86)/atmel/studio/7.0/toolchain/avr8/avr8-gnu-toolchain/bin/../lib/gcc/avr/5.4.0/../../../../avr/lib/avr5\libc.a(itoa_ncheck.o)
 .text          0x00000000        0x0 c:/program files (x86)/atmel/studio/7.0/toolchain/avr8/avr8-gnu-toolchain/bin/../lib/gcc/avr/5.4.0/../../../../avr/lib/avr5\libc.a(mul10.o)
 .data          0x00000000        0x0 c:/program files (x86)/atmel/studio/7.0/toolchain/avr8/avr8-gnu-toolchain/bin/../lib/gcc/avr/5.4.0/../../../../avr/lib/avr5\libc.a(mul10.o)
 .bss           0x00000000        0x0 c:/program files (x86)/atmel/studio/7.0/toolchain/avr8/avr8-gnu-toolchain/bin/../lib/gcc/avr/5.4.0/../../../../avr/lib/avr5\libc.a(mul10.o)
 .text          0x00000000        0x0 c:/program files (x86)/atmel/studio/7.0/toolchain/avr8/avr8-gnu-toolchain/bin/../lib/gcc/avr/5.4.0/../../../../avr/lib/avr5\libc.a(utoa_ncheck.o)
 .data          0x00000000        0x0 c:/program files (x86)/atmel/studio/7.0/toolchain/avr8/avr8-gnu-toolchain/bin/../lib/gcc/avr/5.4.0/../../../../avr/lib/avr5\libc.a(utoa_ncheck.o)
 .bss           0x00000000        0x0 c:/program files (x86)/atmel/studio/7.0/toolchain/avr8/avr8-gnu-toolchain/bin/../lib/gcc/avr/5.4.0/../../../../avr/lib/avr5\libc.a(utoa_ncheck.o)
 .text          0x00000000        0x0 c:/program files (x86)/atmel/studio/7.0/toolchain/avr8/avr8-gnu-toolchain/bin/../lib/gcc/avr/5.4.0/../../../../avr/lib/avr5\libc.a(strrev.o)
 .data          0x00000000        0x0 c:/program files (x86)/atmel/studio/7.0/toolchain/avr8/avr8-gnu-toolchain/bin/../lib/gcc/avr/5.4.0/../../../../avr/lib/avr5\libc.a(strrev.o)
 .bss           0x00000000        0x0 c:/program files (x86)/atmel/studio/7.0/toolchain/avr8/avr8-gnu-toolchain/bin/../lib/gcc/avr/5.4.0/../../../../avr/lib/avr5\libc.a(strrev.o)

Memory Configuration

Name             Origin             Length             Attributes
text             0x00000000         0x00008000         xr
data             0x00800060         0x00000800         rw !x
eeprom           0x00810000         0x00000400         rw !x
fuse             0x00820000         0x00000002         rw !x
lock             0x00830000         0x00000400         rw !x
signature        0x00840000         0x00000400         rw !x
user_signatures  0x00850000         0x00000400         rw !x
*default*        0x00000000         0xffffffff

Linker script and memory map

LOAD C:/Program Files (x86)/Atmel/Studio/7.0/Packs/atmel/ATmega_DFP/1.6.364/gcc/dev/atmega32/avr5/crtatmega32.o
LOAD FreeRTOS/Src/croutine.o
LOAD FreeRTOS/Src/event_groups.o
LOAD FreeRTOS/Src/heap_1.o
LOAD FreeRTOS/Src/integer.o
LOAD FreeRTOS/Src/list.o
LOAD FreeRTOS/Src/PollQ.o
LOAD FreeRTOS/Src/port.o
LOAD FreeRTOS/Src/queue.o
LOAD FreeRTOS/Src/tasks.o
LOAD main.o
LOAD Src/ADC_program.o
LOAD Src/DIO_program.o
LOAD Src/lcd.o
LOAD Src/sensors.o
LOAD Src/usart_driver.o
START GROUP
LOAD c:/program files (x86)/atmel/studio/7.0/toolchain/avr8/avr8-gnu-toolchain/bin/../lib/gcc/avr/5.4.0/../../../../avr/lib/avr5\libm.a
END GROUP
START GROUP
LOAD c:/program files (x86)/atmel/studio/7.0/toolchain/avr8/avr8-gnu-toolchain/bin/../lib/gcc/avr/5.4.0/avr5\libgcc.a
LOAD c:/program files (x86)/atmel/studio/7.0/toolchain/avr8/avr8-gnu-toolchain/bin/../lib/gcc/avr/5.4.0/../../../../avr/lib/avr5\libm.a
LOAD c:/program files (x86)/atmel/studio/7.0/toolchain/avr8/avr8-gnu-toolchain/bin/../lib/gcc/avr/5.4.0/../../../../avr/lib/avr5\libc.a
LOAD C:/Program Files (x86)/Atmel/Studio/7.0/Packs/atmel/ATmega_DFP/1.6.364/gcc/dev/atmega32/avr5\libatmega32.a
END GROUP
                0x00000000                __TEXT_REGION_ORIGIN__ = DEFINED (__TEXT_REGION_ORIGIN__)?__TEXT_REGION_ORIGIN__:0x0
                [0x00800060]                __DATA_REGION_ORIGIN__ = DEFINED (__DATA_REGION_ORIGIN__)?__DATA_REGION_ORIGIN__:0x800060
                [0x00008000]                __TEXT_REGION_LENGTH__ = DEFINED (__TEXT_REGION_LENGTH__)?__TEXT_REGION_LENGTH__:0x20000
                [0x00000800]                __DATA_REGION_LENGTH__ = DEFINED (__DATA_REGION_LENGTH__)?__DATA_REGION_LENGTH__:0xffa0
                [0x00000400]                __EEPROM_REGION_LENGTH__ = DEFINED (__EEPROM_REGION_LENGTH__)?__EEPROM_REGION_LENGTH__:0x10000
                [0x00000002]                __FUSE_REGION_LENGTH__ = DEFINED (__FUSE_REGION_LENGTH__)?__FUSE_REGION_LENGTH__:0x400
                0x00000400                __LOCK_REGION_LENGTH__ = DEFINED (__LOCK_REGION_LENGTH__)?__LOCK_REGION_LENGTH__:0x400
                0x00000400                __SIGNATURE_REGION_LENGTH__ = DEFINED (__SIGNATURE_REGION_LENGTH__)?__SIGNATURE_REGION_LENGTH__:0x400
                0x00000400                __USER_SIGNATURE_REGION_LENGTH__ = DEFINED (__USER_SIGNATURE_REGION_LENGTH__)?__USER_SIGNATURE_REGION_LENGTH__:0x400

.hash
 *(.hash)

.dynsym
 *(.dynsym)

.dynstr
 *(.dynstr)

.gnu.version
 *(.gnu.version)

.gnu.version_d
 *(.gnu.version_d)

.gnu.version_r
 *(.gnu.version_r)

.rel.init
 *(.rel.init)

.rela.init
 *(.rela.init)

.rel.text
 *(.rel.text)
 *(.rel.text.*)
 *(.rel.gnu.linkonce.t*)

.rela.text
 *(.rela.text)
 *(.rela.text.*)
 *(.rela.gnu.linkonce.t*)

.rel.fini
 *(.rel.fini)

.rela.fini
 *(.rela.fini)

.rel.rodata
 *(.rel.rodata)
 *(.rel.rodata.*)
 *(.rel.gnu.linkonce.r*)

.rela.rodata
 *(.rela.rodata)
 *(.rela.rodata.*)
 *(.rela.gnu.linkonce.r*)

.rel.data
 *(.rel.data)
 *(.rel.data.*)
 *(.rel.gnu.linkonce.d*)

.rela.data
 *(.rela.data)
 *(.rela.data.*)
 *(.rela.gnu.linkonce.d*)

.rel.ctors
 *(.rel.ctors)

.rela.ctors
 *(.rela.ctors)

.rel.dtors
 *(.rel.dtors)

.rela.dtors
 *(.rela.dtors)

.rel.got
 *(.rel.got)

.rela.got
 *(.rela.got)

.rel.bss
 *(.rel.bss)

.rela.bss
 *(.rela.bss)

.rel.plt
 *(.rel.plt)

.rela.plt
 *(.rela.plt)

.text           0x00000000     0x2708
 *(.vectors)
 .vectors       0x00000000       0x54 C:/Program Files (x86)/Atmel/Studio/7.0/Packs/atmel/ATmega_DFP/1.6.364/gcc/dev/atmega32/avr5/crtatmega32.o
                0x00000000                __vector_default
                0x00000000                __vectors
 *(.vectors)
 *(.progmem.gcc*)
                0x00000054                . = ALIGN (0x2)
                0x00000054                __trampolines_start = .
 *(.trampolines)
 .trampolines   0x00000054        0x0 linker stubs
 *(.trampolines*)
                0x00000054                __trampolines_end = .
 *libprintf_flt.a:*(.progmem.data)
 *libc.a:*(.progmem.data)
 *(.progmem*)
                0x00000054                . = ALIGN (0x2)
 *(.jumptables)
 *(.jumptables*)
 *(.lowtext)
 *(.lowtext*)
                0x00000054                __ctors_start = .
 *(.ctors)
                0x00000054                __ctors_end = .
                0x00000054                __dtors_start = .
 *(.dtors)
                0x00000054                __dtors_end = .
 SORT(*)(.ctors)
 SORT(*)(.dtors)
 *(.init0)
 .init0         0x00000054        0x0 C:/Program Files (x86)/Atmel/Studio/7.0/Packs/atmel/ATmega_DFP/1.6.364/gcc/dev/atmega32/avr5/crtatmega32.o
                0x00000054                __init
 *(.init0)
 *(.init1)
 *(.init1)
 *(.init2)
 .init2         0x00000054        0xc C:/Program Files (x86)/Atmel/Studio/7.0/Packs/atmel/ATmega_DFP/1.6.364/gcc/dev/atmega32/avr5/crtatmega32.o
 *(.init2)
 *(.init3)
 *(.init3)
 *(.init4)
 .init4         0x00000060       0x16 c:/program files (x86)/atmel/studio/7.0/toolchain/avr8/avr8-gnu-toolchain/bin/../lib/gcc/avr/5.4.0/avr5\libgcc.a(_copy_data.o)
                0x00000060                __do_copy_data
 .init4         0x00000076       0x10 c:/program files (x86)/atmel/studio/7.0/toolchain/avr8/avr8-gnu-toolchain/bin/../lib/gcc/avr/5.4.0/avr5\libgcc.a(_clear_bss.o)
                0x00000076                __do_clear_bss
 *(.init4)
 *(.init5)
 *(.init5)
 *(.init6)
 *(.init6)
 *(.init7)
 *(.init7)
 *(.init8)
 *(.init8)
 *(.init9)
 .init9         0x00000086        0x8 C:/Program Files (x86)/Atmel/Studio/7.0/Packs/atmel/ATmega_DFP/1.6.364/gcc/dev/atmega32/avr5/crtatmega32.o
 *(.init9)
 *(.text)
 .text          0x0000008e        0x4 C:/Program Files (x86)/Atmel/Studio/7.0/Packs/atmel/ATmega_DFP/1.6.364/gcc/dev/atmega32/avr5/crtatmega32.o
                0x0000008e                __vector_1
                0x0000008e                __vector_12
                0x0000008e                __bad_interrupt
                0x0000008e                __vector_6
                0x0000008e                __vector_3
                0x0000008e                __vector_11
                0x0000008e                __vector_13
                0x0000008e                __vector_17
                0x0000008e                __vector_19
                0x0000008e                __vector_5
                0x0000008e                __vector_4
                0x0000008e                __vector_9
                0x0000008e                __vector_2
                0x0000008e                __vector_15
                0x0000008e                __vector_8
                0x0000008e                __vector_14
                0x0000008e                __vector_10
                0x0000008e                __vector_16
                0x0000008e                __vector_18
                0x0000008e                __vector_20
                0x00000092                . = ALIGN (0x2)
 *(.text.*)
 .text.prvTestWaitCondition
                0x00000092       0x26 FreeRTOS/Src/event_groups.o
 .text.xEventGroupCreate
                0x000000b8       0x26 FreeRTOS/Src/event_groups.o
                0x000000b8                xEventGroupCreate
 .text.xEventGroupWaitBits
                0x000000de       0xe4 FreeRTOS/Src/event_groups.o
                0x000000de                xEventGroupWaitBits
 .text.xEventGroupClearBits
                0x000001c2       0x1e FreeRTOS/Src/event_groups.o
                0x000001c2                xEventGroupClearBits
 .text.xEventGroupSetBits
                0x000001e0       0xc8 FreeRTOS/Src/event_groups.o
                0x000001e0                xEventGroupSetBits
 .text.pvPortMalloc
                0x000002a8       0x6a FreeRTOS/Src/heap_1.o
                0x000002a8                pvPortMalloc
 .text.vPortFree
                0x00000312        0x2 FreeRTOS/Src/heap_1.o
                0x00000312                vPortFree
 .text.vListInitialise
                0x00000314       0x1c FreeRTOS/Src/list.o
                0x00000314                vListInitialise
 .text.vListInitialiseItem
                0x00000330        0x8 FreeRTOS/Src/list.o
                0x00000330                vListInitialiseItem
 .text.vListInsertEnd
                0x00000338       0x42 FreeRTOS/Src/list.o
                0x00000338                vListInsertEnd
 .text.vListInsert
                0x0000037a       0x62 FreeRTOS/Src/list.o
                0x0000037a                vListInsert
 .text.uxListRemove
                0x000003dc       0x4c FreeRTOS/Src/list.o
                0x000003dc                uxListRemove
 .text.prvSetupTimerInterrupt
                0x00000428       0x12 FreeRTOS/Src/port.o
 .text.pxPortInitialiseStack
                0x0000043a       0xd8 FreeRTOS/Src/port.o
                0x0000043a                pxPortInitialiseStack
 .text.xPortStartScheduler
                0x00000512       0x5e FreeRTOS/Src/port.o
                0x00000512                xPortStartScheduler
 .text.vPortYield
                0x00000570       0xb2 FreeRTOS/Src/port.o
                0x00000570                vPortYield
 .text.vPortYieldFromTick
                0x00000622       0xb8 FreeRTOS/Src/port.o
                0x00000622                vPortYieldFromTick
 .text.__vector_7
                0x000006da        0x6 FreeRTOS/Src/port.o
                0x000006da                __vector_7
 .text.prvIsQueueEmpty
                0x000006e0       0x1a FreeRTOS/Src/queue.o
 .text.prvIsQueueFull
                0x000006fa       0x1c FreeRTOS/Src/queue.o
 .text.prvCopyDataToQueue
                0x00000716       0x96 FreeRTOS/Src/queue.o
 .text.prvCopyDataFromQueue
                0x000007ac       0x34 FreeRTOS/Src/queue.o
 .text.prvUnlockQueue
                0x000007e0       0x6c FreeRTOS/Src/queue.o
 .text.xQueueGenericReset
                0x0000084c       0x8c FreeRTOS/Src/queue.o
                0x0000084c                xQueueGenericReset
 .text.xQueueGenericCreate
                0x000008d8       0x5c FreeRTOS/Src/queue.o
                0x000008d8                xQueueGenericCreate
 .text.xQueueGenericSend
                0x00000934      0x124 FreeRTOS/Src/queue.o
                0x00000934                xQueueGenericSend
 .text.xQueueGenericReceive
                0x00000a58      0x144 FreeRTOS/Src/queue.o
                0x00000a58                xQueueGenericReceive
 .text.prvResetNextTaskUnblockTime
                0x00000b9c       0x3e FreeRTOS/Src/tasks.o
 .text.prvAllocateTCBAndStack
                0x00000bda       0x50 FreeRTOS/Src/tasks.o
 .text.prvDeleteTCB
                0x00000c2a       0x1a FreeRTOS/Src/tasks.o
 .text.prvInitialiseTCBVariables
                0x00000c44       0x66 FreeRTOS/Src/tasks.o
 .text.prvInitialiseTaskLists
                0x00000caa       0x66 FreeRTOS/Src/tasks.o
 .text.prvAddCurrentTaskToDelayedList
                0x00000d10       0x6e FreeRTOS/Src/tasks.o
 .text.xTaskGenericCreate
                0x00000d7e      0x170 FreeRTOS/Src/tasks.o
                0x00000d7e                xTaskGenericCreate
 .text.vTaskStartScheduler
                0x00000eee       0x56 FreeRTOS/Src/tasks.o
                0x00000eee                vTaskStartScheduler
 .text.vTaskSuspendAll
                0x00000f44        0xc FreeRTOS/Src/tasks.o
                0x00000f44                vTaskSuspendAll
 .text.xTaskIncrementTick
                0x00000f50      0x178 FreeRTOS/Src/tasks.o
                0x00000f50                xTaskIncrementTick
 .text.xTaskResumeAll
                0x000010c8       0xe2 FreeRTOS/Src/tasks.o
                0x000010c8                xTaskResumeAll
 .text.vTaskDelay
                0x000011aa       0x44 FreeRTOS/Src/tasks.o
                0x000011aa                vTaskDelay
 .text.prvCheckTasksWaitingTermination
                0x000011ee       0x5c FreeRTOS/Src/tasks.o
 .text.prvIdleTask
                0x0000124a       0x12 FreeRTOS/Src/tasks.o
 .text.vTaskSwitchContext
                0x0000125c       0xb8 FreeRTOS/Src/tasks.o
                0x0000125c                vTaskSwitchContext
 .text.vTaskPlaceOnEventList
                0x00001314       0x3a FreeRTOS/Src/tasks.o
                0x00001314                vTaskPlaceOnEventList
 .text.vTaskPlaceOnUnorderedEventList
                0x0000134e       0x48 FreeRTOS/Src/tasks.o
                0x0000134e                vTaskPlaceOnUnorderedEventList
 .text.xTaskRemoveFromEventList
                0x00001396       0x90 FreeRTOS/Src/tasks.o
                0x00001396                xTaskRemoveFromEventList
 .text.xTaskRemoveFromUnorderedEventList
                0x00001426       0x74 FreeRTOS/Src/tasks.o
                0x00001426                xTaskRemoveFromUnorderedEventList
 .text.vTaskSetTimeOutState
                0x0000149a       0x16 FreeRTOS/Src/tasks.o
                0x0000149a                vTaskSetTimeOutState
 .text.xTaskCheckForTimeOut
                0x000014b0       0x64 FreeRTOS/Src/tasks.o
                0x000014b0                xTaskCheckForTimeOut
 .text.vTaskMissedYield
                0x00001514        0x8 FreeRTOS/Src/tasks.o
                0x00001514                vTaskMissedYield
 .text.uxTaskResetEventItemValue
                0x0000151c       0x2e FreeRTOS/Src/tasks.o
                0x0000151c                uxTaskResetEventItemValue
 .text.T_Control
                0x0000154a       0x98 main.o
                0x0000154a                T_Control
 .text.T_SysCheck
                0x000015e2       0xe4 main.o
                0x000015e2                T_SysCheck
 .text.T_Terminal
                0x000016c6      0x288 main.o
                0x000016c6                T_Terminal
 .text.T_Sensing
                0x0000194e       0x98 main.o
                0x0000194e                T_Sensing
 .text.T_Display
                0x000019e6      0x3ba main.o
                0x000019e6                T_Display
 .text.System_Init
                0x00001da0       0x76 main.o
                0x00001da0                System_Init
 .text.main     0x00001e16       0xce main.o
                0x00001e16                main
 .text.ADC_voidInit
                0x00001ee4       0x2c Src/ADC_program.o
                0x00001ee4                ADC_voidInit
 .text.ADC_u16GetDigitalValue
                0x00001f10       0x2c Src/ADC_program.o
                0x00001f10                ADC_u16GetDigitalValue
 .text.DIO_voidSetPinValue
                0x00001f3c       0xec Src/DIO_program.o
                0x00001f3c                DIO_voidSetPinValue
 .text.DIO_voidSetPinDirection
                0x00002028       0xec Src/DIO_program.o
                0x00002028                DIO_voidSetPinDirection
 .text.LCD_sendCommand
                0x00002114       0x4c Src/lcd.o
                0x00002114                LCD_sendCommand
 .text.LCD_init
                0x00002160       0x1e Src/lcd.o
                0x00002160                LCD_init
 .text.LCD_displayCharacter
                0x0000217e       0x4c Src/lcd.o
                0x0000217e                LCD_displayCharacter
 .text.LCD_displayString
                0x000021ca       0x26 Src/lcd.o
                0x000021ca                LCD_displayString
 .text.LCD_goToRowColumn
                0x000021f0       0x2e Src/lcd.o
                0x000021f0                LCD_goToRowColumn
 .text.LCD_intgerToString
                0x0000221e       0x30 Src/lcd.o
                0x0000221e                LCD_intgerToString
 .text.LCD_clearScreen
                0x0000224e        0x8 Src/lcd.o
                0x0000224e                LCD_clearScreen
 .text.TEMP_u16_Read
                0x00002256       0x48 Src/sensors.o
                0x00002256                TEMP_u16_Read
 .text.Humit_u16_Read
                0x0000229e       0x46 Src/sensors.o
                0x0000229e                Humit_u16_Read
 .text.usart_init
                0x000022e4       0x46 Src/usart_driver.o
                0x000022e4                usart_init
 .text.usart_getc_NonBlocking
                0x0000232a       0x12 Src/usart_driver.o
                0x0000232a                usart_getc_NonBlocking
 .text.usart_putc
                0x0000233c        0x8 Src/usart_driver.o
                0x0000233c                usart_putc
 .text.usart_puts
                0x00002344       0x2c Src/usart_driver.o
                0x00002344                usart_puts
 .text.avr-libc.fplib
                0x00002370       0x5e c:/program files (x86)/atmel/studio/7.0/toolchain/avr8/avr8-gnu-toolchain/bin/../lib/gcc/avr/5.4.0/../../../../avr/lib/avr5\libm.a(fixunssfsi.o)
                0x00002370                __fixunssfsi
 .text.avr-libc.fplib
                0x000023ce       0x7a c:/program files (x86)/atmel/studio/7.0/toolchain/avr8/avr8-gnu-toolchain/bin/../lib/gcc/avr/5.4.0/../../../../avr/lib/avr5\libm.a(floatsisf.o)
                0x000023ce                __floatunsisf
                0x000023d2                __floatsisf
 .text.avr-libc.fplib
                0x00002448       0x44 c:/program files (x86)/atmel/studio/7.0/toolchain/avr8/avr8-gnu-toolchain/bin/../lib/gcc/avr/5.4.0/../../../../avr/lib/avr5\libm.a(fp_split3.o)
                0x00002448                __fp_split3
                0x00002458                __fp_splitA
 .text.avr-libc.fplib
                0x0000248c        0xe c:/program files (x86)/atmel/studio/7.0/toolchain/avr8/avr8-gnu-toolchain/bin/../lib/gcc/avr/5.4.0/../../../../avr/lib/avr5\libm.a(fp_zero.o)
                0x0000248c                __fp_zero
                0x0000248e                __fp_szero
 .text.avr-libc.fplib
                0x0000249a        0x8 c:/program files (x86)/atmel/studio/7.0/toolchain/avr8/avr8-gnu-toolchain/bin/../lib/gcc/avr/5.4.0/../../../../avr/lib/avr5\libm.a(mulsf3.o)
                0x0000249a                __mulsf3
 .text.avr-libc.fplib
                0x000024a2       0xd2 c:/program files (x86)/atmel/studio/7.0/toolchain/avr8/avr8-gnu-toolchain/bin/../lib/gcc/avr/5.4.0/../../../../avr/lib/avr5\libm.a(mulsf3x.o)
                0x000024c0                __mulsf3x
                0x000024c6                __mulsf3_pse
 .text.avr-libc.fplib
                0x00002574        0xc c:/program files (x86)/atmel/studio/7.0/toolchain/avr8/avr8-gnu-toolchain/bin/../lib/gcc/avr/5.4.0/../../../../avr/lib/avr5\libm.a(fp_inf.o)
                0x00002574                __fp_inf
 .text.avr-libc.fplib
                0x00002580        0x6 c:/program files (x86)/atmel/studio/7.0/toolchain/avr8/avr8-gnu-toolchain/bin/../lib/gcc/avr/5.4.0/../../../../avr/lib/avr5\libm.a(fp_nan.o)
                0x00002580                __fp_nan
 .text.avr-libc.fplib
                0x00002586        0xe c:/program files (x86)/atmel/studio/7.0/toolchain/avr8/avr8-gnu-toolchain/bin/../lib/gcc/avr/5.4.0/../../../../avr/lib/avr5\libm.a(fp_pscA.o)
                0x00002586                __fp_pscA
 .text.avr-libc.fplib
                0x00002594        0xe c:/program files (x86)/atmel/studio/7.0/toolchain/avr8/avr8-gnu-toolchain/bin/../lib/gcc/avr/5.4.0/../../../../avr/lib/avr5\libm.a(fp_pscB.o)
                0x00002594                __fp_pscB
 .text.avr-libc.fplib
                0x000025a2       0x22 c:/program files (x86)/atmel/studio/7.0/toolchain/avr8/avr8-gnu-toolchain/bin/../lib/gcc/avr/5.4.0/../../../../avr/lib/avr5\libm.a(fp_round.o)
                0x000025a2                __fp_round
 .text.libgcc.div
                0x000025c4       0x44 c:/program files (x86)/atmel/studio/7.0/toolchain/avr8/avr8-gnu-toolchain/bin/../lib/gcc/avr/5.4.0/avr5\libgcc.a(_udivmodsi4.o)
                0x000025c4                __udivmodsi4
 .text.libgcc.mul
                0x00002608       0x1e c:/program files (x86)/atmel/studio/7.0/toolchain/avr8/avr8-gnu-toolchain/bin/../lib/gcc/avr/5.4.0/avr5\libgcc.a(_umulhisi3.o)
                0x00002608                __umulhisi3
 .text.avr-libc
                0x00002626       0x3c c:/program files (x86)/atmel/studio/7.0/toolchain/avr8/avr8-gnu-toolchain/bin/../lib/gcc/avr/5.4.0/../../../../avr/lib/avr5\libc.a(atoi.o)
                0x00002626                atoi
 .text.avr-libc
                0x00002662       0x12 c:/program files (x86)/atmel/studio/7.0/toolchain/avr8/avr8-gnu-toolchain/bin/../lib/gcc/avr/5.4.0/../../../../avr/lib/avr5\libc.a(memcpy.o)
                0x00002662                memcpy
 .text.avr-libc
                0x00002674       0x16 c:/program files (x86)/atmel/studio/7.0/toolchain/avr8/avr8-gnu-toolchain/bin/../lib/gcc/avr/5.4.0/../../../../avr/lib/avr5\libc.a(itoa.o)
                0x00002674                __itoa
                0x00002674                itoa
 .text.avr-libc
                0x0000268a       0x16 c:/program files (x86)/atmel/studio/7.0/toolchain/avr8/avr8-gnu-toolchain/bin/../lib/gcc/avr/5.4.0/../../../../avr/lib/avr5\libc.a(itoa_ncheck.o)
                0x0000268a                __itoa_ncheck
 .text.avr-libc
                0x000026a0       0x10 c:/program files (x86)/atmel/studio/7.0/toolchain/avr8/avr8-gnu-toolchain/bin/../lib/gcc/avr/5.4.0/../../../../avr/lib/avr5\libc.a(mul10.o)
                0x000026a0                __mulhi_const_10
 .text.avr-libc
                0x000026b0       0x34 c:/program files (x86)/atmel/studio/7.0/toolchain/avr8/avr8-gnu-toolchain/bin/../lib/gcc/avr/5.4.0/../../../../avr/lib/avr5\libc.a(utoa_ncheck.o)
                0x000026b0                __utoa_ncheck
                0x000026b2                __utoa_common
 .text.avr-libc
                0x000026e4       0x20 c:/program files (x86)/atmel/studio/7.0/toolchain/avr8/avr8-gnu-toolchain/bin/../lib/gcc/avr/5.4.0/../../../../avr/lib/avr5\libc.a(strrev.o)
                0x000026e4                strrev
                0x00002704                . = ALIGN (0x2)
 *(.fini9)
 .fini9         0x00002704        0x0 c:/program files (x86)/atmel/studio/7.0/toolchain/avr8/avr8-gnu-toolchain/bin/../lib/gcc/avr/5.4.0/avr5\libgcc.a(_exit.o)
                0x00002704                _exit
                0x00002704                exit
 *(.fini9)
 *(.fini8)
 *(.fini8)
 *(.fini7)
 *(.fini7)
 *(.fini6)
 *(.fini6)
 *(.fini5)
 *(.fini5)
 *(.fini4)
 *(.fini4)
 *(.fini3)
 *(.fini3)
 *(.fini2)
 *(.fini2)
 *(.fini1)
 *(.fini1)
 *(.fini0)
 .fini0         0x00002704        0x4 c:/program files (x86)/atmel/studio/7.0/toolchain/avr8/avr8-gnu-toolchain/bin/../lib/gcc/avr/5.4.0/avr5\libgcc.a(_exit.o)
 *(.fini0)
                0x00002708                _etext = .

.data           0x00800060       0xd2 load address 0x00002708
                0x00800060                PROVIDE (__data_start, .)
 *(.data)
 *(.data*)
 .data.xNextTaskUnblockTime
                0x00800060        0x2 FreeRTOS/Src/tasks.o
 *(.gnu.linkonce.d*)
 *(.rodata)
 *(.rodata*)
 .rodata.str1.1
                0x00800062        0x5 FreeRTOS/Src/tasks.o
 .rodata.str1.1
                0x00800067       0xcb main.o
                                 0xcf (size before relaxing)
 *(.gnu.linkonce.r*)
                0x00800132                . = ALIGN (0x2)
                0x00800132                _edata = .
                0x00800132                PROVIDE (__data_end, .)

.bss            0x00800132      0x4e0
                0x00800132                PROVIDE (__bss_start, .)
 *(.bss)
 *(.bss*)
 .bss.pucAlignedHeap.1980
                0x00800132        0x2 FreeRTOS/Src/heap_1.o
 .bss.xNextFreeByte
                0x00800134        0x2 FreeRTOS/Src/heap_1.o
 .bss.ucHeap    0x00800136      0x44c FreeRTOS/Src/heap_1.o
 .bss.uxSchedulerSuspended
                0x00800582        0x1 FreeRTOS/Src/tasks.o
 .bss.uxTaskNumber
                0x00800583        0x1 FreeRTOS/Src/tasks.o
 .bss.xNumOfOverflows
                0x00800584        0x1 FreeRTOS/Src/tasks.o
 .bss.xYieldPending
                0x00800585        0x1 FreeRTOS/Src/tasks.o
 .bss.uxPendedTicks
                0x00800586        0x1 FreeRTOS/Src/tasks.o
 .bss.xSchedulerRunning
                0x00800587        0x1 FreeRTOS/Src/tasks.o
 .bss.uxTopReadyPriority
                0x00800588        0x1 FreeRTOS/Src/tasks.o
 .bss.xTickCount
                0x00800589        0x2 FreeRTOS/Src/tasks.o
 .bss.uxCurrentNumberOfTasks
                0x0080058b        0x1 FreeRTOS/Src/tasks.o
 .bss.uxTasksDeleted
                0x0080058c        0x1 FreeRTOS/Src/tasks.o
 .bss.xTasksWaitingTermination
                0x0080058d        0x9 FreeRTOS/Src/tasks.o
 .bss.xPendingReadyList
                0x00800596        0x9 FreeRTOS/Src/tasks.o
 .bss.pxOverflowDelayedTaskList
                0x0080059f        0x2 FreeRTOS/Src/tasks.o
 .bss.pxDelayedTaskList
                0x008005a1        0x2 FreeRTOS/Src/tasks.o
 .bss.xDelayedTaskList2
                0x008005a3        0x9 FreeRTOS/Src/tasks.o
 .bss.xDelayedTaskList1
                0x008005ac        0x9 FreeRTOS/Src/tasks.o
 .bss.pxReadyTasksLists
                0x008005b5       0x48 FreeRTOS/Src/tasks.o
 .bss.pxCurrentTCB
                0x008005fd        0x2 FreeRTOS/Src/tasks.o
                0x008005fd                pxCurrentTCB
 .bss.ReceivingState.2419
                0x008005ff        0x1 main.o
 .bss.egDisplay
                0x00800600        0x2 main.o
                0x00800600                egDisplay
 .bss.egControl
                0x00800602        0x2 main.o
                0x00800602                egControl
 *(COMMON)
 COMMON         0x00800604        0xe main.o
                0x00800604                bsCheck
                0x00800606                SFS
                0x0080060b                ebDisplayBits
                0x0080060d                Motors_State
                0x00800610                ebControlBits
                0x00800612                PROVIDE (__bss_end, .)
                0x00002708                __data_load_start = LOADADDR (.data)
                0x000027da                __data_load_end = (__data_load_start + SIZEOF (.data))

.noinit         0x00800612        0x0
                [!provide]                PROVIDE (__noinit_start, .)
 *(.noinit*)
                [!provide]                PROVIDE (__noinit_end, .)
                0x00800612                _end = .
                [!provide]                PROVIDE (__heap_start, .)

.eeprom         0x00810000        0x0
 *(.eeprom*)
                0x00810000                __eeprom_end = .

.fuse
 *(.fuse)
 *(.lfuse)
 *(.hfuse)
 *(.efuse)

.lock
 *(.lock*)

.signature
 *(.signature*)

.user_signatures
 *(.user_signatures*)

.stab
 *(.stab)

.stabstr
 *(.stabstr)

.stab.excl
 *(.stab.excl)

.stab.exclstr
 *(.stab.exclstr)

.stab.index
 *(.stab.index)

.stab.indexstr
 *(.stab.indexstr)

.comment        0x00000000       0x30
 *(.comment)
 .comment       0x00000000       0x30 FreeRTOS/Src/event_groups.o
                                 0x31 (size before relaxing)
 .comment       0x00000030       0x31 FreeRTOS/Src/heap_1.o
 .comment       0x00000030       0x31 FreeRTOS/Src/list.o
 .comment       0x00000030       0x31 FreeRTOS/Src/port.o
 .comment       0x00000030       0x31 FreeRTOS/Src/queue.o
 .comment       0x00000030       0x31 FreeRTOS/Src/tasks.o
 .comment       0x00000030       0x31 main.o
 .comment       0x00000030       0x31 Src/ADC_program.o
 .comment       0x00000030       0x31 Src/DIO_program.o
 .comment       0x00000030       0x31 Src/lcd.o
 .comment       0x00000030       0x31 Src/sensors.o
 .comment       0x00000030       0x31 Src/usart_driver.o

.note.gnu.avr.deviceinfo
                0x00000000       0x3c
 .note.gnu.avr.deviceinfo
                0x00000000       0x3c C:/Program Files (x86)/Atmel/Studio/7.0/Packs/atmel/ATmega_DFP/1.6.364/gcc/dev/atmega32/avr5/crtatmega32.o

.note.gnu.build-id
 *(.note.gnu.build-id)

.debug
 *(.debug)

.line
 *(.line)

.debug_srcinfo
 *(.debug_srcinfo)

.debug_sfnames
 *(.debug_sfnames)

.debug_aranges  0x00000000      0x478
 *(.debug_aranges)
 .debug_aranges
                0x00000000       0x68 FreeRTOS/Src/event_groups.o
 .debug_aranges
                0x00000068       0x38 FreeRTOS/Src/heap_1.o
 .debug_aranges
                0x000000a0       0x40 FreeRTOS/Src/list.o
 .debug_aranges
                0x000000e0       0x50 FreeRTOS/Src/port.o
 .debug_aranges
                0x00000130       0xc8 FreeRTOS/Src/queue.o
 .debug_aranges
                0x000001f8       0xf8 FreeRTOS/Src/tasks.o
 .debug_aranges
                0x000002f0       0x58 main.o
 .debug_aranges
                0x00000348       0x30 Src/ADC_program.o
 .debug_aranges
                0x00000378       0x40 Src/DIO_program.o
 .debug_aranges
                0x000003b8       0x58 Src/lcd.o
 .debug_aranges
                0x00000410       0x28 Src/sensors.o
 .debug_aranges
                0x00000438       0x40 Src/usart_driver.o

.debug_pubnames
 *(.debug_pubnames)

.debug_info     0x00000000     0x5c30
 *(.debug_info .gnu.linkonce.wi.*)
 .debug_info    0x00000000      0x4e6 C:/Program Files (x86)/Atmel/Studio/7.0/Packs/atmel/ATmega_DFP/1.6.364/gcc/dev/atmega32/avr5/crtatmega32.o
 .debug_info    0x000004e6      0x8c3 FreeRTOS/Src/event_groups.o
 .debug_info    0x00000da9      0x1a4 FreeRTOS/Src/heap_1.o
 .debug_info    0x00000f4d      0x2c6 FreeRTOS/Src/list.o
 .debug_info    0x00001213      0x24e FreeRTOS/Src/port.o
 .debug_info    0x00001461     0x1188 FreeRTOS/Src/queue.o
 .debug_info    0x000025e9     0x120d FreeRTOS/Src/tasks.o
 .debug_info    0x000037f6     0x18e3 main.o
 .debug_info    0x000050d9      0x170 Src/ADC_program.o
 .debug_info    0x00005249      0x1a4 Src/DIO_program.o
 .debug_info    0x000053ed      0x535 Src/lcd.o
 .debug_info    0x00005922      0x152 Src/sensors.o
 .debug_info    0x00005a74      0x1bc Src/usart_driver.o

.debug_abbrev   0x00000000     0x16a9
 *(.debug_abbrev)
 .debug_abbrev  0x00000000      0x4a3 C:/Program Files (x86)/Atmel/Studio/7.0/Packs/atmel/ATmega_DFP/1.6.364/gcc/dev/atmega32/avr5/crtatmega32.o
 .debug_abbrev  0x000004a3      0x1d5 FreeRTOS/Src/event_groups.o
 .debug_abbrev  0x00000678      0x11c FreeRTOS/Src/heap_1.o
 .debug_abbrev  0x00000794       0xf8 FreeRTOS/Src/list.o
 .debug_abbrev  0x0000088c      0x143 FreeRTOS/Src/port.o
 .debug_abbrev  0x000009cf      0x221 FreeRTOS/Src/queue.o
 .debug_abbrev  0x00000bf0      0x282 FreeRTOS/Src/tasks.o
 .debug_abbrev  0x00000e72      0x2ee main.o
 .debug_abbrev  0x00001160      0x103 Src/ADC_program.o
 .debug_abbrev  0x00001263       0xa9 Src/DIO_program.o
 .debug_abbrev  0x0000130c      0x1b7 Src/lcd.o
 .debug_abbrev  0x000014c3       0xbf Src/sensors.o
 .debug_abbrev  0x00001582      0x127 Src/usart_driver.o

.debug_line     0x00000000     0x2ebf
 *(.debug_line .debug_line.* .debug_line_end)
 .debug_line    0x00000000      0x116 C:/Program Files (x86)/Atmel/Studio/7.0/Packs/atmel/ATmega_DFP/1.6.364/gcc/dev/atmega32/avr5/crtatmega32.o
 .debug_line    0x00000116      0x417 FreeRTOS/Src/event_groups.o
 .debug_line    0x0000052d      0x1ba FreeRTOS/Src/heap_1.o
 .debug_line    0x000006e7      0x1e6 FreeRTOS/Src/list.o
 .debug_line    0x000008cd      0x2b8 FreeRTOS/Src/port.o
 .debug_line    0x00000b85      0x995 FreeRTOS/Src/queue.o
 .debug_line    0x0000151a      0x9cc FreeRTOS/Src/tasks.o
 .debug_line    0x00001ee6      0x816 main.o
 .debug_line    0x000026fc      0x11e Src/ADC_program.o
 .debug_line    0x0000281a      0x1c7 Src/DIO_program.o
 .debug_line    0x000029e1      0x2c6 Src/lcd.o
 .debug_line    0x00002ca7       0x99 Src/sensors.o
 .debug_line    0x00002d40      0x17f Src/usart_driver.o

.debug_frame    0x00000000      0xbd0
 *(.debug_frame)
 .debug_frame   0x00000000      0x15c FreeRTOS/Src/event_groups.o
 .debug_frame   0x0000015c       0x60 FreeRTOS/Src/heap_1.o
 .debug_frame   0x000001bc       0x88 FreeRTOS/Src/list.o
 .debug_frame   0x00000244       0x84 FreeRTOS/Src/port.o
 .debug_frame   0x000002c8      0x2b0 FreeRTOS/Src/queue.o
 .debug_frame   0x00000578      0x354 FreeRTOS/Src/tasks.o
 .debug_frame   0x000008cc       0xd8 main.o
 .debug_frame   0x000009a4       0x44 Src/ADC_program.o
 .debug_frame   0x000009e8       0x64 Src/DIO_program.o
 .debug_frame   0x00000a4c       0xc0 Src/lcd.o
 .debug_frame   0x00000b0c       0x4c Src/sensors.o
 .debug_frame   0x00000b58       0x78 Src/usart_driver.o

.debug_str      0x00000000     0x168f
 *(.debug_str)
 .debug_str     0x00000000      0x196 C:/Program Files (x86)/Atmel/Studio/7.0/Packs/atmel/ATmega_DFP/1.6.364/gcc/dev/atmega32/avr5/crtatmega32.o
 .debug_str     0x00000196      0x50f FreeRTOS/Src/event_groups.o
                                0x589 (size before relaxing)
 .debug_str     0x000006a5       0x8c FreeRTOS/Src/heap_1.o
                                0x21f (size before relaxing)
 .debug_str     0x00000731       0x94 FreeRTOS/Src/list.o
                                0x2a5 (size before relaxing)
 .debug_str     0x000007c5      0x118 FreeRTOS/Src/port.o
                                0x2a7 (size before relaxing)
 .debug_str     0x000008dd      0x467 FreeRTOS/Src/queue.o
                                0x730 (size before relaxing)
 .debug_str     0x00000d44      0x465 FreeRTOS/Src/tasks.o
                                0x900 (size before relaxing)
 .debug_str     0x000011a9      0x2e3 main.o
                                0x557 (size before relaxing)
 .debug_str     0x0000148c       0x68 Src/ADC_program.o
                                0x1d7 (size before relaxing)
 .debug_str     0x000014f4       0xb3 Src/DIO_program.o
                                0x21d (size before relaxing)
 .debug_str     0x000015a7       0x85 Src/lcd.o
                                0x286 (size before relaxing)
 .debug_str     0x0000162c       0x26 Src/sensors.o
                                0x1b3 (size before relaxing)
 .debug_str     0x00001652       0x3d Src/usart_driver.o
                                0x20d (size before relaxing)

.debug_loc      0x00000000     0x4274
 *(.debug_loc)
 .debug_loc     0x00000000      0xb21 FreeRTOS/Src/event_groups.o
 .debug_loc     0x00000b21       0xf1 FreeRTOS/Src/heap_1.o
 .debug_loc     0x00000c12      0x145 FreeRTOS/Src/list.o
 .debug_loc     0x00000d57      0x2a0 FreeRTOS/Src/port.o
 .debug_loc     0x00000ff7     0x168a FreeRTOS/Src/queue.o
 .debug_loc     0x00002681     0x1039 FreeRTOS/Src/tasks.o
 .debug_loc     0x000036ba      0x245 main.o
 .debug_loc     0x000038ff       0x42 Src/ADC_program.o
 .debug_loc     0x00003941      0x264 Src/DIO_program.o
 .debug_loc     0x00003ba5      0x4a6 Src/lcd.o
 .debug_loc     0x0000404b      0x11a Src/sensors.o
 .debug_loc     0x00004165      0x10f Src/usart_driver.o

.debug_macinfo
 *(.debug_macinfo)

.debug_weaknames
 *(.debug_weaknames)

.debug_funcnames
 *(.debug_funcnames)

.debug_typenames
 *(.debug_typenames)

.debug_varnames
 *(.debug_varnames)

.debug_pubtypes
 *(.debug_pubtypes)

.debug_ranges   0x00000000      0x3e8
 *(.debug_ranges)
 .debug_ranges  0x00000000       0x70 FreeRTOS/Src/event_groups.o
 .debug_ranges  0x00000070       0x28 FreeRTOS/Src/heap_1.o
 .debug_ranges  0x00000098       0x30 FreeRTOS/Src/list.o
 .debug_ranges  0x000000c8       0x40 FreeRTOS/Src/port.o
 .debug_ranges  0x00000108       0xb8 FreeRTOS/Src/queue.o
 .debug_ranges  0x000001c0      0x100 FreeRTOS/Src/tasks.o
 .debug_ranges  0x000002c0       0x48 main.o
 .debug_ranges  0x00000308       0x20 Src/ADC_program.o
 .debug_ranges  0x00000328       0x30 Src/DIO_program.o
 .debug_ranges  0x00000358       0x48 Src/lcd.o
 .debug_ranges  0x000003a0       0x18 Src/sensors.o
 .debug_ranges  0x000003b8       0x30 Src/usart_driver.o

.debug_macro
 *(.debug_macro)
OUTPUT(SFS.elf elf32-avr)
LOAD linker stubs
